2026-09-17 16:46:09  grid: 100 runs planned, 0 already complete, 100 to run
2026-09-17 16:46:24  [1/100] elec2 xgb always_rebuild seed=0: 74 adaptations, 3,742,400 WU, acc 0.7420 (14s)
2026-09-17 16:46:33  [2/100] elec2 xgb mechanism_selector seed=0: 71 adaptations, 2,051,495 WU, acc 0.7126 (9s)
2026-09-17 16:46:38  [3/100] elec2 xgb fixed_schedule seed=0: 52 adaptations, 1,032,595 WU, acc 0.7360 (6s)
2026-09-17 16:46:44  [4/100] elec2 xgb always_nudge seed=0: 53 adaptations, 124,245 WU, acc 0.7220 (5s)
2026-09-17 16:46:46  [5/100] elec2 xgb never_adapt seed=0: 79 adaptations, 0 WU, acc 0.7069 (2s)
2026-09-17 16:47:01  [6/100] elec2 rf always_rebuild seed=0: 59 adaptations, 3,468,000 WU, acc 0.7388 (15s)
2026-09-17 16:47:12  [7/100] elec2 rf mechanism_selector seed=0: 52 adaptations, 1,737,105 WU, acc 0.6971 (10s)
2026-09-17 16:47:21  [8/100] elec2 rf fixed_schedule seed=0: 71 adaptations, 1,282,310 WU, acc 0.7385 (10s)
2026-09-17 16:47:28  [9/100] elec2 rf always_nudge seed=0: 74 adaptations, 148,895 WU, acc 0.7465 (6s)
2026-09-17 16:47:32  [10/100] elec2 rf never_adapt seed=0: 79 adaptations, 0 WU, acc 0.7115 (4s)
2026-09-17 16:47:34  [11/100] elec2 sgd always_rebuild seed=0: 61 adaptations, 2,279,084 WU, acc 0.6619 (2s)
2026-09-17 16:47:36  [12/100] elec2 sgd mechanism_selector seed=0: 52 adaptations, 759,753 WU, acc 0.6240 (2s)
2026-09-17 16:47:37  [13/100] elec2 sgd fixed_schedule seed=0: 55 adaptations, 580,910 WU, acc 0.6265 (2s)
2026-09-17 16:47:39  [14/100] elec2 sgd always_nudge seed=0: 64 adaptations, 26,580 WU, acc 0.6945 (2s)
2026-09-17 16:47:41  [15/100] elec2 sgd never_adapt seed=0: 81 adaptations, 0 WU, acc 0.6541 (2s)
2026-09-17 16:47:43  [16/100] elec2 gnb always_rebuild seed=0: 77 adaptations, 36,948 WU, acc 0.6811 (2s)
2026-09-17 16:47:45  [17/100] elec2 gnb mechanism_selector seed=0: 66 adaptations, 36,049 WU, acc 0.6727 (2s)
2026-09-17 16:47:47  [18/100] elec2 gnb fixed_schedule seed=0: 81 adaptations, 33,970 WU, acc 0.6893 (2s)
2026-09-17 16:47:48  [19/100] elec2 gnb always_nudge seed=0: 73 adaptations, 31,274 WU, acc 0.7051 (2s)
2026-09-17 16:47:50  [20/100] elec2 gnb never_adapt seed=0: 64 adaptations, 0 WU, acc 0.4805 (2s)
2026-09-17 16:48:07  [21/100] insects_abrupt xgb always_rebuild seed=0: 9 adaptations, 900,000 WU, acc 0.5604 (15s)
2026-09-17 16:48:17  [22/100] insects_abrupt xgb mechanism_selector seed=0: 11 adaptations, 476,575 WU, acc 0.4565 (10s)
2026-09-17 16:48:28  [23/100] insects_abrupt xgb fixed_schedule seed=0: 11 adaptations, 325,405 WU, acc 0.4943 (11s)
2026-09-17 16:48:37  [24/100] insects_abrupt xgb always_nudge seed=0: 10 adaptations, 40,000 WU, acc 0.5012 (9s)
2026-09-17 16:48:43  [25/100] insects_abrupt xgb never_adapt seed=0: 9 adaptations, 0 WU, acc 0.5618 (6s)
2026-09-17 16:48:52  [26/100] insects_abrupt rf always_rebuild seed=0: 10 adaptations, 986,400 WU, acc 0.5697 (9s)
2026-09-17 16:49:00  [27/100] insects_abrupt rf mechanism_selector seed=0: 10 adaptations, 740,800 WU, acc 0.4886 (8s)
2026-09-17 16:49:05  [28/100] insects_abrupt rf fixed_schedule seed=0: 9 adaptations, 236,800 WU, acc 0.3998 (6s)
2026-09-17 16:49:10  [29/100] insects_abrupt rf always_nudge seed=0: 8 adaptations, 30,045 WU, acc 0.5554 (5s)
2026-09-17 16:49:15  [30/100] insects_abrupt rf never_adapt seed=0: 9 adaptations, 0 WU, acc 0.5569 (5s)
2026-09-17 16:49:18  [31/100] insects_abrupt sgd always_rebuild seed=0: 10 adaptations, 1,915,448 WU, acc 0.2156 (3s)
2026-09-17 16:49:20  [32/100] insects_abrupt sgd mechanism_selector seed=0: 11 adaptations, 161,355 WU, acc 0.1960 (2s)
2026-09-17 16:49:23  [33/100] insects_abrupt sgd fixed_schedule seed=0: 9 adaptations, 2,117,800 WU, acc 0.2231 (3s)
2026-09-17 16:49:25  [34/100] insects_abrupt sgd always_nudge seed=0: 10 adaptations, 7,584 WU, acc 0.2116 (2s)
2026-09-17 16:49:27  [35/100] insects_abrupt sgd never_adapt seed=0: 11 adaptations, 0 WU, acc 0.1961 (2s)
2026-09-17 16:49:29  [36/100] insects_abrupt gnb always_rebuild seed=0: 10 adaptations, 9,384 WU, acc 0.5726 (2s)
2026-09-17 16:49:30  [37/100] insects_abrupt gnb mechanism_selector seed=0: 11 adaptations, 2,728 WU, acc 0.4052 (2s)
2026-09-17 16:49:32  [38/100] insects_abrupt gnb fixed_schedule seed=0: 11 adaptations, 9,086 WU, acc 0.4175 (2s)
2026-09-17 16:49:34  [39/100] insects_abrupt gnb always_nudge seed=0: 7 adaptations, 5,600 WU, acc 0.4889 (2s)
2026-09-17 16:49:35  [40/100] insects_abrupt gnb never_adapt seed=0: 8 adaptations, 0 WU, acc 0.4918 (2s)
2026-09-17 16:49:44  [41/100] insects_gradual xgb always_rebuild seed=0: 7 adaptations, 588,800 WU, acc 0.5131 (8s)
2026-09-17 16:49:51  [42/100] insects_gradual xgb mechanism_selector seed=0: 5 adaptations, 405,855 WU, acc 0.3899 (8s)
2026-09-17 16:49:57  [43/100] insects_gradual xgb fixed_schedule seed=0: 7 adaptations, 216,350 WU, acc 0.4339 (6s)
2026-09-17 16:50:01  [44/100] insects_gradual xgb always_nudge seed=0: 6 adaptations, 19,855 WU, acc 0.2843 (4s)
2026-09-17 16:50:04  [45/100] insects_gradual xgb never_adapt seed=0: 7 adaptations, 0 WU, acc 0.2783 (3s)
2026-09-17 16:50:09  [46/100] insects_gradual rf always_rebuild seed=0: 7 adaptations, 544,000 WU, acc 0.4913 (5s)
2026-09-17 16:50:14  [47/100] insects_gradual rf mechanism_selector seed=0: 7 adaptations, 454,460 WU, acc 0.4793 (5s)
2026-09-17 16:50:18  [48/100] insects_gradual rf fixed_schedule seed=0: 6 adaptations, 212,350 WU, acc 0.2833 (4s)
2026-09-17 16:50:21  [49/100] insects_gradual rf always_nudge seed=0: 7 adaptations, 21,390 WU, acc 0.2558 (3s)
2026-09-17 16:50:24  [50/100] insects_gradual rf never_adapt seed=0: 7 adaptations, 0 WU, acc 0.2571 (3s)
2026-09-17 16:50:27  [51/100] insects_gradual sgd always_rebuild seed=0: 6 adaptations, 3,454,000 WU, acc 0.2124 (2s)
2026-09-17 16:50:29  [52/100] insects_gradual sgd mechanism_selector seed=0: 6 adaptations, 800 WU, acc 0.1822 (2s)
2026-09-17 16:50:31  [53/100] insects_gradual sgd fixed_schedule seed=0: 7 adaptations, 1,095,677 WU, acc 0.2631 (2s)
2026-09-17 16:50:32  [54/100] insects_gradual sgd always_nudge seed=0: 5 adaptations, 3,916 WU, acc 0.2144 (2s)
2026-09-17 16:50:34  [55/100] insects_gradual sgd never_adapt seed=0: 6 adaptations, 0 WU, acc 0.1876 (2s)
2026-09-17 16:50:36  [56/100] insects_gradual gnb always_rebuild seed=0: 7 adaptations, 5,640 WU, acc 0.5756 (2s)
2026-09-17 16:50:37  [57/100] insects_gradual gnb mechanism_selector seed=0: 7 adaptations, 6,724 WU, acc 0.5656 (2s)
2026-09-17 16:50:39  [58/100] insects_gradual gnb fixed_schedule seed=0: 7 adaptations, 4,886 WU, acc 0.5222 (2s)
2026-09-17 16:50:41  [59/100] insects_gradual gnb always_nudge seed=0: 6 adaptations, 4,281 WU, acc 0.4596 (2s)
2026-09-17 16:50:42  [60/100] insects_gradual gnb never_adapt seed=0: 5 adaptations, 0 WU, acc 0.3416 (2s)
2026-09-17 16:50:57  [61/100] insects_incremental xgb always_rebuild seed=0: 5 adaptations, 500,000 WU, acc 0.6009 (13s)
2026-09-17 16:51:08  [62/100] insects_incremental xgb mechanism_selector seed=0: 4 adaptations, 316,000 WU, acc 0.5773 (11s)
2026-09-17 16:51:17  [63/100] insects_incremental xgb fixed_schedule seed=0: 5 adaptations, 116,000 WU, acc 0.5753 (9s)
2026-09-17 16:51:25  [64/100] insects_incremental xgb always_nudge seed=0: 5 adaptations, 20,000 WU, acc 0.5315 (8s)
2026-09-17 16:51:32  [65/100] insects_incremental xgb never_adapt seed=0: 3 adaptations, 0 WU, acc 0.2201 (6s)
2026-09-17 16:51:40  [66/100] insects_incremental rf always_rebuild seed=0: 7 adaptations, 700,000 WU, acc 0.6232 (8s)
2026-09-17 16:51:48  [67/100] insects_incremental rf mechanism_selector seed=0: 7 adaptations, 728,000 WU, acc 0.6232 (8s)
2026-09-17 16:51:53  [68/100] insects_incremental rf fixed_schedule seed=0: 4 adaptations, 112,000 WU, acc 0.4054 (5s)
2026-09-17 16:51:59  [69/100] insects_incremental rf always_nudge seed=0: 4 adaptations, 16,000 WU, acc 0.2373 (5s)
2026-09-17 16:52:04  [70/100] insects_incremental rf never_adapt seed=0: 4 adaptations, 0 WU, acc 0.2127 (5s)
2026-09-17 16:52:06  [71/100] insects_incremental sgd always_rebuild seed=0: 0 adaptations, 0 WU, acc 0.2356 (2s)
2026-09-17 16:52:08  [72/100] insects_incremental sgd mechanism_selector seed=0: 0 adaptations, 0 WU, acc 0.2356 (2s)
2026-09-17 16:52:10  [73/100] insects_incremental sgd fixed_schedule seed=0: 0 adaptations, 0 WU, acc 0.2356 (2s)
2026-09-17 16:52:12  [74/100] insects_incremental sgd always_nudge seed=0: 0 adaptations, 0 WU, acc 0.2356 (2s)
2026-09-17 16:52:14  [75/100] insects_incremental sgd never_adapt seed=0: 0 adaptations, 0 WU, acc 0.2356 (2s)
2026-09-17 16:52:16  [76/100] insects_incremental gnb always_rebuild seed=0: 5 adaptations, 5,000 WU, acc 0.5485 (2s)
2026-09-17 16:52:17  [77/100] insects_incremental gnb mechanism_selector seed=0: 5 adaptations, 7,000 WU, acc 0.5420 (2s)
2026-09-17 16:52:19  [78/100] insects_incremental gnb fixed_schedule seed=0: 5 adaptations, 4,200 WU, acc 0.5276 (2s)
2026-09-17 16:52:20  [79/100] insects_incremental gnb always_nudge seed=0: 4 adaptations, 3,200 WU, acc 0.3310 (2s)
2026-09-17 16:52:22  [80/100] insects_incremental gnb never_adapt seed=0: 5 adaptations, 0 WU, acc 0.2059 (2s)
2026-09-17 16:52:52  [81/100] covtype xgb always_rebuild seed=0: 92 adaptations, 6,721,600 WU, acc 0.9015 (29s)
2026-09-17 16:53:20  [82/100] covtype xgb mechanism_selector seed=0: 89 adaptations, 4,595,395 WU, acc 0.8892 (28s)
2026-09-17 16:53:27  [83/100] covtype xgb fixed_schedule seed=0: 8 adaptations, 139,410 WU, acc 0.0345 (6s)
2026-09-17 16:54:28  [84/100] covtype xgb always_nudge seed=0: 138 adaptations, 268,195 WU, acc 0.8425 (61s)
2026-09-17 16:54:37  [85/100] covtype xgb never_adapt seed=0: 114 adaptations, 0 WU, acc 0.8262 (9s)
2026-09-17 16:55:03  [86/100] covtype rf always_rebuild seed=0: 95 adaptations, 6,795,200 WU, acc 0.8983 (26s)
2026-09-17 16:55:34  [87/100] covtype rf mechanism_selector seed=0: 125 adaptations, 6,116,960 WU, acc 0.8663 (31s)
2026-09-17 16:55:55  [88/100] covtype rf fixed_schedule seed=0: 162 adaptations, 1,909,910 WU, acc 0.8685 (21s)
2026-09-17 16:56:15  [89/100] covtype rf always_nudge seed=0: 270 adaptations, 323,250 WU, acc 0.8327 (20s)
2026-09-17 16:56:26  [90/100] covtype rf never_adapt seed=0: 152 adaptations, 0 WU, acc 0.8227 (11s)
2026-09-17 16:57:05  [91/100] covtype sgd always_rebuild seed=0: 264 adaptations, 64,090,208 WU, acc 0.6562 (39s)
2026-09-17 16:57:27  [92/100] covtype sgd mechanism_selector seed=0: 251 adaptations, 31,659,946 WU, acc 0.7356 (22s)
2026-09-17 16:57:45  [93/100] covtype sgd fixed_schedule seed=0: 251 adaptations, 25,354,427 WU, acc 0.7446 (18s)
2026-09-17 16:57:51  [94/100] covtype sgd always_nudge seed=0: 308 adaptations, 59,950 WU, acc 0.7259 (6s)
2026-09-17 16:57:55  [95/100] covtype sgd never_adapt seed=0: 479 adaptations, 0 WU, acc 0.6454 (5s)
2026-09-17 16:57:59  [96/100] covtype gnb always_rebuild seed=0: 238 adaptations, 69,548 WU, acc 0.7776 (4s)
2026-09-17 16:58:03  [97/100] covtype gnb mechanism_selector seed=0: 241 adaptations, 66,495 WU, acc 0.7830 (4s)
2026-09-17 16:58:07  [98/100] covtype gnb fixed_schedule seed=0: 236 adaptations, 57,927 WU, acc 0.7781 (4s)
2026-09-17 16:58:11  [99/100] covtype gnb always_nudge seed=0: 274 adaptations, 61,645 WU, acc 0.7267 (4s)
2026-09-17 16:58:14  [100/100] covtype gnb never_adapt seed=0: 321 adaptations, 0 WU, acc 0.4561 (3s)
2026-09-17 16:58:14  done in 12.1 min: {'planned': 100, 'ran': 100, 'failed': 0, 'skipped': 0}
2026-09-17 16:58:39  grid: 400 runs planned, 0 already complete, 400 to run
2026-09-17 16:58:53  [1/400] elec2 xgb always_rebuild seed=1: 74 adaptations, 3,742,400 WU, acc 0.7420 (14s)
2026-09-17 16:59:02  [2/400] elec2 xgb mechanism_selector seed=1: 71 adaptations, 2,051,495 WU, acc 0.7126 (9s)
2026-09-17 16:59:07  [3/400] elec2 xgb fixed_schedule seed=1: 52 adaptations, 1,032,595 WU, acc 0.7360 (6s)
2026-09-17 16:59:13  [4/400] elec2 xgb always_nudge seed=1: 53 adaptations, 124,245 WU, acc 0.7220 (5s)
2026-09-17 16:59:15  [5/400] elec2 xgb never_adapt seed=1: 79 adaptations, 0 WU, acc 0.7069 (2s)
2026-09-17 16:59:31  [6/400] elec2 rf always_rebuild seed=1: 60 adaptations, 3,500,000 WU, acc 0.7485 (16s)
2026-09-17 16:59:46  [7/400] elec2 rf mechanism_selector seed=1: 69 adaptations, 2,283,545 WU, acc 0.7144 (15s)
2026-09-17 16:59:56  [8/400] elec2 rf fixed_schedule seed=1: 64 adaptations, 1,254,785 WU, acc 0.7304 (10s)
2026-09-17 17:00:02  [9/400] elec2 rf always_nudge seed=1: 72 adaptations, 151,715 WU, acc 0.7399 (6s)
2026-09-17 17:00:07  [10/400] elec2 rf never_adapt seed=1: 80 adaptations, 0 WU, acc 0.7146 (4s)
2026-09-17 17:00:09  [11/400] elec2 sgd always_rebuild seed=1: 54 adaptations, 2,014,852 WU, acc 0.6535 (2s)
2026-09-17 17:00:11  [12/400] elec2 sgd mechanism_selector seed=1: 70 adaptations, 1,089,705 WU, acc 0.6092 (2s)
2026-09-17 17:00:13  [13/400] elec2 sgd fixed_schedule seed=1: 63 adaptations, 788,525 WU, acc 0.6346 (2s)
2026-09-17 17:00:14  [14/400] elec2 sgd always_nudge seed=1: 70 adaptations, 29,833 WU, acc 0.6961 (2s)
2026-09-17 17:00:16  [15/400] elec2 sgd never_adapt seed=1: 79 adaptations, 0 WU, acc 0.6276 (2s)
2026-09-17 17:00:18  [16/400] elec2 gnb always_rebuild seed=1: 77 adaptations, 36,948 WU, acc 0.6811 (2s)
2026-09-17 17:00:20  [17/400] elec2 gnb mechanism_selector seed=1: 66 adaptations, 36,049 WU, acc 0.6727 (2s)
2026-09-17 17:00:22  [18/400] elec2 gnb fixed_schedule seed=1: 81 adaptations, 33,970 WU, acc 0.6893 (2s)
2026-09-17 17:00:23  [19/400] elec2 gnb always_nudge seed=1: 73 adaptations, 31,274 WU, acc 0.7051 (2s)
2026-09-17 17:00:25  [20/400] elec2 gnb never_adapt seed=1: 64 adaptations, 0 WU, acc 0.4805 (2s)
2026-09-17 17:00:41  [21/400] insects_abrupt xgb always_rebuild seed=1: 9 adaptations, 900,000 WU, acc 0.5604 (15s)
2026-09-17 17:00:52  [22/400] insects_abrupt xgb mechanism_selector seed=1: 11 adaptations, 476,575 WU, acc 0.4565 (11s)
2026-09-17 17:01:04  [23/400] insects_abrupt xgb fixed_schedule seed=1: 11 adaptations, 325,405 WU, acc 0.4943 (11s)
2026-09-17 17:01:13  [24/400] insects_abrupt xgb always_nudge seed=1: 10 adaptations, 40,000 WU, acc 0.5012 (9s)
2026-09-17 17:01:19  [25/400] insects_abrupt xgb never_adapt seed=1: 9 adaptations, 0 WU, acc 0.5618 (6s)
2026-09-17 17:01:27  [26/400] insects_abrupt rf always_rebuild seed=1: 10 adaptations, 919,200 WU, acc 0.5357 (9s)
2026-09-17 17:01:34  [27/400] insects_abrupt rf mechanism_selector seed=1: 9 adaptations, 224,000 WU, acc 0.5087 (7s)
2026-09-17 17:01:40  [28/400] insects_abrupt rf fixed_schedule seed=1: 10 adaptations, 240,800 WU, acc 0.3983 (6s)
2026-09-17 17:01:46  [29/400] insects_abrupt rf always_nudge seed=1: 9 adaptations, 34,045 WU, acc 0.5533 (5s)
2026-09-17 17:01:51  [30/400] insects_abrupt rf never_adapt seed=1: 8 adaptations, 0 WU, acc 0.5555 (5s)
2026-09-17 17:01:54  [31/400] insects_abrupt sgd always_rebuild seed=1: 8 adaptations, 2,706,000 WU, acc 0.1531 (3s)
2026-09-17 17:01:56  [32/400] insects_abrupt sgd mechanism_selector seed=1: 11 adaptations, 106,800 WU, acc 0.1837 (2s)
2026-09-17 17:01:58  [33/400] insects_abrupt sgd fixed_schedule seed=1: 9 adaptations, 355,800 WU, acc 0.1910 (2s)
2026-09-17 17:02:00  [34/400] insects_abrupt sgd always_nudge seed=1: 9 adaptations, 7,200 WU, acc 0.1713 (2s)
2026-09-17 17:02:02  [35/400] insects_abrupt sgd never_adapt seed=1: 10 adaptations, 0 WU, acc 0.2437 (2s)
2026-09-17 17:02:04  [36/400] insects_abrupt gnb always_rebuild seed=1: 10 adaptations, 9,384 WU, acc 0.5726 (2s)
2026-09-17 17:02:06  [37/400] insects_abrupt gnb mechanism_selector seed=1: 11 adaptations, 2,728 WU, acc 0.4052 (2s)
2026-09-17 17:02:08  [38/400] insects_abrupt gnb fixed_schedule seed=1: 11 adaptations, 9,086 WU, acc 0.4175 (2s)
2026-09-17 17:02:09  [39/400] insects_abrupt gnb always_nudge seed=1: 7 adaptations, 5,600 WU, acc 0.4889 (2s)
2026-09-17 17:02:11  [40/400] insects_abrupt gnb never_adapt seed=1: 8 adaptations, 0 WU, acc 0.4918 (2s)
2026-09-17 17:02:20  [41/400] insects_gradual xgb always_rebuild seed=1: 7 adaptations, 588,800 WU, acc 0.5131 (8s)
2026-09-17 17:02:27  [42/400] insects_gradual xgb mechanism_selector seed=1: 5 adaptations, 405,855 WU, acc 0.3899 (7s)
2026-09-17 17:02:33  [43/400] insects_gradual xgb fixed_schedule seed=1: 7 adaptations, 216,350 WU, acc 0.4339 (6s)
2026-09-17 17:02:37  [44/400] insects_gradual xgb always_nudge seed=1: 6 adaptations, 19,855 WU, acc 0.2843 (4s)
2026-09-17 17:02:40  [45/400] insects_gradual xgb never_adapt seed=1: 7 adaptations, 0 WU, acc 0.2783 (3s)
2026-09-17 17:02:47  [46/400] insects_gradual rf always_rebuild seed=1: 7 adaptations, 544,000 WU, acc 0.4914 (7s)
2026-09-17 17:02:52  [47/400] insects_gradual rf mechanism_selector seed=1: 7 adaptations, 454,460 WU, acc 0.4792 (5s)
2026-09-17 17:02:56  [48/400] insects_gradual rf fixed_schedule seed=1: 6 adaptations, 212,350 WU, acc 0.2824 (4s)
2026-09-17 17:02:59  [49/400] insects_gradual rf always_nudge seed=1: 7 adaptations, 21,390 WU, acc 0.2515 (3s)
2026-09-17 17:03:03  [50/400] insects_gradual rf never_adapt seed=1: 7 adaptations, 0 WU, acc 0.2513 (3s)
2026-09-17 17:03:05  [51/400] insects_gradual sgd always_rebuild seed=1: 5 adaptations, 2,783,000 WU, acc 0.1809 (3s)
2026-09-17 17:03:07  [52/400] insects_gradual sgd mechanism_selector seed=1: 6 adaptations, 98,932 WU, acc 0.1794 (2s)
2026-09-17 17:03:09  [53/400] insects_gradual sgd fixed_schedule seed=1: 5 adaptations, 1,003,116 WU, acc 0.1860 (2s)
2026-09-17 17:03:11  [54/400] insects_gradual sgd always_nudge seed=1: 5 adaptations, 3,916 WU, acc 0.1830 (2s)
2026-09-17 17:03:13  [55/400] insects_gradual sgd never_adapt seed=1: 6 adaptations, 0 WU, acc 0.1521 (2s)
2026-09-17 17:03:15  [56/400] insects_gradual gnb always_rebuild seed=1: 7 adaptations, 5,640 WU, acc 0.5756 (2s)
2026-09-17 17:03:16  [57/400] insects_gradual gnb mechanism_selector seed=1: 7 adaptations, 6,724 WU, acc 0.5656 (2s)
2026-09-17 17:03:18  [58/400] insects_gradual gnb fixed_schedule seed=1: 7 adaptations, 4,886 WU, acc 0.5222 (2s)
2026-09-17 17:03:20  [59/400] insects_gradual gnb always_nudge seed=1: 6 adaptations, 4,281 WU, acc 0.4596 (2s)
2026-09-17 17:03:21  [60/400] insects_gradual gnb never_adapt seed=1: 5 adaptations, 0 WU, acc 0.3416 (2s)
2026-09-17 17:03:37  [61/400] insects_incremental xgb always_rebuild seed=1: 5 adaptations, 500,000 WU, acc 0.6009 (14s)
2026-09-17 17:03:48  [62/400] insects_incremental xgb mechanism_selector seed=1: 4 adaptations, 316,000 WU, acc 0.5773 (12s)
2026-09-17 17:03:58  [63/400] insects_incremental xgb fixed_schedule seed=1: 5 adaptations, 116,000 WU, acc 0.5753 (9s)
2026-09-17 17:04:06  [64/400] insects_incremental xgb always_nudge seed=1: 5 adaptations, 20,000 WU, acc 0.5315 (8s)
2026-09-17 17:04:13  [65/400] insects_incremental xgb never_adapt seed=1: 3 adaptations, 0 WU, acc 0.2201 (7s)
2026-09-17 17:04:21  [66/400] insects_incremental rf always_rebuild seed=1: 7 adaptations, 700,000 WU, acc 0.6301 (9s)
2026-09-17 17:04:29  [67/400] insects_incremental rf mechanism_selector seed=1: 6 adaptations, 524,000 WU, acc 0.6248 (8s)
2026-09-17 17:04:34  [68/400] insects_incremental rf fixed_schedule seed=1: 4 adaptations, 112,000 WU, acc 0.4048 (5s)
2026-09-17 17:04:40  [69/400] insects_incremental rf always_nudge seed=1: 4 adaptations, 16,000 WU, acc 0.2344 (5s)
2026-09-17 17:04:45  [70/400] insects_incremental rf never_adapt seed=1: 4 adaptations, 0 WU, acc 0.2122 (5s)
2026-09-17 17:04:47  [71/400] insects_incremental sgd always_rebuild seed=1: 0 adaptations, 0 WU, acc 0.1689 (2s)
2026-09-17 17:04:49  [72/400] insects_incremental sgd mechanism_selector seed=1: 0 adaptations, 0 WU, acc 0.1689 (2s)
2026-09-17 17:04:51  [73/400] insects_incremental sgd fixed_schedule seed=1: 0 adaptations, 0 WU, acc 0.1689 (2s)
2026-09-17 17:04:53  [74/400] insects_incremental sgd always_nudge seed=1: 0 adaptations, 0 WU, acc 0.1689 (2s)
2026-09-17 17:04:55  [75/400] insects_incremental sgd never_adapt seed=1: 0 adaptations, 0 WU, acc 0.1689 (2s)
2026-09-17 17:04:57  [76/400] insects_incremental gnb always_rebuild seed=1: 5 adaptations, 5,000 WU, acc 0.5485 (2s)
2026-09-17 17:04:58  [77/400] insects_incremental gnb mechanism_selector seed=1: 5 adaptations, 7,000 WU, acc 0.5420 (2s)
2026-09-17 17:05:00  [78/400] insects_incremental gnb fixed_schedule seed=1: 5 adaptations, 4,200 WU, acc 0.5276 (2s)
2026-09-17 17:05:02  [79/400] insects_incremental gnb always_nudge seed=1: 4 adaptations, 3,200 WU, acc 0.3310 (2s)
2026-09-17 17:05:03  [80/400] insects_incremental gnb never_adapt seed=1: 5 adaptations, 0 WU, acc 0.2059 (2s)
2026-09-17 17:05:33  [81/400] covtype xgb always_rebuild seed=1: 92 adaptations, 6,721,600 WU, acc 0.9015 (28s)
2026-09-17 17:06:01  [82/400] covtype xgb mechanism_selector seed=1: 89 adaptations, 4,595,395 WU, acc 0.8892 (28s)
2026-09-17 17:06:07  [83/400] covtype xgb fixed_schedule seed=1: 8 adaptations, 139,410 WU, acc 0.0345 (6s)
2026-09-17 17:07:11  [84/400] covtype xgb always_nudge seed=1: 138 adaptations, 268,195 WU, acc 0.8425 (64s)
2026-09-17 17:07:20  [85/400] covtype xgb never_adapt seed=1: 114 adaptations, 0 WU, acc 0.8262 (9s)
2026-09-17 17:07:46  [86/400] covtype rf always_rebuild seed=1: 85 adaptations, 6,555,200 WU, acc 0.9033 (26s)
2026-09-17 17:08:15  [87/400] covtype rf mechanism_selector seed=1: 98 adaptations, 6,207,980 WU, acc 0.8994 (29s)
2026-09-17 17:08:34  [88/400] covtype rf fixed_schedule seed=1: 133 adaptations, 1,991,685 WU, acc 0.8873 (20s)
2026-09-17 17:08:55  [89/400] covtype rf always_nudge seed=1: 276 adaptations, 311,790 WU, acc 0.8186 (21s)
2026-09-17 17:09:06  [90/400] covtype rf never_adapt seed=1: 160 adaptations, 0 WU, acc 0.8236 (10s)
2026-09-17 17:09:34  [91/400] covtype sgd always_rebuild seed=1: 202 adaptations, 48,485,200 WU, acc 0.4159 (28s)
2026-09-17 17:09:37  [92/400] covtype sgd mechanism_selector seed=1: 11 adaptations, 1,070,547 WU, acc 0.0196 (4s)
2026-09-17 17:09:55  [93/400] covtype sgd fixed_schedule seed=1: 256 adaptations, 24,183,620 WU, acc 0.7359 (18s)
2026-09-17 17:10:01  [94/400] covtype sgd always_nudge seed=1: 272 adaptations, 56,797 WU, acc 0.7495 (6s)
2026-09-17 17:10:06  [95/400] covtype sgd never_adapt seed=1: 543 adaptations, 0 WU, acc 0.5454 (5s)
2026-09-17 17:10:10  [96/400] covtype gnb always_rebuild seed=1: 238 adaptations, 69,548 WU, acc 0.7776 (5s)
2026-09-17 17:10:14  [97/400] covtype gnb mechanism_selector seed=1: 241 adaptations, 66,495 WU, acc 0.7830 (4s)
2026-09-17 17:10:18  [98/400] covtype gnb fixed_schedule seed=1: 236 adaptations, 57,927 WU, acc 0.7781 (4s)
2026-09-17 17:10:22  [99/400] covtype gnb always_nudge seed=1: 274 adaptations, 61,645 WU, acc 0.7267 (4s)
2026-09-17 17:10:26  [100/400] covtype gnb never_adapt seed=1: 321 adaptations, 0 WU, acc 0.4561 (4s)
2026-09-17 17:10:38  [101/400] elec2 xgb always_rebuild seed=2: 74 adaptations, 3,742,400 WU, acc 0.7420 (12s)
2026-09-17 17:10:47  [102/400] elec2 xgb mechanism_selector seed=2: 71 adaptations, 2,051,495 WU, acc 0.7126 (9s)
2026-09-17 17:10:53  [103/400] elec2 xgb fixed_schedule seed=2: 52 adaptations, 1,032,595 WU, acc 0.7360 (6s)
2026-09-17 17:10:58  [104/400] elec2 xgb always_nudge seed=2: 53 adaptations, 124,245 WU, acc 0.7220 (6s)
2026-09-17 17:11:01  [105/400] elec2 xgb never_adapt seed=2: 79 adaptations, 0 WU, acc 0.7069 (3s)
2026-09-17 17:11:19  [106/400] elec2 rf always_rebuild seed=2: 67 adaptations, 3,618,400 WU, acc 0.7324 (18s)
2026-09-17 17:11:32  [107/400] elec2 rf mechanism_selector seed=2: 64 adaptations, 1,845,435 WU, acc 0.7156 (13s)
2026-09-17 17:11:42  [108/400] elec2 rf fixed_schedule seed=2: 70 adaptations, 1,211,490 WU, acc 0.7435 (10s)
2026-09-17 17:11:47  [109/400] elec2 rf always_nudge seed=2: 68 adaptations, 145,775 WU, acc 0.7368 (6s)
2026-09-17 17:11:52  [110/400] elec2 rf never_adapt seed=2: 80 adaptations, 0 WU, acc 0.7103 (4s)
2026-09-17 17:11:54  [111/400] elec2 sgd always_rebuild seed=2: 63 adaptations, 2,283,120 WU, acc 0.6393 (2s)
2026-09-17 17:11:56  [112/400] elec2 sgd mechanism_selector seed=2: 60 adaptations, 933,325 WU, acc 0.6087 (2s)
2026-09-17 17:11:58  [113/400] elec2 sgd fixed_schedule seed=2: 60 adaptations, 658,294 WU, acc 0.6346 (2s)
2026-09-17 17:11:59  [114/400] elec2 sgd always_nudge seed=2: 62 adaptations, 26,098 WU, acc 0.6932 (2s)
2026-09-17 17:12:01  [115/400] elec2 sgd never_adapt seed=2: 84 adaptations, 0 WU, acc 0.6672 (2s)
2026-09-17 17:12:03  [116/400] elec2 gnb always_rebuild seed=2: 77 adaptations, 36,948 WU, acc 0.6811 (2s)
2026-09-17 17:12:05  [117/400] elec2 gnb mechanism_selector seed=2: 66 adaptations, 36,049 WU, acc 0.6727 (2s)
2026-09-17 17:12:07  [118/400] elec2 gnb fixed_schedule seed=2: 81 adaptations, 33,970 WU, acc 0.6893 (2s)
2026-09-17 17:12:09  [119/400] elec2 gnb always_nudge seed=2: 73 adaptations, 31,274 WU, acc 0.7051 (2s)
2026-09-17 17:12:11  [120/400] elec2 gnb never_adapt seed=2: 64 adaptations, 0 WU, acc 0.4805 (2s)
2026-09-17 17:12:28  [121/400] insects_abrupt xgb always_rebuild seed=2: 9 adaptations, 900,000 WU, acc 0.5604 (15s)
2026-09-17 17:12:38  [122/400] insects_abrupt xgb mechanism_selector seed=2: 11 adaptations, 476,575 WU, acc 0.4565 (11s)
2026-09-17 17:12:51  [123/400] insects_abrupt xgb fixed_schedule seed=2: 11 adaptations, 325,405 WU, acc 0.4943 (13s)
2026-09-17 17:13:01  [124/400] insects_abrupt xgb always_nudge seed=2: 10 adaptations, 40,000 WU, acc 0.5012 (10s)
2026-09-17 17:13:08  [125/400] insects_abrupt xgb never_adapt seed=2: 9 adaptations, 0 WU, acc 0.5618 (7s)
2026-09-17 17:13:18  [126/400] insects_abrupt rf always_rebuild seed=2: 10 adaptations, 986,400 WU, acc 0.5773 (9s)
2026-09-17 17:13:24  [127/400] insects_abrupt rf mechanism_selector seed=2: 8 adaptations, 331,200 WU, acc 0.5215 (6s)
2026-09-17 17:13:30  [128/400] insects_abrupt rf fixed_schedule seed=2: 10 adaptations, 240,640 WU, acc 0.4053 (6s)
2026-09-17 17:13:35  [129/400] insects_abrupt rf always_nudge seed=2: 8 adaptations, 30,045 WU, acc 0.5540 (5s)
2026-09-17 17:13:40  [130/400] insects_abrupt rf never_adapt seed=2: 8 adaptations, 0 WU, acc 0.5555 (5s)
2026-09-17 17:13:43  [131/400] insects_abrupt sgd always_rebuild seed=2: 9 adaptations, 4,502,000 WU, acc 0.2658 (3s)
2026-09-17 17:13:45  [132/400] insects_abrupt sgd mechanism_selector seed=2: 10 adaptations, 250,400 WU, acc 0.1832 (2s)
2026-09-17 17:13:47  [133/400] insects_abrupt sgd fixed_schedule seed=2: 8 adaptations, 195,800 WU, acc 0.1949 (2s)
2026-09-17 17:13:49  [134/400] insects_abrupt sgd always_nudge seed=2: 8 adaptations, 6,400 WU, acc 0.2164 (2s)
2026-09-17 17:13:51  [135/400] insects_abrupt sgd never_adapt seed=2: 11 adaptations, 0 WU, acc 0.2049 (2s)
2026-09-17 17:13:53  [136/400] insects_abrupt gnb always_rebuild seed=2: 10 adaptations, 9,384 WU, acc 0.5726 (2s)
2026-09-17 17:13:55  [137/400] insects_abrupt gnb mechanism_selector seed=2: 11 adaptations, 2,728 WU, acc 0.4052 (2s)
2026-09-17 17:13:56  [138/400] insects_abrupt gnb fixed_schedule seed=2: 11 adaptations, 9,086 WU, acc 0.4175 (2s)
2026-09-17 17:13:58  [139/400] insects_abrupt gnb always_nudge seed=2: 7 adaptations, 5,600 WU, acc 0.4889 (2s)
2026-09-17 17:14:00  [140/400] insects_abrupt gnb never_adapt seed=2: 8 adaptations, 0 WU, acc 0.4918 (2s)
2026-09-17 17:14:10  [141/400] insects_gradual xgb always_rebuild seed=2: 7 adaptations, 588,800 WU, acc 0.5131 (9s)
2026-09-17 17:14:17  [142/400] insects_gradual xgb mechanism_selector seed=2: 5 adaptations, 405,855 WU, acc 0.3899 (7s)
2026-09-17 17:14:23  [143/400] insects_gradual xgb fixed_schedule seed=2: 7 adaptations, 216,350 WU, acc 0.4339 (6s)
2026-09-17 17:14:30  [144/400] insects_gradual xgb always_nudge seed=2: 6 adaptations, 19,855 WU, acc 0.2843 (6s)
2026-09-17 17:14:34  [145/400] insects_gradual xgb never_adapt seed=2: 7 adaptations, 0 WU, acc 0.2783 (4s)
2026-09-17 17:14:40  [146/400] insects_gradual rf always_rebuild seed=2: 7 adaptations, 553,600 WU, acc 0.4875 (6s)
2026-09-17 17:14:46  [147/400] insects_gradual rf mechanism_selector seed=2: 7 adaptations, 354,460 WU, acc 0.4175 (6s)
2026-09-17 17:14:50  [148/400] insects_gradual rf fixed_schedule seed=2: 6 adaptations, 212,350 WU, acc 0.2803 (4s)
2026-09-17 17:14:53  [149/400] insects_gradual rf always_nudge seed=2: 7 adaptations, 21,260 WU, acc 0.2523 (3s)
2026-09-17 17:14:56  [150/400] insects_gradual rf never_adapt seed=2: 7 adaptations, 0 WU, acc 0.2520 (3s)
2026-09-17 17:14:59  [151/400] insects_gradual sgd always_rebuild seed=2: 7 adaptations, 3,493,000 WU, acc 0.2130 (3s)
2026-09-17 17:15:01  [152/400] insects_gradual sgd mechanism_selector seed=2: 6 adaptations, 805,363 WU, acc 0.2174 (2s)
2026-09-17 17:15:03  [153/400] insects_gradual sgd fixed_schedule seed=2: 6 adaptations, 1,097,396 WU, acc 0.2933 (2s)
2026-09-17 17:15:05  [154/400] insects_gradual sgd always_nudge seed=2: 6 adaptations, 4,300 WU, acc 0.1723 (2s)
2026-09-17 17:15:07  [155/400] insects_gradual sgd never_adapt seed=2: 6 adaptations, 0 WU, acc 0.1713 (2s)
2026-09-17 17:15:08  [156/400] insects_gradual gnb always_rebuild seed=2: 7 adaptations, 5,640 WU, acc 0.5756 (2s)
2026-09-17 17:15:10  [157/400] insects_gradual gnb mechanism_selector seed=2: 7 adaptations, 6,724 WU, acc 0.5656 (2s)
2026-09-17 17:15:12  [158/400] insects_gradual gnb fixed_schedule seed=2: 7 adaptations, 4,886 WU, acc 0.5222 (2s)
2026-09-17 17:15:13  [159/400] insects_gradual gnb always_nudge seed=2: 6 adaptations, 4,281 WU, acc 0.4596 (2s)
2026-09-17 17:15:15  [160/400] insects_gradual gnb never_adapt seed=2: 5 adaptations, 0 WU, acc 0.3416 (2s)
2026-09-17 17:15:30  [161/400] insects_incremental xgb always_rebuild seed=2: 5 adaptations, 500,000 WU, acc 0.6009 (13s)
2026-09-17 17:15:42  [162/400] insects_incremental xgb mechanism_selector seed=2: 4 adaptations, 316,000 WU, acc 0.5773 (12s)
2026-09-17 17:15:51  [163/400] insects_incremental xgb fixed_schedule seed=2: 5 adaptations, 116,000 WU, acc 0.5753 (9s)
2026-09-17 17:15:59  [164/400] insects_incremental xgb always_nudge seed=2: 5 adaptations, 20,000 WU, acc 0.5315 (8s)
2026-09-17 17:16:06  [165/400] insects_incremental xgb never_adapt seed=2: 3 adaptations, 0 WU, acc 0.2201 (7s)
2026-09-17 17:16:15  [166/400] insects_incremental rf always_rebuild seed=2: 7 adaptations, 700,000 WU, acc 0.6336 (9s)
2026-09-17 17:16:22  [167/400] insects_incremental rf mechanism_selector seed=2: 6 adaptations, 520,000 WU, acc 0.6103 (7s)
2026-09-17 17:16:27  [168/400] insects_incremental rf fixed_schedule seed=2: 4 adaptations, 112,000 WU, acc 0.4060 (6s)
2026-09-17 17:16:33  [169/400] insects_incremental rf always_nudge seed=2: 4 adaptations, 16,000 WU, acc 0.2358 (5s)
2026-09-17 17:16:38  [170/400] insects_incremental rf never_adapt seed=2: 4 adaptations, 0 WU, acc 0.2092 (5s)
2026-09-17 17:16:40  [171/400] insects_incremental sgd always_rebuild seed=2: 0 adaptations, 0 WU, acc 0.1616 (2s)
2026-09-17 17:16:42  [172/400] insects_incremental sgd mechanism_selector seed=2: 0 adaptations, 0 WU, acc 0.1616 (2s)
2026-09-17 17:16:44  [173/400] insects_incremental sgd fixed_schedule seed=2: 0 adaptations, 0 WU, acc 0.1616 (2s)
2026-09-17 17:16:46  [174/400] insects_incremental sgd always_nudge seed=2: 0 adaptations, 0 WU, acc 0.1616 (2s)
2026-09-17 17:16:48  [175/400] insects_incremental sgd never_adapt seed=2: 0 adaptations, 0 WU, acc 0.1616 (2s)
2026-09-17 17:16:50  [176/400] insects_incremental gnb always_rebuild seed=2: 5 adaptations, 5,000 WU, acc 0.5485 (2s)
2026-09-17 17:16:52  [177/400] insects_incremental gnb mechanism_selector seed=2: 5 adaptations, 7,000 WU, acc 0.5420 (2s)
2026-09-17 17:16:53  [178/400] insects_incremental gnb fixed_schedule seed=2: 5 adaptations, 4,200 WU, acc 0.5276 (2s)
2026-09-17 17:16:55  [179/400] insects_incremental gnb always_nudge seed=2: 4 adaptations, 3,200 WU, acc 0.3310 (2s)
2026-09-17 17:16:57  [180/400] insects_incremental gnb never_adapt seed=2: 5 adaptations, 0 WU, acc 0.2059 (2s)
2026-09-17 17:17:27  [181/400] covtype xgb always_rebuild seed=2: 92 adaptations, 6,721,600 WU, acc 0.9015 (29s)
2026-09-17 17:17:58  [182/400] covtype xgb mechanism_selector seed=2: 89 adaptations, 4,595,395 WU, acc 0.8892 (31s)
2026-09-17 17:18:04  [183/400] covtype xgb fixed_schedule seed=2: 8 adaptations, 139,410 WU, acc 0.0345 (7s)
2026-09-17 17:19:11  [184/400] covtype xgb always_nudge seed=2: 138 adaptations, 268,195 WU, acc 0.8425 (67s)
2026-09-17 17:19:20  [185/400] covtype xgb never_adapt seed=2: 114 adaptations, 0 WU, acc 0.8262 (9s)
2026-09-17 17:19:46  [186/400] covtype rf always_rebuild seed=2: 92 adaptations, 7,038,400 WU, acc 0.9063 (26s)
2026-09-17 17:20:10  [187/400] covtype rf mechanism_selector seed=2: 109 adaptations, 4,994,310 WU, acc 0.8755 (24s)
2026-09-17 17:20:28  [188/400] covtype rf fixed_schedule seed=2: 133 adaptations, 1,731,035 WU, acc 0.8799 (17s)
2026-09-17 17:20:46  [189/400] covtype rf always_nudge seed=2: 277 adaptations, 317,525 WU, acc 0.8176 (18s)
2026-09-17 17:20:55  [190/400] covtype rf never_adapt seed=2: 158 adaptations, 0 WU, acc 0.8237 (10s)
2026-09-17 17:21:33  [191/400] covtype sgd always_rebuild seed=2: 283 adaptations, 66,138,016 WU, acc 0.6028 (37s)
2026-09-17 17:21:56  [192/400] covtype sgd mechanism_selector seed=2: 295 adaptations, 35,117,130 WU, acc 0.5851 (23s)
2026-09-17 17:22:14  [193/400] covtype sgd fixed_schedule seed=2: 264 adaptations, 25,251,225 WU, acc 0.7583 (19s)
2026-09-17 17:22:21  [194/400] covtype sgd always_nudge seed=2: 283 adaptations, 57,976 WU, acc 0.7015 (6s)
2026-09-17 17:22:25  [195/400] covtype sgd never_adapt seed=2: 335 adaptations, 0 WU, acc 0.1776 (4s)
2026-09-17 17:22:29  [196/400] covtype gnb always_rebuild seed=2: 238 adaptations, 69,548 WU, acc 0.7776 (4s)
2026-09-17 17:22:32  [197/400] covtype gnb mechanism_selector seed=2: 241 adaptations, 66,495 WU, acc 0.7830 (4s)
2026-09-17 17:22:36  [198/400] covtype gnb fixed_schedule seed=2: 236 adaptations, 57,927 WU, acc 0.7781 (4s)
2026-09-17 17:22:41  [199/400] covtype gnb always_nudge seed=2: 274 adaptations, 61,645 WU, acc 0.7267 (5s)
2026-09-17 17:22:45  [200/400] covtype gnb never_adapt seed=2: 321 adaptations, 0 WU, acc 0.4561 (4s)
2026-09-17 17:23:09  [201/400] elec2 xgb always_rebuild seed=3: 74 adaptations, 3,742,400 WU, acc 0.7420 (24s)
2026-09-17 17:23:32  [202/400] elec2 xgb mechanism_selector seed=3: 71 adaptations, 2,051,495 WU, acc 0.7126 (23s)
2026-09-17 17:23:43  [203/400] elec2 xgb fixed_schedule seed=3: 52 adaptations, 1,032,595 WU, acc 0.7360 (12s)
2026-09-17 17:23:59  [204/400] elec2 xgb always_nudge seed=3: 53 adaptations, 124,245 WU, acc 0.7220 (16s)
2026-09-17 17:24:04  [205/400] elec2 xgb never_adapt seed=3: 79 adaptations, 0 WU, acc 0.7069 (5s)
2026-09-17 17:24:38  [206/400] elec2 rf always_rebuild seed=3: 69 adaptations, 3,675,200 WU, acc 0.7295 (34s)
2026-09-17 17:25:04  [207/400] elec2 rf mechanism_selector seed=3: 64 adaptations, 2,589,635 WU, acc 0.7307 (26s)
2026-09-17 17:25:22  [208/400] elec2 rf fixed_schedule seed=3: 69 adaptations, 1,353,675 WU, acc 0.7525 (17s)
2026-09-17 17:25:33  [209/400] elec2 rf always_nudge seed=3: 78 adaptations, 148,245 WU, acc 0.7478 (11s)
2026-09-17 17:25:41  [210/400] elec2 rf never_adapt seed=3: 80 adaptations, 0 WU, acc 0.7084 (8s)
2026-09-17 17:25:44  [211/400] elec2 sgd always_rebuild seed=3: 46 adaptations, 1,741,600 WU, acc 0.6281 (3s)
2026-09-17 17:25:46  [212/400] elec2 sgd mechanism_selector seed=3: 61 adaptations, 1,071,076 WU, acc 0.6380 (3s)
2026-09-17 17:25:49  [213/400] elec2 sgd fixed_schedule seed=3: 53 adaptations, 597,551 WU, acc 0.6145 (3s)
2026-09-17 17:25:51  [214/400] elec2 sgd always_nudge seed=3: 60 adaptations, 27,995 WU, acc 0.7011 (3s)
2026-09-17 17:25:54  [215/400] elec2 sgd never_adapt seed=3: 86 adaptations, 0 WU, acc 0.6889 (2s)
2026-09-17 17:25:56  [216/400] elec2 gnb always_rebuild seed=3: 77 adaptations, 36,948 WU, acc 0.6811 (3s)
2026-09-17 17:25:59  [217/400] elec2 gnb mechanism_selector seed=3: 66 adaptations, 36,049 WU, acc 0.6727 (3s)
2026-09-17 17:26:02  [218/400] elec2 gnb fixed_schedule seed=3: 81 adaptations, 33,970 WU, acc 0.6893 (3s)
2026-09-17 17:26:04  [219/400] elec2 gnb always_nudge seed=3: 73 adaptations, 31,274 WU, acc 0.7051 (3s)
2026-09-17 17:26:07  [220/400] elec2 gnb never_adapt seed=3: 64 adaptations, 0 WU, acc 0.4805 (2s)
2026-09-17 17:26:37  [221/400] insects_abrupt xgb always_rebuild seed=3: 9 adaptations, 900,000 WU, acc 0.5604 (28s)
2026-09-17 17:26:55  [222/400] insects_abrupt xgb mechanism_selector seed=3: 11 adaptations, 476,575 WU, acc 0.4565 (18s)
2026-09-17 17:27:14  [223/400] insects_abrupt xgb fixed_schedule seed=3: 11 adaptations, 325,405 WU, acc 0.4943 (19s)
2026-09-17 17:27:28  [224/400] insects_abrupt xgb always_nudge seed=3: 10 adaptations, 40,000 WU, acc 0.5012 (14s)
2026-09-17 17:27:38  [225/400] insects_abrupt xgb never_adapt seed=3: 9 adaptations, 0 WU, acc 0.5618 (9s)
2026-09-17 17:27:53  [226/400] insects_abrupt rf always_rebuild seed=3: 10 adaptations, 986,400 WU, acc 0.5764 (15s)
2026-09-17 17:28:03  [227/400] insects_abrupt rf mechanism_selector seed=3: 9 adaptations, 224,800 WU, acc 0.5066 (10s)
2026-09-17 17:28:12  [228/400] insects_abrupt rf fixed_schedule seed=3: 9 adaptations, 236,800 WU, acc 0.3984 (9s)
2026-09-17 17:28:21  [229/400] insects_abrupt rf always_nudge seed=3: 9 adaptations, 34,045 WU, acc 0.5531 (8s)
2026-09-17 17:28:28  [230/400] insects_abrupt rf never_adapt seed=3: 9 adaptations, 0 WU, acc 0.5555 (8s)
2026-09-17 17:28:32  [231/400] insects_abrupt sgd always_rebuild seed=3: 10 adaptations, 2,807,392 WU, acc 0.1896 (4s)
2026-09-17 17:28:35  [232/400] insects_abrupt sgd mechanism_selector seed=3: 10 adaptations, 97,400 WU, acc 0.1986 (3s)
2026-09-17 17:28:38  [233/400] insects_abrupt sgd fixed_schedule seed=3: 10 adaptations, 330,209 WU, acc 0.2187 (3s)
2026-09-17 17:28:41  [234/400] insects_abrupt sgd always_nudge seed=3: 10 adaptations, 7,788 WU, acc 0.2113 (3s)
2026-09-17 17:28:44  [235/400] insects_abrupt sgd never_adapt seed=3: 11 adaptations, 0 WU, acc 0.1879 (3s)
2026-09-17 17:28:46  [236/400] insects_abrupt gnb always_rebuild seed=3: 10 adaptations, 9,384 WU, acc 0.5726 (2s)
2026-09-17 17:28:48  [237/400] insects_abrupt gnb mechanism_selector seed=3: 11 adaptations, 2,728 WU, acc 0.4052 (2s)
2026-09-17 17:28:51  [238/400] insects_abrupt gnb fixed_schedule seed=3: 11 adaptations, 9,086 WU, acc 0.4175 (2s)
2026-09-17 17:28:53  [239/400] insects_abrupt gnb always_nudge seed=3: 7 adaptations, 5,600 WU, acc 0.4889 (2s)
2026-09-17 17:28:55  [240/400] insects_abrupt gnb never_adapt seed=3: 8 adaptations, 0 WU, acc 0.4918 (2s)
2026-09-17 17:29:09  [241/400] insects_gradual xgb always_rebuild seed=3: 7 adaptations, 588,800 WU, acc 0.5131 (13s)
2026-09-17 17:29:21  [242/400] insects_gradual xgb mechanism_selector seed=3: 5 adaptations, 405,855 WU, acc 0.3899 (12s)
2026-09-17 17:29:30  [243/400] insects_gradual xgb fixed_schedule seed=3: 7 adaptations, 216,350 WU, acc 0.4339 (9s)
2026-09-17 17:29:36  [244/400] insects_gradual xgb always_nudge seed=3: 6 adaptations, 19,855 WU, acc 0.2843 (6s)
2026-09-17 17:29:41  [245/400] insects_gradual xgb never_adapt seed=3: 7 adaptations, 0 WU, acc 0.2783 (5s)
2026-09-17 17:29:50  [246/400] insects_gradual rf always_rebuild seed=3: 7 adaptations, 547,200 WU, acc 0.4897 (9s)
2026-09-17 17:29:59  [247/400] insects_gradual rf mechanism_selector seed=3: 7 adaptations, 454,460 WU, acc 0.4766 (9s)
2026-09-17 17:30:05  [248/400] insects_gradual rf fixed_schedule seed=3: 6 adaptations, 212,350 WU, acc 0.2739 (6s)
2026-09-17 17:30:10  [249/400] insects_gradual rf always_nudge seed=3: 7 adaptations, 21,390 WU, acc 0.2493 (5s)
2026-09-17 17:30:15  [250/400] insects_gradual rf never_adapt seed=3: 7 adaptations, 0 WU, acc 0.2512 (5s)
2026-09-17 17:30:19  [251/400] insects_gradual sgd always_rebuild seed=3: 4 adaptations, 2,118,000 WU, acc 0.1777 (4s)
2026-09-17 17:30:21  [252/400] insects_gradual sgd mechanism_selector seed=3: 6 adaptations, 100,600 WU, acc 0.1931 (3s)
2026-09-17 17:30:25  [253/400] insects_gradual sgd fixed_schedule seed=3: 4 adaptations, 1,002,316 WU, acc 0.1672 (3s)
2026-09-17 17:30:27  [254/400] insects_gradual sgd always_nudge seed=3: 5 adaptations, 3,916 WU, acc 0.2127 (3s)
2026-09-17 17:30:30  [255/400] insects_gradual sgd never_adapt seed=3: 6 adaptations, 0 WU, acc 0.1715 (2s)
2026-09-17 17:30:32  [256/400] insects_gradual gnb always_rebuild seed=3: 7 adaptations, 5,640 WU, acc 0.5756 (2s)
2026-09-17 17:30:34  [257/400] insects_gradual gnb mechanism_selector seed=3: 7 adaptations, 6,724 WU, acc 0.5656 (2s)
2026-09-17 17:30:36  [258/400] insects_gradual gnb fixed_schedule seed=3: 7 adaptations, 4,886 WU, acc 0.5222 (2s)
2026-09-17 17:30:38  [259/400] insects_gradual gnb always_nudge seed=3: 6 adaptations, 4,281 WU, acc 0.4596 (2s)
2026-09-17 17:30:40  [260/400] insects_gradual gnb never_adapt seed=3: 5 adaptations, 0 WU, acc 0.3416 (2s)
2026-09-17 17:31:06  [261/400] insects_incremental xgb always_rebuild seed=3: 5 adaptations, 500,000 WU, acc 0.6009 (23s)
2026-09-17 17:31:26  [262/400] insects_incremental xgb mechanism_selector seed=3: 4 adaptations, 316,000 WU, acc 0.5773 (20s)
2026-09-17 17:31:41  [263/400] insects_incremental xgb fixed_schedule seed=3: 5 adaptations, 116,000 WU, acc 0.5753 (15s)
2026-09-17 17:31:55  [264/400] insects_incremental xgb always_nudge seed=3: 5 adaptations, 20,000 WU, acc 0.5315 (14s)
2026-09-17 17:32:06  [265/400] insects_incremental xgb never_adapt seed=3: 3 adaptations, 0 WU, acc 0.2201 (11s)
2026-09-17 17:32:19  [266/400] insects_incremental rf always_rebuild seed=3: 5 adaptations, 500,000 WU, acc 0.5981 (13s)
2026-09-17 17:32:32  [267/400] insects_incremental rf mechanism_selector seed=3: 5 adaptations, 520,000 WU, acc 0.5981 (13s)
2026-09-17 17:32:41  [268/400] insects_incremental rf fixed_schedule seed=3: 4 adaptations, 112,000 WU, acc 0.4087 (9s)
2026-09-17 17:32:49  [269/400] insects_incremental rf always_nudge seed=3: 4 adaptations, 16,000 WU, acc 0.2384 (8s)
2026-09-17 17:32:57  [270/400] insects_incremental rf never_adapt seed=3: 4 adaptations, 0 WU, acc 0.2122 (7s)
2026-09-17 17:32:59  [271/400] insects_incremental sgd always_rebuild seed=3: 1 adaptations, 81,000 WU, acc 0.1894 (2s)
2026-09-17 17:33:01  [272/400] insects_incremental sgd mechanism_selector seed=3: 1 adaptations, 800 WU, acc 0.2162 (2s)
2026-09-17 17:33:03  [273/400] insects_incremental sgd fixed_schedule seed=3: 1 adaptations, 800 WU, acc 0.2162 (2s)
2026-09-17 17:33:06  [274/400] insects_incremental sgd always_nudge seed=3: 1 adaptations, 800 WU, acc 0.2162 (2s)
2026-09-17 17:33:08  [275/400] insects_incremental sgd never_adapt seed=3: 1 adaptations, 0 WU, acc 0.1882 (2s)
2026-09-17 17:33:10  [276/400] insects_incremental gnb always_rebuild seed=3: 5 adaptations, 5,000 WU, acc 0.5485 (2s)
2026-09-17 17:33:11  [277/400] insects_incremental gnb mechanism_selector seed=3: 5 adaptations, 7,000 WU, acc 0.5420 (2s)
2026-09-17 17:33:13  [278/400] insects_incremental gnb fixed_schedule seed=3: 5 adaptations, 4,200 WU, acc 0.5276 (2s)
2026-09-17 17:33:15  [279/400] insects_incremental gnb always_nudge seed=3: 4 adaptations, 3,200 WU, acc 0.3310 (2s)
2026-09-17 17:33:17  [280/400] insects_incremental gnb never_adapt seed=3: 5 adaptations, 0 WU, acc 0.2059 (2s)
2026-09-17 17:33:48  [281/400] covtype xgb always_rebuild seed=3: 92 adaptations, 6,721,600 WU, acc 0.9015 (30s)
2026-09-17 17:34:18  [282/400] covtype xgb mechanism_selector seed=3: 89 adaptations, 4,595,395 WU, acc 0.8892 (30s)
2026-09-17 17:34:24  [283/400] covtype xgb fixed_schedule seed=3: 8 adaptations, 139,410 WU, acc 0.0345 (6s)
2026-09-17 17:35:33  [284/400] covtype xgb always_nudge seed=3: 138 adaptations, 268,195 WU, acc 0.8425 (69s)
2026-09-17 17:35:42  [285/400] covtype xgb never_adapt seed=3: 114 adaptations, 0 WU, acc 0.8262 (9s)
2026-09-17 17:36:11  [286/400] covtype rf always_rebuild seed=3: 94 adaptations, 6,604,000 WU, acc 0.8988 (29s)
2026-09-17 17:36:41  [287/400] covtype rf mechanism_selector seed=3: 161 adaptations, 4,304,210 WU, acc 0.8450 (30s)
2026-09-17 17:37:01  [288/400] covtype rf fixed_schedule seed=3: 138 adaptations, 1,846,435 WU, acc 0.8791 (20s)
2026-09-17 17:37:23  [289/400] covtype rf always_nudge seed=3: 289 adaptations, 314,925 WU, acc 0.8145 (21s)
2026-09-17 17:37:33  [290/400] covtype rf never_adapt seed=3: 157 adaptations, 0 WU, acc 0.8250 (11s)
2026-09-17 17:38:16  [291/400] covtype sgd always_rebuild seed=3: 317 adaptations, 74,855,000 WU, acc 0.7143 (43s)
2026-09-17 17:38:30  [292/400] covtype sgd mechanism_selector seed=3: 152 adaptations, 18,606,434 WU, acc 0.4283 (14s)
2026-09-17 17:38:47  [293/400] covtype sgd fixed_schedule seed=3: 244 adaptations, 22,827,945 WU, acc 0.7159 (17s)
2026-09-17 17:38:52  [294/400] covtype sgd always_nudge seed=3: 241 adaptations, 47,799 WU, acc 0.6419 (5s)
2026-09-17 17:38:56  [295/400] covtype sgd never_adapt seed=3: 404 adaptations, 0 WU, acc 0.2401 (4s)
2026-09-17 17:39:00  [296/400] covtype gnb always_rebuild seed=3: 238 adaptations, 69,548 WU, acc 0.7776 (4s)
2026-09-17 17:39:04  [297/400] covtype gnb mechanism_selector seed=3: 241 adaptations, 66,495 WU, acc 0.7830 (4s)
2026-09-17 17:39:08  [298/400] covtype gnb fixed_schedule seed=3: 236 adaptations, 57,927 WU, acc 0.7781 (4s)
2026-09-17 17:39:12  [299/400] covtype gnb always_nudge seed=3: 274 adaptations, 61,645 WU, acc 0.7267 (4s)
2026-09-17 17:39:15  [300/400] covtype gnb never_adapt seed=3: 321 adaptations, 0 WU, acc 0.4561 (3s)
2026-09-17 17:39:27  [301/400] elec2 xgb always_rebuild seed=4: 74 adaptations, 3,742,400 WU, acc 0.7420 (12s)
2026-09-17 17:39:36  [302/400] elec2 xgb mechanism_selector seed=4: 71 adaptations, 2,051,495 WU, acc 0.7126 (9s)
2026-09-17 17:39:42  [303/400] elec2 xgb fixed_schedule seed=4: 52 adaptations, 1,032,595 WU, acc 0.7360 (6s)
2026-09-17 17:39:47  [304/400] elec2 xgb always_nudge seed=4: 53 adaptations, 124,245 WU, acc 0.7220 (5s)
2026-09-17 17:39:49  [305/400] elec2 xgb never_adapt seed=4: 79 adaptations, 0 WU, acc 0.7069 (2s)
2026-09-17 17:40:05  [306/400] elec2 rf always_rebuild seed=4: 60 adaptations, 3,399,600 WU, acc 0.7316 (15s)
2026-09-17 17:40:17  [307/400] elec2 rf mechanism_selector seed=4: 63 adaptations, 2,105,795 WU, acc 0.7367 (12s)
2026-09-17 17:40:26  [308/400] elec2 rf fixed_schedule seed=4: 64 adaptations, 1,299,995 WU, acc 0.7412 (9s)
2026-09-17 17:40:32  [309/400] elec2 rf always_nudge seed=4: 71 adaptations, 145,070 WU, acc 0.7455 (6s)
2026-09-17 17:40:36  [310/400] elec2 rf never_adapt seed=4: 81 adaptations, 0 WU, acc 0.7076 (4s)
2026-09-17 17:40:38  [311/400] elec2 sgd always_rebuild seed=4: 49 adaptations, 1,772,416 WU, acc 0.6432 (2s)
2026-09-17 17:40:40  [312/400] elec2 sgd mechanism_selector seed=4: 43 adaptations, 971,140 WU, acc 0.6748 (2s)
2026-09-17 17:40:42  [313/400] elec2 sgd fixed_schedule seed=4: 61 adaptations, 796,824 WU, acc 0.6344 (2s)
2026-09-17 17:40:44  [314/400] elec2 sgd always_nudge seed=4: 73 adaptations, 27,535 WU, acc 0.7035 (2s)
2026-09-17 17:40:45  [315/400] elec2 sgd never_adapt seed=4: 87 adaptations, 0 WU, acc 0.6647 (2s)
2026-09-17 17:40:47  [316/400] elec2 gnb always_rebuild seed=4: 77 adaptations, 36,948 WU, acc 0.6811 (2s)
2026-09-17 17:40:49  [317/400] elec2 gnb mechanism_selector seed=4: 66 adaptations, 36,049 WU, acc 0.6727 (2s)
2026-09-17 17:40:51  [318/400] elec2 gnb fixed_schedule seed=4: 81 adaptations, 33,970 WU, acc 0.6893 (2s)
2026-09-17 17:40:53  [319/400] elec2 gnb always_nudge seed=4: 73 adaptations, 31,274 WU, acc 0.7051 (2s)
2026-09-17 17:40:54  [320/400] elec2 gnb never_adapt seed=4: 64 adaptations, 0 WU, acc 0.4805 (2s)
2026-09-17 17:41:10  [321/400] insects_abrupt xgb always_rebuild seed=4: 9 adaptations, 900,000 WU, acc 0.5604 (15s)
2026-09-17 17:41:20  [322/400] insects_abrupt xgb mechanism_selector seed=4: 11 adaptations, 476,575 WU, acc 0.4565 (10s)
2026-09-17 17:41:32  [323/400] insects_abrupt xgb fixed_schedule seed=4: 11 adaptations, 325,405 WU, acc 0.4943 (11s)
2026-09-17 17:41:40  [324/400] insects_abrupt xgb always_nudge seed=4: 10 adaptations, 40,000 WU, acc 0.5012 (9s)
2026-09-17 17:41:46  [325/400] insects_abrupt xgb never_adapt seed=4: 9 adaptations, 0 WU, acc 0.5618 (6s)
2026-09-17 17:41:55  [326/400] insects_abrupt rf always_rebuild seed=4: 10 adaptations, 983,200 WU, acc 0.5671 (9s)
2026-09-17 17:42:01  [327/400] insects_abrupt rf mechanism_selector seed=4: 9 adaptations, 228,000 WU, acc 0.5087 (6s)
2026-09-17 17:42:06  [328/400] insects_abrupt rf fixed_schedule seed=4: 10 adaptations, 240,640 WU, acc 0.4112 (6s)
2026-09-17 17:42:11  [329/400] insects_abrupt rf always_nudge seed=4: 8 adaptations, 30,045 WU, acc 0.5560 (5s)
2026-09-17 17:42:16  [330/400] insects_abrupt rf never_adapt seed=4: 8 adaptations, 0 WU, acc 0.5574 (5s)
2026-09-17 17:42:19  [331/400] insects_abrupt sgd always_rebuild seed=4: 9 adaptations, 3,573,320 WU, acc 0.1856 (3s)
2026-09-17 17:42:21  [332/400] insects_abrupt sgd mechanism_selector seed=4: 7 adaptations, 2,400 WU, acc 0.2231 (2s)
2026-09-17 17:42:23  [333/400] insects_abrupt sgd fixed_schedule seed=4: 10 adaptations, 359,600 WU, acc 0.1562 (2s)
2026-09-17 17:42:25  [334/400] insects_abrupt sgd always_nudge seed=4: 10 adaptations, 7,609 WU, acc 0.1766 (2s)
2026-09-17 17:42:27  [335/400] insects_abrupt sgd never_adapt seed=4: 11 adaptations, 0 WU, acc 0.1982 (2s)
2026-09-17 17:42:29  [336/400] insects_abrupt gnb always_rebuild seed=4: 10 adaptations, 9,384 WU, acc 0.5726 (2s)
2026-09-17 17:42:30  [337/400] insects_abrupt gnb mechanism_selector seed=4: 11 adaptations, 2,728 WU, acc 0.4052 (2s)
2026-09-17 17:42:32  [338/400] insects_abrupt gnb fixed_schedule seed=4: 11 adaptations, 9,086 WU, acc 0.4175 (2s)
2026-09-17 17:42:34  [339/400] insects_abrupt gnb always_nudge seed=4: 7 adaptations, 5,600 WU, acc 0.4889 (2s)
2026-09-17 17:42:35  [340/400] insects_abrupt gnb never_adapt seed=4: 8 adaptations, 0 WU, acc 0.4918 (2s)
2026-09-17 17:42:44  [341/400] insects_gradual xgb always_rebuild seed=4: 7 adaptations, 588,800 WU, acc 0.5131 (8s)
2026-09-17 17:42:52  [342/400] insects_gradual xgb mechanism_selector seed=4: 5 adaptations, 405,855 WU, acc 0.3899 (8s)
2026-09-17 17:42:57  [343/400] insects_gradual xgb fixed_schedule seed=4: 7 adaptations, 216,350 WU, acc 0.4339 (6s)
2026-09-17 17:43:02  [344/400] insects_gradual xgb always_nudge seed=4: 6 adaptations, 19,855 WU, acc 0.2843 (4s)
2026-09-17 17:43:05  [345/400] insects_gradual xgb never_adapt seed=4: 7 adaptations, 0 WU, acc 0.2783 (3s)
2026-09-17 17:43:10  [346/400] insects_gradual rf always_rebuild seed=4: 7 adaptations, 550,400 WU, acc 0.4909 (5s)
2026-09-17 17:43:14  [347/400] insects_gradual rf mechanism_selector seed=4: 7 adaptations, 260,605 WU, acc 0.3989 (4s)
2026-09-17 17:43:18  [348/400] insects_gradual rf fixed_schedule seed=4: 6 adaptations, 212,220 WU, acc 0.2792 (4s)
2026-09-17 17:43:21  [349/400] insects_gradual rf always_nudge seed=4: 7 adaptations, 21,390 WU, acc 0.2505 (3s)
2026-09-17 17:43:24  [350/400] insects_gradual rf never_adapt seed=4: 7 adaptations, 0 WU, acc 0.2513 (3s)
2026-09-17 17:43:27  [351/400] insects_gradual sgd always_rebuild seed=4: 6 adaptations, 3,963,000 WU, acc 0.1781 (3s)
2026-09-17 17:43:29  [352/400] insects_gradual sgd mechanism_selector seed=4: 6 adaptations, 222,800 WU, acc 0.1353 (2s)
2026-09-17 17:43:31  [353/400] insects_gradual sgd fixed_schedule seed=4: 7 adaptations, 1,121,963 WU, acc 0.2231 (2s)
2026-09-17 17:43:33  [354/400] insects_gradual sgd always_nudge seed=4: 6 adaptations, 4,080 WU, acc 0.2445 (2s)
2026-09-17 17:43:34  [355/400] insects_gradual sgd never_adapt seed=4: 7 adaptations, 0 WU, acc 0.2063 (2s)
2026-09-17 17:43:36  [356/400] insects_gradual gnb always_rebuild seed=4: 7 adaptations, 5,640 WU, acc 0.5756 (2s)
2026-09-17 17:43:38  [357/400] insects_gradual gnb mechanism_selector seed=4: 7 adaptations, 6,724 WU, acc 0.5656 (2s)
2026-09-17 17:43:39  [358/400] insects_gradual gnb fixed_schedule seed=4: 7 adaptations, 4,886 WU, acc 0.5222 (2s)
2026-09-17 17:43:41  [359/400] insects_gradual gnb always_nudge seed=4: 6 adaptations, 4,281 WU, acc 0.4596 (2s)
2026-09-17 17:43:43  [360/400] insects_gradual gnb never_adapt seed=4: 5 adaptations, 0 WU, acc 0.3416 (2s)
2026-09-17 17:43:57  [361/400] insects_incremental xgb always_rebuild seed=4: 5 adaptations, 500,000 WU, acc 0.6009 (13s)
2026-09-17 17:44:08  [362/400] insects_incremental xgb mechanism_selector seed=4: 4 adaptations, 316,000 WU, acc 0.5773 (11s)
2026-09-17 17:44:17  [363/400] insects_incremental xgb fixed_schedule seed=4: 5 adaptations, 116,000 WU, acc 0.5753 (9s)
2026-09-17 17:44:25  [364/400] insects_incremental xgb always_nudge seed=4: 5 adaptations, 20,000 WU, acc 0.5315 (8s)
2026-09-17 17:44:31  [365/400] insects_incremental xgb never_adapt seed=4: 3 adaptations, 0 WU, acc 0.2201 (6s)
2026-09-17 17:44:39  [366/400] insects_incremental rf always_rebuild seed=4: 7 adaptations, 700,000 WU, acc 0.6311 (8s)
2026-09-17 17:44:47  [367/400] insects_incremental rf mechanism_selector seed=4: 7 adaptations, 728,000 WU, acc 0.6311 (8s)
2026-09-17 17:44:52  [368/400] insects_incremental rf fixed_schedule seed=4: 4 adaptations, 112,000 WU, acc 0.4062 (5s)
2026-09-17 17:44:58  [369/400] insects_incremental rf always_nudge seed=4: 4 adaptations, 16,000 WU, acc 0.2452 (6s)
2026-09-17 17:45:03  [370/400] insects_incremental rf never_adapt seed=4: 4 adaptations, 0 WU, acc 0.2160 (5s)
2026-09-17 17:45:05  [371/400] insects_incremental sgd always_rebuild seed=4: 1 adaptations, 131,000 WU, acc 0.2412 (2s)
2026-09-17 17:45:07  [372/400] insects_incremental sgd mechanism_selector seed=4: 1 adaptations, 131,800 WU, acc 0.2412 (2s)
2026-09-17 17:45:09  [373/400] insects_incremental sgd fixed_schedule seed=4: 1 adaptations, 800 WU, acc 0.2303 (2s)
2026-09-17 17:45:11  [374/400] insects_incremental sgd always_nudge seed=4: 1 adaptations, 800 WU, acc 0.2303 (2s)
2026-09-17 17:45:13  [375/400] insects_incremental sgd never_adapt seed=4: 1 adaptations, 0 WU, acc 0.2667 (2s)
2026-09-17 17:45:15  [376/400] insects_incremental gnb always_rebuild seed=4: 5 adaptations, 5,000 WU, acc 0.5485 (2s)
2026-09-17 17:45:17  [377/400] insects_incremental gnb mechanism_selector seed=4: 5 adaptations, 7,000 WU, acc 0.5420 (2s)
2026-09-17 17:45:18  [378/400] insects_incremental gnb fixed_schedule seed=4: 5 adaptations, 4,200 WU, acc 0.5276 (2s)
2026-09-17 17:45:20  [379/400] insects_incremental gnb always_nudge seed=4: 4 adaptations, 3,200 WU, acc 0.3310 (2s)
2026-09-17 17:45:22  [380/400] insects_incremental gnb never_adapt seed=4: 5 adaptations, 0 WU, acc 0.2059 (2s)
2026-09-17 17:45:53  [381/400] covtype xgb always_rebuild seed=4: 92 adaptations, 6,721,600 WU, acc 0.9015 (30s)
2026-09-17 17:46:22  [382/400] covtype xgb mechanism_selector seed=4: 89 adaptations, 4,595,395 WU, acc 0.8892 (29s)
2026-09-17 17:46:29  [383/400] covtype xgb fixed_schedule seed=4: 8 adaptations, 139,410 WU, acc 0.0345 (7s)
2026-09-17 17:47:32  [384/400] covtype xgb always_nudge seed=4: 138 adaptations, 268,195 WU, acc 0.8425 (63s)
2026-09-17 17:47:41  [385/400] covtype xgb never_adapt seed=4: 114 adaptations, 0 WU, acc 0.8262 (9s)
2026-09-17 17:48:07  [386/400] covtype rf always_rebuild seed=4: 88 adaptations, 6,740,800 WU, acc 0.8968 (27s)
2026-09-17 17:48:32  [387/400] covtype rf mechanism_selector seed=4: 111 adaptations, 5,338,880 WU, acc 0.8895 (25s)
2026-09-17 17:48:50  [388/400] covtype rf fixed_schedule seed=4: 138 adaptations, 1,839,185 WU, acc 0.8789 (19s)
2026-09-17 17:49:10  [389/400] covtype rf always_nudge seed=4: 304 adaptations, 321,540 WU, acc 0.8093 (20s)
2026-09-17 17:49:20  [390/400] covtype rf never_adapt seed=4: 158 adaptations, 0 WU, acc 0.8247 (10s)
2026-09-17 17:49:49  [391/400] covtype sgd always_rebuild seed=4: 178 adaptations, 49,696,928 WU, acc 0.5370 (29s)
2026-09-17 17:50:08  [392/400] covtype sgd mechanism_selector seed=4: 217 adaptations, 28,051,172 WU, acc 0.5496 (19s)
2026-09-17 17:50:26  [393/400] covtype sgd fixed_schedule seed=4: 253 adaptations, 26,164,706 WU, acc 0.7641 (18s)
2026-09-17 17:50:31  [394/400] covtype sgd always_nudge seed=4: 307 adaptations, 60,976 WU, acc 0.7318 (6s)
2026-09-17 17:50:36  [395/400] covtype sgd never_adapt seed=4: 518 adaptations, 0 WU, acc 0.4886 (4s)
2026-09-17 17:50:40  [396/400] covtype gnb always_rebuild seed=4: 238 adaptations, 69,548 WU, acc 0.7776 (4s)
2026-09-17 17:50:43  [397/400] covtype gnb mechanism_selector seed=4: 241 adaptations, 66,495 WU, acc 0.7830 (4s)
2026-09-17 17:50:47  [398/400] covtype gnb fixed_schedule seed=4: 236 adaptations, 57,927 WU, acc 0.7781 (4s)
2026-09-17 17:50:51  [399/400] covtype gnb always_nudge seed=4: 274 adaptations, 61,645 WU, acc 0.7267 (4s)
2026-09-17 17:50:54  [400/400] covtype gnb never_adapt seed=4: 321 adaptations, 0 WU, acc 0.4561 (3s)
2026-09-17 17:50:54  done in 52.2 min: {'planned': 400, 'ran': 400, 'failed': 0, 'skipped': 0}
