2026-09-19 23:12:48  grid: 500 runs planned, 0 already complete, 500 to run
2026-09-19 23:13:13  [1/500] elec2 xgb always_rebuild seed=0: 165 adaptations, 3,564,600 WU, acc 0.7591 (25s)
2026-09-19 23:13:36  [2/500] elec2 xgb mechanism_selector seed=0: 167 adaptations, 2,835,970 WU, acc 0.7601 (23s)
2026-09-19 23:13:49  [3/500] elec2 xgb fixed_schedule seed=0: 151 adaptations, 1,304,220 WU, acc 0.7431 (12s)
2026-09-19 23:14:01  [4/500] elec2 xgb always_nudge seed=0: 123 adaptations, 133,245 WU, acc 0.7627 (12s)
2026-09-19 23:14:04  [5/500] elec2 xgb never_adapt seed=0: 117 adaptations, 0 WU, acc 0.7069 (3s)
2026-09-19 23:14:39  [6/500] elec2 rf always_rebuild seed=0: 161 adaptations, 3,211,200 WU, acc 0.7808 (35s)
2026-09-19 23:15:12  [7/500] elec2 rf mechanism_selector seed=0: 152 adaptations, 2,963,265 WU, acc 0.7799 (33s)
2026-09-19 23:15:26  [8/500] elec2 rf fixed_schedule seed=0: 126 adaptations, 1,147,265 WU, acc 0.7370 (14s)
2026-09-19 23:15:34  [9/500] elec2 rf always_nudge seed=0: 113 adaptations, 144,160 WU, acc 0.7606 (8s)
2026-09-19 23:15:40  [10/500] elec2 rf never_adapt seed=0: 155 adaptations, 0 WU, acc 0.7115 (6s)
2026-09-19 23:15:42  [11/500] elec2 sgd always_rebuild seed=0: 127 adaptations, 1,320,779 WU, acc 0.6049 (2s)
2026-09-19 23:15:45  [12/500] elec2 sgd mechanism_selector seed=0: 112 adaptations, 758,258 WU, acc 0.5988 (2s)
2026-09-19 23:15:47  [13/500] elec2 sgd fixed_schedule seed=0: 113 adaptations, 537,536 WU, acc 0.6312 (2s)
2026-09-19 23:15:48  [14/500] elec2 sgd always_nudge seed=0: 5 adaptations, 852 WU, acc 0.6863 (2s)
2026-09-19 23:15:50  [15/500] elec2 sgd never_adapt seed=0: 107 adaptations, 0 WU, acc 0.6541 (2s)
2026-09-19 23:15:52  [16/500] elec2 gnb always_rebuild seed=0: 193 adaptations, 39,035 WU, acc 0.7101 (2s)
2026-09-19 23:15:55  [17/500] elec2 gnb mechanism_selector seed=0: 180 adaptations, 42,269 WU, acc 0.7069 (2s)
2026-09-19 23:15:57  [18/500] elec2 gnb fixed_schedule seed=0: 151 adaptations, 31,570 WU, acc 0.6972 (2s)
2026-09-19 23:15:59  [19/500] elec2 gnb always_nudge seed=0: 119 adaptations, 23,115 WU, acc 0.7125 (2s)
2026-09-19 23:16:00  [20/500] elec2 gnb never_adapt seed=0: 30 adaptations, 0 WU, acc 0.4805 (2s)
2026-09-19 23:16:10  [21/500] insects_abrupt xgb always_rebuild seed=0: 5 adaptations, 359,500 WU, acc 0.3778 (8s)
2026-09-19 23:16:17  [22/500] insects_abrupt xgb mechanism_selector seed=0: 3 adaptations, 114,000 WU, acc 0.3185 (7s)
2026-09-19 23:16:25  [23/500] insects_abrupt xgb fixed_schedule seed=0: 8 adaptations, 220,400 WU, acc 0.4951 (9s)
2026-09-19 23:16:34  [24/500] insects_abrupt xgb always_nudge seed=0: 11 adaptations, 33,475 WU, acc 0.5579 (9s)
2026-09-19 23:16:40  [25/500] insects_abrupt xgb never_adapt seed=0: 5 adaptations, 0 WU, acc 0.5618 (6s)
2026-09-19 23:16:47  [26/500] insects_abrupt rf always_rebuild seed=0: 8 adaptations, 738,000 WU, acc 0.5401 (8s)
2026-09-19 23:16:54  [27/500] insects_abrupt rf mechanism_selector seed=0: 7 adaptations, 520,000 WU, acc 0.4495 (7s)
2026-09-19 23:16:59  [28/500] insects_abrupt rf fixed_schedule seed=0: 3 adaptations, 108,000 WU, acc 0.5625 (5s)
2026-09-19 23:17:04  [29/500] insects_abrupt rf always_nudge seed=0: 3 adaptations, 12,000 WU, acc 0.5577 (5s)
2026-09-19 23:17:08  [30/500] insects_abrupt rf never_adapt seed=0: 3 adaptations, 0 WU, acc 0.5569 (5s)
2026-09-19 23:17:11  [31/500] insects_abrupt sgd always_rebuild seed=0: 9 adaptations, 3,707,448 WU, acc 0.2097 (3s)
2026-09-19 23:17:14  [32/500] insects_abrupt sgd mechanism_selector seed=0: 3 adaptations, 206,400 WU, acc 0.2061 (2s)
2026-09-19 23:17:16  [33/500] insects_abrupt sgd fixed_schedule seed=0: 4 adaptations, 80,400 WU, acc 0.2107 (2s)
2026-09-19 23:17:18  [34/500] insects_abrupt sgd always_nudge seed=0: 4 adaptations, 3,200 WU, acc 0.2003 (2s)
2026-09-19 23:17:20  [35/500] insects_abrupt sgd never_adapt seed=0: 5 adaptations, 0 WU, acc 0.1961 (2s)
2026-09-19 23:17:22  [36/500] insects_abrupt gnb always_rebuild seed=0: 8 adaptations, 7,100 WU, acc 0.5457 (2s)
2026-09-19 23:17:23  [37/500] insects_abrupt gnb mechanism_selector seed=0: 7 adaptations, 8,100 WU, acc 0.5355 (2s)
2026-09-19 23:17:25  [38/500] insects_abrupt gnb fixed_schedule seed=0: 2 adaptations, 880 WU, acc 0.4932 (2s)
2026-09-19 23:17:27  [39/500] insects_abrupt gnb always_nudge seed=0: 2 adaptations, 880 WU, acc 0.4932 (2s)
2026-09-19 23:17:28  [40/500] insects_abrupt gnb never_adapt seed=0: 2 adaptations, 0 WU, acc 0.4918 (2s)
2026-09-19 23:17:37  [41/500] insects_gradual xgb always_rebuild seed=0: 11 adaptations, 563,100 WU, acc 0.5645 (8s)
2026-09-19 23:17:42  [42/500] insects_gradual xgb mechanism_selector seed=0: 5 adaptations, 311,020 WU, acc 0.4365 (5s)
2026-09-19 23:17:46  [43/500] insects_gradual xgb fixed_schedule seed=0: 2 adaptations, 7,420 WU, acc 0.2676 (3s)
2026-09-19 23:17:49  [44/500] insects_gradual xgb always_nudge seed=0: 2 adaptations, 7,420 WU, acc 0.2676 (4s)
2026-09-19 23:17:52  [45/500] insects_gradual xgb never_adapt seed=0: 4 adaptations, 0 WU, acc 0.2783 (3s)
2026-09-19 23:17:58  [46/500] insects_gradual rf always_rebuild seed=0: 11 adaptations, 410,900 WU, acc 0.4721 (6s)
2026-09-19 23:18:02  [47/500] insects_gradual rf mechanism_selector seed=0: 8 adaptations, 201,190 WU, acc 0.3152 (4s)
2026-09-19 23:18:07  [48/500] insects_gradual rf fixed_schedule seed=0: 13 adaptations, 266,125 WU, acc 0.2892 (4s)
2026-09-19 23:18:10  [49/500] insects_gradual rf always_nudge seed=0: 8 adaptations, 15,385 WU, acc 0.2509 (3s)
2026-09-19 23:18:13  [50/500] insects_gradual rf never_adapt seed=0: 8 adaptations, 0 WU, acc 0.2571 (3s)
2026-09-19 23:18:15  [51/500] insects_gradual sgd always_rebuild seed=0: 6 adaptations, 2,358,000 WU, acc 0.2010 (2s)
2026-09-19 23:18:17  [52/500] insects_gradual sgd mechanism_selector seed=0: 3 adaptations, 237,800 WU, acc 0.2274 (2s)
2026-09-19 23:18:19  [53/500] insects_gradual sgd fixed_schedule seed=0: 3 adaptations, 1,000,685 WU, acc 0.1777 (2s)
2026-09-19 23:18:21  [54/500] insects_gradual sgd always_nudge seed=0: 3 adaptations, 1,485 WU, acc 0.1766 (2s)
2026-09-19 23:18:23  [55/500] insects_gradual sgd never_adapt seed=0: 4 adaptations, 0 WU, acc 0.1876 (2s)
2026-09-19 23:18:24  [56/500] insects_gradual gnb always_rebuild seed=0: 4 adaptations, 3,100 WU, acc 0.5312 (2s)
2026-09-19 23:18:26  [57/500] insects_gradual gnb mechanism_selector seed=0: 3 adaptations, 2,600 WU, acc 0.5379 (2s)
2026-09-19 23:18:27  [58/500] insects_gradual gnb fixed_schedule seed=0: 3 adaptations, 2,600 WU, acc 0.5495 (2s)
2026-09-19 23:18:29  [59/500] insects_gradual gnb always_nudge seed=0: 3 adaptations, 2,400 WU, acc 0.4311 (2s)
2026-09-19 23:18:31  [60/500] insects_gradual gnb never_adapt seed=0: 3 adaptations, 0 WU, acc 0.3416 (2s)
2026-09-19 23:18:44  [61/500] insects_incremental xgb always_rebuild seed=0: 7 adaptations, 424,300 WU, acc 0.5342 (12s)
2026-09-19 23:18:52  [62/500] insects_incremental xgb mechanism_selector seed=0: 3 adaptations, 82,980 WU, acc 0.4734 (8s)
2026-09-19 23:19:00  [63/500] insects_incremental xgb fixed_schedule seed=0: 3 adaptations, 106,880 WU, acc 0.4801 (8s)
2026-09-19 23:19:09  [64/500] insects_incremental xgb always_nudge seed=0: 4 adaptations, 11,280 WU, acc 0.4381 (8s)
2026-09-19 23:19:16  [65/500] insects_incremental xgb never_adapt seed=0: 3 adaptations, 0 WU, acc 0.2201 (8s)
2026-09-19 23:19:23  [66/500] insects_incremental rf always_rebuild seed=0: 3 adaptations, 300,000 WU, acc 0.5647 (6s)
2026-09-19 23:19:29  [67/500] insects_incremental rf mechanism_selector seed=0: 3 adaptations, 312,000 WU, acc 0.5647 (6s)
2026-09-19 23:19:34  [68/500] insects_incremental rf fixed_schedule seed=0: 2 adaptations, 8,000 WU, acc 0.2260 (5s)
2026-09-19 23:19:39  [69/500] insects_incremental rf always_nudge seed=0: 2 adaptations, 8,000 WU, acc 0.2260 (5s)
2026-09-19 23:19:44  [70/500] insects_incremental rf never_adapt seed=0: 2 adaptations, 0 WU, acc 0.2127 (5s)
2026-09-19 23:19:46  [71/500] insects_incremental sgd always_rebuild seed=0: 0 adaptations, 0 WU, acc 0.2356 (2s)
2026-09-19 23:19:48  [72/500] insects_incremental sgd mechanism_selector seed=0: 0 adaptations, 0 WU, acc 0.2356 (2s)
2026-09-19 23:19:50  [73/500] insects_incremental sgd fixed_schedule seed=0: 0 adaptations, 0 WU, acc 0.2356 (2s)
2026-09-19 23:19:53  [74/500] insects_incremental sgd always_nudge seed=0: 0 adaptations, 0 WU, acc 0.2356 (2s)
2026-09-19 23:19:55  [75/500] insects_incremental sgd never_adapt seed=0: 0 adaptations, 0 WU, acc 0.2356 (2s)
2026-09-19 23:19:56  [76/500] insects_incremental gnb always_rebuild seed=0: 3 adaptations, 3,000 WU, acc 0.5165 (2s)
2026-09-19 23:19:58  [77/500] insects_incremental gnb mechanism_selector seed=0: 3 adaptations, 5,400 WU, acc 0.5165 (2s)
2026-09-19 23:20:00  [78/500] insects_incremental gnb fixed_schedule seed=0: 3 adaptations, 2,600 WU, acc 0.4031 (2s)
2026-09-19 23:20:01  [79/500] insects_incremental gnb always_nudge seed=0: 3 adaptations, 2,400 WU, acc 0.3009 (2s)
2026-09-19 23:20:03  [80/500] insects_incremental gnb never_adapt seed=0: 4 adaptations, 0 WU, acc 0.2059 (2s)
2026-09-19 23:21:07  [81/500] covtype xgb always_rebuild seed=0: 334 adaptations, 6,753,900 WU, acc 0.7493 (63s)
2026-09-19 23:21:41  [82/500] covtype xgb mechanism_selector seed=0: 301 adaptations, 2,130,815 WU, acc 0.6314 (34s)
2026-09-19 23:22:18  [83/500] covtype xgb fixed_schedule seed=0: 256 adaptations, 2,228,585 WU, acc 0.7747 (38s)
2026-09-19 23:23:46  [84/500] covtype xgb always_nudge seed=0: 175 adaptations, 149,295 WU, acc 0.8131 (87s)
2026-09-19 23:23:58  [85/500] covtype xgb never_adapt seed=0: 194 adaptations, 0 WU, acc 0.8262 (13s)
2026-09-19 23:25:43  [86/500] covtype rf always_rebuild seed=0: 475 adaptations, 7,939,900 WU, acc 0.7315 (105s)
2026-09-19 23:26:37  [87/500] covtype rf mechanism_selector seed=0: 353 adaptations, 3,207,875 WU, acc 0.7140 (54s)
2026-09-19 23:26:42  [88/500] covtype rf fixed_schedule seed=0: 5 adaptations, 21,600 WU, acc 0.4268 (5s)
2026-09-19 23:27:07  [89/500] covtype rf always_nudge seed=0: 405 adaptations, 335,960 WU, acc 0.8362 (26s)
2026-09-19 23:27:17  [90/500] covtype rf never_adapt seed=0: 159 adaptations, 0 WU, acc 0.8227 (10s)
2026-09-19 23:27:38  [91/500] covtype sgd always_rebuild seed=0: 158 adaptations, 31,515,000 WU, acc 0.4264 (20s)
2026-09-19 23:27:41  [92/500] covtype sgd mechanism_selector seed=0: 10 adaptations, 436,828 WU, acc 0.0319 (4s)
2026-09-19 23:27:53  [93/500] covtype sgd fixed_schedule seed=0: 180 adaptations, 11,739,855 WU, acc 0.4419 (11s)
2026-09-19 23:27:59  [94/500] covtype sgd always_nudge seed=0: 252 adaptations, 41,139 WU, acc 0.7355 (6s)
2026-09-19 23:28:02  [95/500] covtype sgd never_adapt seed=0: 257 adaptations, 0 WU, acc 0.6454 (4s)
2026-09-19 23:28:08  [96/500] covtype gnb always_rebuild seed=0: 369 adaptations, 72,660 WU, acc 0.7177 (5s)
2026-09-19 23:28:12  [97/500] covtype gnb mechanism_selector seed=0: 287 adaptations, 43,219 WU, acc 0.7178 (4s)
2026-09-19 23:28:16  [98/500] covtype gnb fixed_schedule seed=0: 293 adaptations, 55,934 WU, acc 0.7519 (4s)
2026-09-19 23:28:21  [99/500] covtype gnb always_nudge seed=0: 394 adaptations, 64,465 WU, acc 0.6680 (5s)
2026-09-19 23:28:25  [100/500] covtype gnb never_adapt seed=0: 383 adaptations, 0 WU, acc 0.4561 (4s)
2026-09-19 23:28:46  [101/500] elec2 xgb always_rebuild seed=1: 165 adaptations, 3,564,600 WU, acc 0.7591 (20s)
2026-09-19 23:29:06  [102/500] elec2 xgb mechanism_selector seed=1: 167 adaptations, 2,835,970 WU, acc 0.7601 (20s)
2026-09-19 23:29:17  [103/500] elec2 xgb fixed_schedule seed=1: 151 adaptations, 1,304,220 WU, acc 0.7431 (11s)
2026-09-19 23:29:28  [104/500] elec2 xgb always_nudge seed=1: 123 adaptations, 133,245 WU, acc 0.7627 (11s)
2026-09-19 23:29:31  [105/500] elec2 xgb never_adapt seed=1: 117 adaptations, 0 WU, acc 0.7069 (3s)
2026-09-19 23:30:04  [106/500] elec2 rf always_rebuild seed=1: 168 adaptations, 3,306,300 WU, acc 0.7673 (33s)
2026-09-19 23:30:40  [107/500] elec2 rf mechanism_selector seed=1: 174 adaptations, 3,390,910 WU, acc 0.7759 (36s)
2026-09-19 23:30:57  [108/500] elec2 rf fixed_schedule seed=1: 143 adaptations, 1,326,435 WU, acc 0.7375 (17s)
2026-09-19 23:31:05  [109/500] elec2 rf always_nudge seed=1: 125 adaptations, 142,175 WU, acc 0.7627 (8s)
2026-09-19 23:31:10  [110/500] elec2 rf never_adapt seed=1: 135 adaptations, 0 WU, acc 0.7146 (6s)
2026-09-19 23:31:12  [111/500] elec2 sgd always_rebuild seed=1: 67 adaptations, 651,570 WU, acc 0.6181 (2s)
2026-09-19 23:31:14  [112/500] elec2 sgd mechanism_selector seed=1: 101 adaptations, 638,962 WU, acc 0.6151 (2s)
2026-09-19 23:31:17  [113/500] elec2 sgd fixed_schedule seed=1: 127 adaptations, 491,467 WU, acc 0.6003 (2s)
2026-09-19 23:31:19  [114/500] elec2 sgd always_nudge seed=1: 157 adaptations, 29,018 WU, acc 0.6999 (2s)
2026-09-19 23:31:21  [115/500] elec2 sgd never_adapt seed=1: 105 adaptations, 0 WU, acc 0.6276 (2s)
2026-09-19 23:31:23  [116/500] elec2 gnb always_rebuild seed=1: 193 adaptations, 39,035 WU, acc 0.7101 (2s)
2026-09-19 23:31:25  [117/500] elec2 gnb mechanism_selector seed=1: 180 adaptations, 42,269 WU, acc 0.7069 (2s)
2026-09-19 23:31:27  [118/500] elec2 gnb fixed_schedule seed=1: 151 adaptations, 31,570 WU, acc 0.6972 (2s)
2026-09-19 23:31:29  [119/500] elec2 gnb always_nudge seed=1: 119 adaptations, 23,115 WU, acc 0.7125 (2s)
2026-09-19 23:31:31  [120/500] elec2 gnb never_adapt seed=1: 30 adaptations, 0 WU, acc 0.4805 (2s)
2026-09-19 23:31:40  [121/500] insects_abrupt xgb always_rebuild seed=1: 5 adaptations, 359,500 WU, acc 0.3778 (8s)
2026-09-19 23:31:46  [122/500] insects_abrupt xgb mechanism_selector seed=1: 3 adaptations, 114,000 WU, acc 0.3185 (6s)
2026-09-19 23:31:55  [123/500] insects_abrupt xgb fixed_schedule seed=1: 8 adaptations, 220,400 WU, acc 0.4951 (9s)
2026-09-19 23:32:03  [124/500] insects_abrupt xgb always_nudge seed=1: 11 adaptations, 33,475 WU, acc 0.5579 (8s)
2026-09-19 23:32:08  [125/500] insects_abrupt xgb never_adapt seed=1: 5 adaptations, 0 WU, acc 0.5618 (6s)
2026-09-19 23:32:14  [126/500] insects_abrupt rf always_rebuild seed=1: 7 adaptations, 383,300 WU, acc 0.3806 (6s)
2026-09-19 23:32:19  [127/500] insects_abrupt rf mechanism_selector seed=1: 6 adaptations, 124,000 WU, acc 0.5129 (5s)
2026-09-19 23:32:24  [128/500] insects_abrupt rf fixed_schedule seed=1: 5 adaptations, 109,150 WU, acc 0.4864 (5s)
2026-09-19 23:32:28  [129/500] insects_abrupt rf always_nudge seed=1: 4 adaptations, 12,400 WU, acc 0.5537 (5s)
2026-09-19 23:32:33  [130/500] insects_abrupt rf never_adapt seed=1: 4 adaptations, 0 WU, acc 0.5555 (4s)
2026-09-19 23:32:35  [131/500] insects_abrupt sgd always_rebuild seed=1: 0 adaptations, 0 WU, acc 0.2437 (2s)
2026-09-19 23:32:37  [132/500] insects_abrupt sgd mechanism_selector seed=1: 0 adaptations, 0 WU, acc 0.2437 (2s)
2026-09-19 23:32:39  [133/500] insects_abrupt sgd fixed_schedule seed=1: 0 adaptations, 0 WU, acc 0.2437 (2s)
2026-09-19 23:32:41  [134/500] insects_abrupt sgd always_nudge seed=1: 0 adaptations, 0 WU, acc 0.2437 (2s)
2026-09-19 23:32:42  [135/500] insects_abrupt sgd never_adapt seed=1: 0 adaptations, 0 WU, acc 0.2437 (2s)
2026-09-19 23:32:44  [136/500] insects_abrupt gnb always_rebuild seed=1: 8 adaptations, 7,100 WU, acc 0.5457 (2s)
2026-09-19 23:32:46  [137/500] insects_abrupt gnb mechanism_selector seed=1: 7 adaptations, 8,100 WU, acc 0.5355 (2s)
2026-09-19 23:32:48  [138/500] insects_abrupt gnb fixed_schedule seed=1: 2 adaptations, 880 WU, acc 0.4932 (2s)
2026-09-19 23:32:49  [139/500] insects_abrupt gnb always_nudge seed=1: 2 adaptations, 880 WU, acc 0.4932 (2s)
2026-09-19 23:32:51  [140/500] insects_abrupt gnb never_adapt seed=1: 2 adaptations, 0 WU, acc 0.4918 (2s)
2026-09-19 23:32:59  [141/500] insects_gradual xgb always_rebuild seed=1: 11 adaptations, 563,100 WU, acc 0.5645 (8s)
2026-09-19 23:33:04  [142/500] insects_gradual xgb mechanism_selector seed=1: 5 adaptations, 311,020 WU, acc 0.4365 (5s)
2026-09-19 23:33:07  [143/500] insects_gradual xgb fixed_schedule seed=1: 2 adaptations, 7,420 WU, acc 0.2676 (3s)
2026-09-19 23:33:10  [144/500] insects_gradual xgb always_nudge seed=1: 2 adaptations, 7,420 WU, acc 0.2676 (3s)
2026-09-19 23:33:13  [145/500] insects_gradual xgb never_adapt seed=1: 4 adaptations, 0 WU, acc 0.2783 (3s)
2026-09-19 23:33:18  [146/500] insects_gradual rf always_rebuild seed=1: 7 adaptations, 374,300 WU, acc 0.4750 (5s)
2026-09-19 23:33:22  [147/500] insects_gradual rf mechanism_selector seed=1: 5 adaptations, 251,900 WU, acc 0.3624 (4s)
2026-09-19 23:33:26  [148/500] insects_gradual rf fixed_schedule seed=1: 10 adaptations, 224,625 WU, acc 0.3294 (4s)
2026-09-19 23:33:29  [149/500] insects_gradual rf always_nudge seed=1: 4 adaptations, 11,475 WU, acc 0.2469 (3s)
2026-09-19 23:33:32  [150/500] insects_gradual rf never_adapt seed=1: 4 adaptations, 0 WU, acc 0.2513 (3s)
2026-09-19 23:33:34  [151/500] insects_gradual sgd always_rebuild seed=1: 4 adaptations, 2,096,000 WU, acc 0.1628 (2s)
2026-09-19 23:33:36  [152/500] insects_gradual sgd mechanism_selector seed=1: 2 adaptations, 800 WU, acc 0.1576 (2s)
2026-09-19 23:33:37  [153/500] insects_gradual sgd fixed_schedule seed=1: 3 adaptations, 104,521 WU, acc 0.2166 (2s)
2026-09-19 23:33:39  [154/500] insects_gradual sgd always_nudge seed=1: 4 adaptations, 3,121 WU, acc 0.2640 (2s)
2026-09-19 23:33:41  [155/500] insects_gradual sgd never_adapt seed=1: 2 adaptations, 0 WU, acc 0.1521 (2s)
2026-09-19 23:33:43  [156/500] insects_gradual gnb always_rebuild seed=1: 4 adaptations, 3,100 WU, acc 0.5312 (2s)
2026-09-19 23:33:44  [157/500] insects_gradual gnb mechanism_selector seed=1: 3 adaptations, 2,600 WU, acc 0.5379 (2s)
2026-09-19 23:33:46  [158/500] insects_gradual gnb fixed_schedule seed=1: 3 adaptations, 2,600 WU, acc 0.5495 (2s)
2026-09-19 23:33:47  [159/500] insects_gradual gnb always_nudge seed=1: 3 adaptations, 2,400 WU, acc 0.4311 (2s)
2026-09-19 23:33:49  [160/500] insects_gradual gnb never_adapt seed=1: 3 adaptations, 0 WU, acc 0.3416 (2s)
2026-09-19 23:34:03  [161/500] insects_incremental xgb always_rebuild seed=1: 7 adaptations, 424,300 WU, acc 0.5342 (13s)
2026-09-19 23:34:12  [162/500] insects_incremental xgb mechanism_selector seed=1: 3 adaptations, 82,980 WU, acc 0.4734 (8s)
2026-09-19 23:34:20  [163/500] insects_incremental xgb fixed_schedule seed=1: 3 adaptations, 106,880 WU, acc 0.4801 (9s)
2026-09-19 23:34:28  [164/500] insects_incremental xgb always_nudge seed=1: 4 adaptations, 11,280 WU, acc 0.4381 (8s)
2026-09-19 23:34:35  [165/500] insects_incremental xgb never_adapt seed=1: 3 adaptations, 0 WU, acc 0.2201 (6s)
2026-09-19 23:34:41  [166/500] insects_incremental rf always_rebuild seed=1: 4 adaptations, 348,400 WU, acc 0.5423 (6s)
2026-09-19 23:34:47  [167/500] insects_incremental rf mechanism_selector seed=1: 4 adaptations, 362,335 WU, acc 0.5423 (6s)
2026-09-19 23:34:52  [168/500] insects_incremental rf fixed_schedule seed=1: 2 adaptations, 7,475 WU, acc 0.2244 (5s)
2026-09-19 23:34:57  [169/500] insects_incremental rf always_nudge seed=1: 2 adaptations, 7,475 WU, acc 0.2244 (5s)
2026-09-19 23:35:02  [170/500] insects_incremental rf never_adapt seed=1: 3 adaptations, 0 WU, acc 0.2122 (5s)
2026-09-19 23:35:04  [171/500] insects_incremental sgd always_rebuild seed=1: 0 adaptations, 0 WU, acc 0.1689 (2s)
2026-09-19 23:35:06  [172/500] insects_incremental sgd mechanism_selector seed=1: 0 adaptations, 0 WU, acc 0.1689 (2s)
2026-09-19 23:35:08  [173/500] insects_incremental sgd fixed_schedule seed=1: 0 adaptations, 0 WU, acc 0.1689 (2s)
2026-09-19 23:35:10  [174/500] insects_incremental sgd always_nudge seed=1: 0 adaptations, 0 WU, acc 0.1689 (2s)
2026-09-19 23:35:12  [175/500] insects_incremental sgd never_adapt seed=1: 0 adaptations, 0 WU, acc 0.1689 (2s)
2026-09-19 23:35:13  [176/500] insects_incremental gnb always_rebuild seed=1: 3 adaptations, 3,000 WU, acc 0.5165 (2s)
2026-09-19 23:35:15  [177/500] insects_incremental gnb mechanism_selector seed=1: 3 adaptations, 5,400 WU, acc 0.5165 (2s)
2026-09-19 23:35:17  [178/500] insects_incremental gnb fixed_schedule seed=1: 3 adaptations, 2,600 WU, acc 0.4031 (2s)
2026-09-19 23:35:18  [179/500] insects_incremental gnb always_nudge seed=1: 3 adaptations, 2,400 WU, acc 0.3009 (2s)
2026-09-19 23:35:20  [180/500] insects_incremental gnb never_adapt seed=1: 4 adaptations, 0 WU, acc 0.2059 (2s)
2026-09-19 23:36:22  [181/500] covtype xgb always_rebuild seed=1: 334 adaptations, 6,753,900 WU, acc 0.7493 (61s)
2026-09-19 23:36:53  [182/500] covtype xgb mechanism_selector seed=1: 301 adaptations, 2,130,815 WU, acc 0.6314 (31s)
2026-09-19 23:37:29  [183/500] covtype xgb fixed_schedule seed=1: 256 adaptations, 2,228,585 WU, acc 0.7747 (36s)
2026-09-19 23:38:50  [184/500] covtype xgb always_nudge seed=1: 175 adaptations, 149,295 WU, acc 0.8131 (81s)
2026-09-19 23:39:02  [185/500] covtype xgb never_adapt seed=1: 194 adaptations, 0 WU, acc 0.8262 (12s)
2026-09-19 23:40:30  [186/500] covtype rf always_rebuild seed=1: 438 adaptations, 7,829,300 WU, acc 0.7348 (88s)
2026-09-19 23:41:04  [187/500] covtype rf mechanism_selector seed=1: 296 adaptations, 2,277,870 WU, acc 0.6249 (34s)
2026-09-19 23:41:43  [188/500] covtype rf fixed_schedule seed=1: 342 adaptations, 2,900,655 WU, acc 0.8389 (39s)
2026-09-19 23:42:07  [189/500] covtype rf always_nudge seed=1: 398 adaptations, 320,675 WU, acc 0.8139 (25s)
2026-09-19 23:42:27  [190/500] covtype rf never_adapt seed=1: 433 adaptations, 0 WU, acc 0.8236 (20s)
2026-09-19 23:42:30  [191/500] covtype sgd always_rebuild seed=1: 1 adaptations, 815,000 WU, acc 0.0929 (3s)
2026-09-19 23:42:33  [192/500] covtype sgd mechanism_selector seed=1: 1 adaptations, 815,652 WU, acc 0.0929 (3s)
2026-09-19 23:42:47  [193/500] covtype sgd fixed_schedule seed=1: 266 adaptations, 18,361,410 WU, acc 0.5725 (14s)
2026-09-19 23:42:53  [194/500] covtype sgd always_nudge seed=1: 342 adaptations, 55,049 WU, acc 0.7399 (6s)
2026-09-19 23:42:57  [195/500] covtype sgd never_adapt seed=1: 343 adaptations, 0 WU, acc 0.5454 (4s)
2026-09-19 23:43:02  [196/500] covtype gnb always_rebuild seed=1: 369 adaptations, 72,660 WU, acc 0.7177 (5s)
2026-09-19 23:43:06  [197/500] covtype gnb mechanism_selector seed=1: 287 adaptations, 43,219 WU, acc 0.7178 (4s)
2026-09-19 23:43:10  [198/500] covtype gnb fixed_schedule seed=1: 293 adaptations, 55,934 WU, acc 0.7519 (4s)
2026-09-19 23:43:14  [199/500] covtype gnb always_nudge seed=1: 394 adaptations, 64,465 WU, acc 0.6680 (5s)
2026-09-19 23:43:18  [200/500] covtype gnb never_adapt seed=1: 383 adaptations, 0 WU, acc 0.4561 (4s)
2026-09-19 23:43:38  [201/500] elec2 xgb always_rebuild seed=2: 165 adaptations, 3,564,600 WU, acc 0.7591 (20s)
2026-09-19 23:43:59  [202/500] elec2 xgb mechanism_selector seed=2: 167 adaptations, 2,835,970 WU, acc 0.7601 (21s)
2026-09-19 23:44:11  [203/500] elec2 xgb fixed_schedule seed=2: 151 adaptations, 1,304,220 WU, acc 0.7431 (11s)
2026-09-19 23:44:22  [204/500] elec2 xgb always_nudge seed=2: 123 adaptations, 133,245 WU, acc 0.7627 (11s)
2026-09-19 23:44:24  [205/500] elec2 xgb never_adapt seed=2: 117 adaptations, 0 WU, acc 0.7069 (3s)
2026-09-19 23:44:54  [206/500] elec2 rf always_rebuild seed=2: 158 adaptations, 3,265,200 WU, acc 0.7713 (30s)
2026-09-19 23:45:23  [207/500] elec2 rf mechanism_selector seed=2: 157 adaptations, 3,197,535 WU, acc 0.7722 (29s)
2026-09-19 23:45:38  [208/500] elec2 rf fixed_schedule seed=2: 139 adaptations, 1,347,660 WU, acc 0.7423 (14s)
2026-09-19 23:45:44  [209/500] elec2 rf always_nudge seed=2: 101 adaptations, 125,230 WU, acc 0.7475 (7s)
2026-09-19 23:45:51  [210/500] elec2 rf never_adapt seed=2: 157 adaptations, 0 WU, acc 0.7103 (6s)
2026-09-19 23:45:53  [211/500] elec2 sgd always_rebuild seed=2: 137 adaptations, 1,341,505 WU, acc 0.5749 (2s)
2026-09-19 23:45:54  [212/500] elec2 sgd mechanism_selector seed=2: 33 adaptations, 122,165 WU, acc 0.5898 (2s)
2026-09-19 23:45:56  [213/500] elec2 sgd fixed_schedule seed=2: 124 adaptations, 380,509 WU, acc 0.6227 (2s)
2026-09-19 23:45:58  [214/500] elec2 sgd always_nudge seed=2: 155 adaptations, 27,669 WU, acc 0.7257 (2s)
2026-09-19 23:46:00  [215/500] elec2 sgd never_adapt seed=2: 120 adaptations, 0 WU, acc 0.6672 (2s)
2026-09-19 23:46:02  [216/500] elec2 gnb always_rebuild seed=2: 193 adaptations, 39,035 WU, acc 0.7101 (2s)
2026-09-19 23:46:05  [217/500] elec2 gnb mechanism_selector seed=2: 180 adaptations, 42,269 WU, acc 0.7069 (2s)
2026-09-19 23:46:07  [218/500] elec2 gnb fixed_schedule seed=2: 151 adaptations, 31,570 WU, acc 0.6972 (2s)
2026-09-19 23:46:09  [219/500] elec2 gnb always_nudge seed=2: 119 adaptations, 23,115 WU, acc 0.7125 (2s)
2026-09-19 23:46:11  [220/500] elec2 gnb never_adapt seed=2: 30 adaptations, 0 WU, acc 0.4805 (2s)
2026-09-19 23:46:20  [221/500] insects_abrupt xgb always_rebuild seed=2: 5 adaptations, 359,500 WU, acc 0.3778 (8s)
2026-09-19 23:46:26  [222/500] insects_abrupt xgb mechanism_selector seed=2: 3 adaptations, 114,000 WU, acc 0.3185 (7s)
2026-09-19 23:46:35  [223/500] insects_abrupt xgb fixed_schedule seed=2: 8 adaptations, 220,400 WU, acc 0.4951 (9s)
2026-09-19 23:46:44  [224/500] insects_abrupt xgb always_nudge seed=2: 11 adaptations, 33,475 WU, acc 0.5579 (8s)
2026-09-19 23:46:49  [225/500] insects_abrupt xgb never_adapt seed=2: 5 adaptations, 0 WU, acc 0.5618 (6s)
2026-09-19 23:46:56  [226/500] insects_abrupt rf always_rebuild seed=2: 6 adaptations, 572,500 WU, acc 0.4375 (7s)
2026-09-19 23:47:02  [227/500] insects_abrupt rf mechanism_selector seed=2: 7 adaptations, 397,400 WU, acc 0.3715 (6s)
2026-09-19 23:47:07  [228/500] insects_abrupt rf fixed_schedule seed=2: 4 adaptations, 108,400 WU, acc 0.5621 (5s)
2026-09-19 23:47:12  [229/500] insects_abrupt rf always_nudge seed=2: 3 adaptations, 12,000 WU, acc 0.5563 (5s)
2026-09-19 23:47:16  [230/500] insects_abrupt rf never_adapt seed=2: 3 adaptations, 0 WU, acc 0.5555 (4s)
2026-09-19 23:47:18  [231/500] insects_abrupt sgd always_rebuild seed=2: 0 adaptations, 0 WU, acc 0.2049 (2s)
2026-09-19 23:47:20  [232/500] insects_abrupt sgd mechanism_selector seed=2: 0 adaptations, 0 WU, acc 0.2049 (2s)
2026-09-19 23:47:22  [233/500] insects_abrupt sgd fixed_schedule seed=2: 0 adaptations, 0 WU, acc 0.2049 (2s)
2026-09-19 23:47:24  [234/500] insects_abrupt sgd always_nudge seed=2: 0 adaptations, 0 WU, acc 0.2049 (2s)
2026-09-19 23:47:26  [235/500] insects_abrupt sgd never_adapt seed=2: 0 adaptations, 0 WU, acc 0.2049 (2s)
2026-09-19 23:47:27  [236/500] insects_abrupt gnb always_rebuild seed=2: 8 adaptations, 7,100 WU, acc 0.5457 (2s)
2026-09-19 23:47:29  [237/500] insects_abrupt gnb mechanism_selector seed=2: 7 adaptations, 8,100 WU, acc 0.5355 (2s)
2026-09-19 23:47:31  [238/500] insects_abrupt gnb fixed_schedule seed=2: 2 adaptations, 880 WU, acc 0.4932 (2s)
2026-09-19 23:47:32  [239/500] insects_abrupt gnb always_nudge seed=2: 2 adaptations, 880 WU, acc 0.4932 (2s)
2026-09-19 23:47:34  [240/500] insects_abrupt gnb never_adapt seed=2: 2 adaptations, 0 WU, acc 0.4918 (2s)
2026-09-19 23:47:42  [241/500] insects_gradual xgb always_rebuild seed=2: 11 adaptations, 563,100 WU, acc 0.5645 (8s)
2026-09-19 23:47:47  [242/500] insects_gradual xgb mechanism_selector seed=2: 5 adaptations, 311,020 WU, acc 0.4365 (5s)
2026-09-19 23:47:50  [243/500] insects_gradual xgb fixed_schedule seed=2: 2 adaptations, 7,420 WU, acc 0.2676 (3s)
2026-09-19 23:47:53  [244/500] insects_gradual xgb always_nudge seed=2: 2 adaptations, 7,420 WU, acc 0.2676 (3s)
2026-09-19 23:47:56  [245/500] insects_gradual xgb never_adapt seed=2: 4 adaptations, 0 WU, acc 0.2783 (3s)
2026-09-19 23:48:01  [246/500] insects_gradual rf always_rebuild seed=2: 6 adaptations, 405,600 WU, acc 0.4346 (5s)
2026-09-19 23:48:05  [247/500] insects_gradual rf mechanism_selector seed=2: 5 adaptations, 307,020 WU, acc 0.5169 (4s)
2026-09-19 23:48:09  [248/500] insects_gradual rf fixed_schedule seed=2: 6 adaptations, 132,340 WU, acc 0.4006 (3s)
2026-09-19 23:48:11  [249/500] insects_gradual rf always_nudge seed=2: 4 adaptations, 15,420 WU, acc 0.2520 (3s)
2026-09-19 23:48:14  [250/500] insects_gradual rf never_adapt seed=2: 4 adaptations, 0 WU, acc 0.2520 (3s)
2026-09-19 23:48:16  [251/500] insects_gradual sgd always_rebuild seed=2: 6 adaptations, 2,100,000 WU, acc 0.2023 (2s)
2026-09-19 23:48:18  [252/500] insects_gradual sgd mechanism_selector seed=2: 6 adaptations, 360,016 WU, acc 0.1950 (2s)
2026-09-19 23:48:20  [253/500] insects_gradual sgd fixed_schedule seed=2: 7 adaptations, 1,091,400 WU, acc 0.2386 (2s)
2026-09-19 23:48:22  [254/500] insects_gradual sgd always_nudge seed=2: 8 adaptations, 3,003 WU, acc 0.2618 (2s)
2026-09-19 23:48:24  [255/500] insects_gradual sgd never_adapt seed=2: 4 adaptations, 0 WU, acc 0.1713 (2s)
2026-09-19 23:48:26  [256/500] insects_gradual gnb always_rebuild seed=2: 4 adaptations, 3,100 WU, acc 0.5312 (2s)
2026-09-19 23:48:27  [257/500] insects_gradual gnb mechanism_selector seed=2: 3 adaptations, 2,600 WU, acc 0.5379 (2s)
2026-09-19 23:48:29  [258/500] insects_gradual gnb fixed_schedule seed=2: 3 adaptations, 2,600 WU, acc 0.5495 (2s)
2026-09-19 23:48:30  [259/500] insects_gradual gnb always_nudge seed=2: 3 adaptations, 2,400 WU, acc 0.4311 (2s)
2026-09-19 23:48:32  [260/500] insects_gradual gnb never_adapt seed=2: 3 adaptations, 0 WU, acc 0.3416 (2s)
2026-09-19 23:48:45  [261/500] insects_incremental xgb always_rebuild seed=2: 7 adaptations, 424,300 WU, acc 0.5342 (12s)
2026-09-19 23:48:54  [262/500] insects_incremental xgb mechanism_selector seed=2: 3 adaptations, 82,980 WU, acc 0.4734 (9s)
2026-09-19 23:49:02  [263/500] insects_incremental xgb fixed_schedule seed=2: 3 adaptations, 106,880 WU, acc 0.4801 (8s)
2026-09-19 23:49:10  [264/500] insects_incremental xgb always_nudge seed=2: 4 adaptations, 11,280 WU, acc 0.4381 (8s)
2026-09-19 23:49:16  [265/500] insects_incremental xgb never_adapt seed=2: 3 adaptations, 0 WU, acc 0.2201 (6s)
2026-09-19 23:49:23  [266/500] insects_incremental rf always_rebuild seed=2: 7 adaptations, 494,300 WU, acc 0.5265 (7s)
2026-09-19 23:49:29  [267/500] insects_incremental rf mechanism_selector seed=2: 3 adaptations, 185,270 WU, acc 0.5028 (6s)
2026-09-19 23:49:35  [268/500] insects_incremental rf fixed_schedule seed=2: 4 adaptations, 110,970 WU, acc 0.2862 (6s)
2026-09-19 23:49:40  [269/500] insects_incremental rf always_nudge seed=2: 3 adaptations, 10,970 WU, acc 0.2237 (5s)
2026-09-19 23:49:44  [270/500] insects_incremental rf never_adapt seed=2: 4 adaptations, 0 WU, acc 0.2092 (5s)
2026-09-19 23:49:46  [271/500] insects_incremental sgd always_rebuild seed=2: 0 adaptations, 0 WU, acc 0.1616 (2s)
2026-09-19 23:49:49  [272/500] insects_incremental sgd mechanism_selector seed=2: 0 adaptations, 0 WU, acc 0.1616 (2s)
2026-09-19 23:49:51  [273/500] insects_incremental sgd fixed_schedule seed=2: 0 adaptations, 0 WU, acc 0.1616 (2s)
2026-09-19 23:49:53  [274/500] insects_incremental sgd always_nudge seed=2: 0 adaptations, 0 WU, acc 0.1616 (2s)
2026-09-19 23:49:55  [275/500] insects_incremental sgd never_adapt seed=2: 0 adaptations, 0 WU, acc 0.1616 (2s)
2026-09-19 23:49:56  [276/500] insects_incremental gnb always_rebuild seed=2: 3 adaptations, 3,000 WU, acc 0.5165 (2s)
2026-09-19 23:49:58  [277/500] insects_incremental gnb mechanism_selector seed=2: 3 adaptations, 5,400 WU, acc 0.5165 (2s)
2026-09-19 23:50:00  [278/500] insects_incremental gnb fixed_schedule seed=2: 3 adaptations, 2,600 WU, acc 0.4031 (2s)
2026-09-19 23:50:01  [279/500] insects_incremental gnb always_nudge seed=2: 3 adaptations, 2,400 WU, acc 0.3009 (2s)
2026-09-19 23:50:03  [280/500] insects_incremental gnb never_adapt seed=2: 4 adaptations, 0 WU, acc 0.2059 (2s)
2026-09-19 23:51:03  [281/500] covtype xgb always_rebuild seed=2: 334 adaptations, 6,753,900 WU, acc 0.7493 (60s)
2026-09-19 23:51:35  [282/500] covtype xgb mechanism_selector seed=2: 301 adaptations, 2,130,815 WU, acc 0.6314 (32s)
2026-09-19 23:52:11  [283/500] covtype xgb fixed_schedule seed=2: 256 adaptations, 2,228,585 WU, acc 0.7747 (36s)
2026-09-19 23:53:32  [284/500] covtype xgb always_nudge seed=2: 175 adaptations, 149,295 WU, acc 0.8131 (81s)
2026-09-19 23:53:43  [285/500] covtype xgb never_adapt seed=2: 194 adaptations, 0 WU, acc 0.8262 (11s)
2026-09-19 23:54:29  [286/500] covtype rf always_rebuild seed=2: 223 adaptations, 4,118,700 WU, acc 0.7858 (46s)
2026-09-19 23:55:06  [287/500] covtype rf mechanism_selector seed=2: 209 adaptations, 2,401,765 WU, acc 0.5153 (36s)
2026-09-19 23:55:46  [288/500] covtype rf fixed_schedule seed=2: 376 adaptations, 2,912,300 WU, acc 0.8157 (40s)
2026-09-19 23:56:08  [289/500] covtype rf always_nudge seed=2: 358 adaptations, 298,435 WU, acc 0.8228 (22s)
2026-09-19 23:56:26  [290/500] covtype rf never_adapt seed=2: 408 adaptations, 0 WU, acc 0.8237 (18s)
2026-09-19 23:56:58  [291/500] covtype sgd always_rebuild seed=2: 292 adaptations, 56,667,000 WU, acc 0.5018 (32s)
2026-09-19 23:57:01  [292/500] covtype sgd mechanism_selector seed=2: 7 adaptations, 321 WU, acc 0.0438 (3s)
2026-09-19 23:57:04  [293/500] covtype sgd fixed_schedule seed=2: 4 adaptations, 272,527 WU, acc 0.0896 (3s)
2026-09-19 23:57:09  [294/500] covtype sgd always_nudge seed=2: 251 adaptations, 39,332 WU, acc 0.5346 (5s)
2026-09-19 23:57:12  [295/500] covtype sgd never_adapt seed=2: 19 adaptations, 0 WU, acc 0.1776 (3s)
2026-09-19 23:57:17  [296/500] covtype gnb always_rebuild seed=2: 369 adaptations, 72,660 WU, acc 0.7177 (5s)
2026-09-19 23:57:21  [297/500] covtype gnb mechanism_selector seed=2: 287 adaptations, 43,219 WU, acc 0.7178 (4s)
2026-09-19 23:57:25  [298/500] covtype gnb fixed_schedule seed=2: 293 adaptations, 55,934 WU, acc 0.7519 (4s)
2026-09-19 23:57:29  [299/500] covtype gnb always_nudge seed=2: 394 adaptations, 64,465 WU, acc 0.6680 (5s)
2026-09-19 23:57:33  [300/500] covtype gnb never_adapt seed=2: 383 adaptations, 0 WU, acc 0.4561 (3s)
2026-09-19 23:57:53  [301/500] elec2 xgb always_rebuild seed=3: 165 adaptations, 3,564,600 WU, acc 0.7591 (20s)
2026-09-19 23:58:14  [302/500] elec2 xgb mechanism_selector seed=3: 167 adaptations, 2,835,970 WU, acc 0.7601 (21s)
2026-09-19 23:58:25  [303/500] elec2 xgb fixed_schedule seed=3: 151 adaptations, 1,304,220 WU, acc 0.7431 (11s)
2026-09-19 23:58:37  [304/500] elec2 xgb always_nudge seed=3: 123 adaptations, 133,245 WU, acc 0.7627 (11s)
2026-09-19 23:58:39  [305/500] elec2 xgb never_adapt seed=3: 117 adaptations, 0 WU, acc 0.7069 (3s)
2026-09-19 23:59:09  [306/500] elec2 rf always_rebuild seed=3: 162 adaptations, 3,198,600 WU, acc 0.7652 (30s)
2026-09-19 23:59:40  [307/500] elec2 rf mechanism_selector seed=3: 162 adaptations, 3,263,530 WU, acc 0.7652 (31s)
2026-09-19 23:59:49  [308/500] elec2 rf fixed_schedule seed=3: 74 adaptations, 688,855 WU, acc 0.7380 (9s)
2026-09-19 23:59:57  [309/500] elec2 rf always_nudge seed=3: 117 adaptations, 144,965 WU, acc 0.7531 (8s)
2026-09-20 00:00:03  [310/500] elec2 rf never_adapt seed=3: 161 adaptations, 0 WU, acc 0.7084 (6s)
2026-09-20 00:00:05  [311/500] elec2 sgd always_rebuild seed=3: 21 adaptations, 286,562 WU, acc 0.6194 (2s)
2026-09-20 00:00:06  [312/500] elec2 sgd mechanism_selector seed=3: 49 adaptations, 320,649 WU, acc 0.6528 (2s)
2026-09-20 00:00:08  [313/500] elec2 sgd fixed_schedule seed=3: 103 adaptations, 464,802 WU, acc 0.5952 (2s)
2026-09-20 00:00:10  [314/500] elec2 sgd always_nudge seed=3: 158 adaptations, 29,284 WU, acc 0.7043 (2s)
2026-09-20 00:00:12  [315/500] elec2 sgd never_adapt seed=3: 130 adaptations, 0 WU, acc 0.6889 (2s)
2026-09-20 00:00:14  [316/500] elec2 gnb always_rebuild seed=3: 193 adaptations, 39,035 WU, acc 0.7101 (2s)
2026-09-20 00:00:17  [317/500] elec2 gnb mechanism_selector seed=3: 180 adaptations, 42,269 WU, acc 0.7069 (2s)
2026-09-20 00:00:19  [318/500] elec2 gnb fixed_schedule seed=3: 151 adaptations, 31,570 WU, acc 0.6972 (2s)
2026-09-20 00:00:21  [319/500] elec2 gnb always_nudge seed=3: 119 adaptations, 23,115 WU, acc 0.7125 (2s)
2026-09-20 00:00:22  [320/500] elec2 gnb never_adapt seed=3: 30 adaptations, 0 WU, acc 0.4805 (2s)
2026-09-20 00:00:31  [321/500] insects_abrupt xgb always_rebuild seed=3: 5 adaptations, 359,500 WU, acc 0.3778 (8s)
2026-09-20 00:00:38  [322/500] insects_abrupt xgb mechanism_selector seed=3: 3 adaptations, 114,000 WU, acc 0.3185 (6s)
2026-09-20 00:00:46  [323/500] insects_abrupt xgb fixed_schedule seed=3: 8 adaptations, 220,400 WU, acc 0.4951 (9s)
2026-09-20 00:00:54  [324/500] insects_abrupt xgb always_nudge seed=3: 11 adaptations, 33,475 WU, acc 0.5579 (8s)
2026-09-20 00:01:00  [325/500] insects_abrupt xgb never_adapt seed=3: 5 adaptations, 0 WU, acc 0.5618 (6s)
2026-09-20 00:01:07  [326/500] insects_abrupt rf always_rebuild seed=3: 9 adaptations, 812,300 WU, acc 0.5642 (8s)
2026-09-20 00:01:15  [327/500] insects_abrupt rf mechanism_selector seed=3: 9 adaptations, 844,300 WU, acc 0.5642 (8s)
2026-09-20 00:01:20  [328/500] insects_abrupt rf fixed_schedule seed=3: 5 adaptations, 109,270 WU, acc 0.4828 (5s)
2026-09-20 00:01:25  [329/500] insects_abrupt rf always_nudge seed=3: 4 adaptations, 12,490 WU, acc 0.5537 (5s)
2026-09-20 00:01:29  [330/500] insects_abrupt rf never_adapt seed=3: 4 adaptations, 0 WU, acc 0.5555 (4s)
2026-09-20 00:01:31  [331/500] insects_abrupt sgd always_rebuild seed=3: 0 adaptations, 0 WU, acc 0.1879 (2s)
2026-09-20 00:01:33  [332/500] insects_abrupt sgd mechanism_selector seed=3: 0 adaptations, 0 WU, acc 0.1879 (2s)
2026-09-20 00:01:35  [333/500] insects_abrupt sgd fixed_schedule seed=3: 0 adaptations, 0 WU, acc 0.1879 (2s)
2026-09-20 00:01:37  [334/500] insects_abrupt sgd always_nudge seed=3: 0 adaptations, 0 WU, acc 0.1879 (2s)
2026-09-20 00:01:39  [335/500] insects_abrupt sgd never_adapt seed=3: 0 adaptations, 0 WU, acc 0.1879 (2s)
2026-09-20 00:01:41  [336/500] insects_abrupt gnb always_rebuild seed=3: 8 adaptations, 7,100 WU, acc 0.5457 (2s)
2026-09-20 00:01:42  [337/500] insects_abrupt gnb mechanism_selector seed=3: 7 adaptations, 8,100 WU, acc 0.5355 (2s)
2026-09-20 00:01:44  [338/500] insects_abrupt gnb fixed_schedule seed=3: 2 adaptations, 880 WU, acc 0.4932 (2s)
2026-09-20 00:01:46  [339/500] insects_abrupt gnb always_nudge seed=3: 2 adaptations, 880 WU, acc 0.4932 (2s)
2026-09-20 00:01:47  [340/500] insects_abrupt gnb never_adapt seed=3: 2 adaptations, 0 WU, acc 0.4918 (2s)
2026-09-20 00:01:55  [341/500] insects_gradual xgb always_rebuild seed=3: 11 adaptations, 563,100 WU, acc 0.5645 (8s)
2026-09-20 00:02:00  [342/500] insects_gradual xgb mechanism_selector seed=3: 5 adaptations, 311,020 WU, acc 0.4365 (5s)
2026-09-20 00:02:03  [343/500] insects_gradual xgb fixed_schedule seed=3: 2 adaptations, 7,420 WU, acc 0.2676 (3s)
2026-09-20 00:02:07  [344/500] insects_gradual xgb always_nudge seed=3: 2 adaptations, 7,420 WU, acc 0.2676 (3s)
2026-09-20 00:02:10  [345/500] insects_gradual xgb never_adapt seed=3: 4 adaptations, 0 WU, acc 0.2783 (3s)
2026-09-20 00:02:14  [346/500] insects_gradual rf always_rebuild seed=3: 7 adaptations, 447,900 WU, acc 0.4470 (5s)
2026-09-20 00:02:19  [347/500] insects_gradual rf mechanism_selector seed=3: 8 adaptations, 305,620 WU, acc 0.4357 (4s)
2026-09-20 00:02:22  [348/500] insects_gradual rf fixed_schedule seed=3: 5 adaptations, 112,205 WU, acc 0.2623 (3s)
2026-09-20 00:02:25  [349/500] insects_gradual rf always_nudge seed=3: 4 adaptations, 15,420 WU, acc 0.2507 (3s)
2026-09-20 00:02:27  [350/500] insects_gradual rf never_adapt seed=3: 4 adaptations, 0 WU, acc 0.2512 (3s)
2026-09-20 00:02:30  [351/500] insects_gradual sgd always_rebuild seed=3: 3 adaptations, 1,990,000 WU, acc 0.1520 (2s)
2026-09-20 00:02:32  [352/500] insects_gradual sgd mechanism_selector seed=3: 6 adaptations, 1,343,600 WU, acc 0.2110 (2s)
2026-09-20 00:02:34  [353/500] insects_gradual sgd fixed_schedule seed=3: 6 adaptations, 889,392 WU, acc 0.2753 (2s)
2026-09-20 00:02:36  [354/500] insects_gradual sgd always_nudge seed=3: 4 adaptations, 2,912 WU, acc 0.2125 (2s)
2026-09-20 00:02:37  [355/500] insects_gradual sgd never_adapt seed=3: 3 adaptations, 0 WU, acc 0.1715 (2s)
2026-09-20 00:02:39  [356/500] insects_gradual gnb always_rebuild seed=3: 4 adaptations, 3,100 WU, acc 0.5312 (2s)
2026-09-20 00:02:40  [357/500] insects_gradual gnb mechanism_selector seed=3: 3 adaptations, 2,600 WU, acc 0.5379 (2s)
2026-09-20 00:02:42  [358/500] insects_gradual gnb fixed_schedule seed=3: 3 adaptations, 2,600 WU, acc 0.5495 (2s)
2026-09-20 00:02:44  [359/500] insects_gradual gnb always_nudge seed=3: 3 adaptations, 2,400 WU, acc 0.4311 (2s)
2026-09-20 00:02:45  [360/500] insects_gradual gnb never_adapt seed=3: 3 adaptations, 0 WU, acc 0.3416 (2s)
2026-09-20 00:02:58  [361/500] insects_incremental xgb always_rebuild seed=3: 7 adaptations, 424,300 WU, acc 0.5342 (12s)
2026-09-20 00:03:06  [362/500] insects_incremental xgb mechanism_selector seed=3: 3 adaptations, 82,980 WU, acc 0.4734 (8s)
2026-09-20 00:03:14  [363/500] insects_incremental xgb fixed_schedule seed=3: 3 adaptations, 106,880 WU, acc 0.4801 (8s)
2026-09-20 00:03:21  [364/500] insects_incremental xgb always_nudge seed=3: 4 adaptations, 11,280 WU, acc 0.4381 (7s)
2026-09-20 00:03:27  [365/500] insects_incremental xgb never_adapt seed=3: 3 adaptations, 0 WU, acc 0.2201 (6s)
2026-09-20 00:03:34  [366/500] insects_incremental rf always_rebuild seed=3: 4 adaptations, 280,600 WU, acc 0.5373 (7s)
2026-09-20 00:03:42  [367/500] insects_incremental rf mechanism_selector seed=3: 4 adaptations, 291,820 WU, acc 0.5373 (7s)
2026-09-20 00:03:47  [368/500] insects_incremental rf fixed_schedule seed=3: 4 adaptations, 109,585 WU, acc 0.5121 (6s)
2026-09-20 00:03:52  [369/500] insects_incremental rf always_nudge seed=3: 5 adaptations, 17,585 WU, acc 0.2518 (5s)
2026-09-20 00:03:57  [370/500] insects_incremental rf never_adapt seed=3: 3 adaptations, 0 WU, acc 0.2122 (5s)
2026-09-20 00:04:00  [371/500] insects_incremental sgd always_rebuild seed=3: 1 adaptations, 88,000 WU, acc 0.2145 (2s)
2026-09-20 00:04:02  [372/500] insects_incremental sgd mechanism_selector seed=3: 1 adaptations, 0 WU, acc 0.1882 (2s)
2026-09-20 00:04:04  [373/500] insects_incremental sgd fixed_schedule seed=3: 1 adaptations, 800 WU, acc 0.2030 (2s)
2026-09-20 00:04:06  [374/500] insects_incremental sgd always_nudge seed=3: 1 adaptations, 800 WU, acc 0.2030 (2s)
2026-09-20 00:04:08  [375/500] insects_incremental sgd never_adapt seed=3: 1 adaptations, 0 WU, acc 0.1882 (2s)
2026-09-20 00:04:10  [376/500] insects_incremental gnb always_rebuild seed=3: 3 adaptations, 3,000 WU, acc 0.5165 (2s)
2026-09-20 00:04:11  [377/500] insects_incremental gnb mechanism_selector seed=3: 3 adaptations, 5,400 WU, acc 0.5165 (2s)
2026-09-20 00:04:13  [378/500] insects_incremental gnb fixed_schedule seed=3: 3 adaptations, 2,600 WU, acc 0.4031 (2s)
2026-09-20 00:04:15  [379/500] insects_incremental gnb always_nudge seed=3: 3 adaptations, 2,400 WU, acc 0.3009 (2s)
2026-09-20 00:04:16  [380/500] insects_incremental gnb never_adapt seed=3: 4 adaptations, 0 WU, acc 0.2059 (2s)
2026-09-20 00:05:38  [381/500] covtype xgb always_rebuild seed=3: 334 adaptations, 6,753,900 WU, acc 0.7493 (81s)
2026-09-20 00:06:16  [382/500] covtype xgb mechanism_selector seed=3: 301 adaptations, 2,130,815 WU, acc 0.6314 (37s)
2026-09-20 00:06:59  [383/500] covtype xgb fixed_schedule seed=3: 256 adaptations, 2,228,585 WU, acc 0.7747 (43s)
2026-09-20 00:08:30  [384/500] covtype xgb always_nudge seed=3: 175 adaptations, 149,295 WU, acc 0.8131 (91s)
2026-09-20 00:08:42  [385/500] covtype xgb never_adapt seed=3: 194 adaptations, 0 WU, acc 0.8262 (12s)
2026-09-20 00:10:21  [386/500] covtype rf always_rebuild seed=3: 431 adaptations, 7,406,000 WU, acc 0.7451 (99s)
2026-09-20 00:11:29  [387/500] covtype rf mechanism_selector seed=3: 410 adaptations, 4,371,875 WU, acc 0.6917 (68s)
2026-09-20 00:12:17  [388/500] covtype rf fixed_schedule seed=3: 392 adaptations, 2,988,865 WU, acc 0.8405 (48s)
2026-09-20 00:12:41  [389/500] covtype rf always_nudge seed=3: 360 adaptations, 300,075 WU, acc 0.8207 (24s)
2026-09-20 00:13:01  [390/500] covtype rf never_adapt seed=3: 403 adaptations, 0 WU, acc 0.8250 (20s)
2026-09-20 00:13:20  [391/500] covtype sgd always_rebuild seed=3: 148 adaptations, 27,255,000 WU, acc 0.3925 (19s)
2026-09-20 00:13:33  [392/500] covtype sgd mechanism_selector seed=3: 172 adaptations, 17,719,850 WU, acc 0.3714 (13s)
2026-09-20 00:13:45  [393/500] covtype sgd fixed_schedule seed=3: 216 adaptations, 14,140,931 WU, acc 0.4563 (12s)
2026-09-20 00:13:52  [394/500] covtype sgd always_nudge seed=3: 421 adaptations, 64,990 WU, acc 0.7297 (7s)
2026-09-20 00:13:56  [395/500] covtype sgd never_adapt seed=3: 65 adaptations, 0 WU, acc 0.2401 (4s)
2026-09-20 00:14:02  [396/500] covtype gnb always_rebuild seed=3: 369 adaptations, 72,660 WU, acc 0.7177 (6s)
2026-09-20 00:14:06  [397/500] covtype gnb mechanism_selector seed=3: 287 adaptations, 43,219 WU, acc 0.7178 (4s)
2026-09-20 00:14:10  [398/500] covtype gnb fixed_schedule seed=3: 293 adaptations, 55,934 WU, acc 0.7519 (4s)
2026-09-20 00:14:16  [399/500] covtype gnb always_nudge seed=3: 394 adaptations, 64,465 WU, acc 0.6680 (6s)
2026-09-20 00:14:20  [400/500] covtype gnb never_adapt seed=3: 383 adaptations, 0 WU, acc 0.4561 (4s)
2026-09-20 00:14:42  [401/500] elec2 xgb always_rebuild seed=4: 165 adaptations, 3,564,600 WU, acc 0.7591 (21s)
2026-09-20 00:15:03  [402/500] elec2 xgb mechanism_selector seed=4: 167 adaptations, 2,835,970 WU, acc 0.7601 (21s)
2026-09-20 00:15:15  [403/500] elec2 xgb fixed_schedule seed=4: 151 adaptations, 1,304,220 WU, acc 0.7431 (12s)
2026-09-20 00:15:26  [404/500] elec2 xgb always_nudge seed=4: 123 adaptations, 133,245 WU, acc 0.7627 (11s)
2026-09-20 00:15:29  [405/500] elec2 xgb never_adapt seed=4: 117 adaptations, 0 WU, acc 0.7069 (3s)
2026-09-20 00:16:08  [406/500] elec2 rf always_rebuild seed=4: 189 adaptations, 3,704,400 WU, acc 0.7616 (39s)
2026-09-20 00:16:39  [407/500] elec2 rf mechanism_selector seed=4: 140 adaptations, 2,819,650 WU, acc 0.7489 (30s)
2026-09-20 00:16:54  [408/500] elec2 rf fixed_schedule seed=4: 126 adaptations, 1,267,205 WU, acc 0.7424 (16s)
2026-09-20 00:17:02  [409/500] elec2 rf always_nudge seed=4: 103 adaptations, 120,980 WU, acc 0.7541 (8s)
2026-09-20 00:17:08  [410/500] elec2 rf never_adapt seed=4: 148 adaptations, 0 WU, acc 0.7076 (6s)
2026-09-20 00:17:10  [411/500] elec2 sgd always_rebuild seed=4: 82 adaptations, 981,781 WU, acc 0.6020 (2s)
2026-09-20 00:17:12  [412/500] elec2 sgd mechanism_selector seed=4: 143 adaptations, 795,296 WU, acc 0.6031 (2s)
2026-09-20 00:17:15  [413/500] elec2 sgd fixed_schedule seed=4: 103 adaptations, 315,368 WU, acc 0.6438 (2s)
2026-09-20 00:17:17  [414/500] elec2 sgd always_nudge seed=4: 130 adaptations, 26,693 WU, acc 0.7149 (2s)
2026-09-20 00:17:18  [415/500] elec2 sgd never_adapt seed=4: 118 adaptations, 0 WU, acc 0.6647 (2s)
2026-09-20 00:17:21  [416/500] elec2 gnb always_rebuild seed=4: 193 adaptations, 39,035 WU, acc 0.7101 (2s)
2026-09-20 00:17:23  [417/500] elec2 gnb mechanism_selector seed=4: 180 adaptations, 42,269 WU, acc 0.7069 (2s)
2026-09-20 00:17:26  [418/500] elec2 gnb fixed_schedule seed=4: 151 adaptations, 31,570 WU, acc 0.6972 (2s)
2026-09-20 00:17:28  [419/500] elec2 gnb always_nudge seed=4: 119 adaptations, 23,115 WU, acc 0.7125 (2s)
2026-09-20 00:17:29  [420/500] elec2 gnb never_adapt seed=4: 30 adaptations, 0 WU, acc 0.4805 (2s)
2026-09-20 00:17:39  [421/500] insects_abrupt xgb always_rebuild seed=4: 5 adaptations, 359,500 WU, acc 0.3778 (9s)
2026-09-20 00:17:46  [422/500] insects_abrupt xgb mechanism_selector seed=4: 3 adaptations, 114,000 WU, acc 0.3185 (7s)
2026-09-20 00:17:54  [423/500] insects_abrupt xgb fixed_schedule seed=4: 8 adaptations, 220,400 WU, acc 0.4951 (9s)
2026-09-20 00:18:03  [424/500] insects_abrupt xgb always_nudge seed=4: 11 adaptations, 33,475 WU, acc 0.5579 (8s)
2026-09-20 00:18:08  [425/500] insects_abrupt xgb never_adapt seed=4: 5 adaptations, 0 WU, acc 0.5618 (6s)
2026-09-20 00:18:15  [426/500] insects_abrupt rf always_rebuild seed=4: 8 adaptations, 684,400 WU, acc 0.4748 (7s)
2026-09-20 00:18:22  [427/500] insects_abrupt rf mechanism_selector seed=4: 10 adaptations, 521,375 WU, acc 0.4134 (6s)
2026-09-20 00:18:27  [428/500] insects_abrupt rf fixed_schedule seed=4: 3 adaptations, 108,000 WU, acc 0.5624 (5s)
2026-09-20 00:18:31  [429/500] insects_abrupt rf always_nudge seed=4: 3 adaptations, 12,000 WU, acc 0.5575 (5s)
2026-09-20 00:18:36  [430/500] insects_abrupt rf never_adapt seed=4: 3 adaptations, 0 WU, acc 0.5574 (4s)
2026-09-20 00:18:38  [431/500] insects_abrupt sgd always_rebuild seed=4: 0 adaptations, 0 WU, acc 0.1982 (2s)
2026-09-20 00:18:40  [432/500] insects_abrupt sgd mechanism_selector seed=4: 0 adaptations, 0 WU, acc 0.1982 (2s)
2026-09-20 00:18:42  [433/500] insects_abrupt sgd fixed_schedule seed=4: 0 adaptations, 0 WU, acc 0.1982 (2s)
2026-09-20 00:18:44  [434/500] insects_abrupt sgd always_nudge seed=4: 0 adaptations, 0 WU, acc 0.1982 (2s)
2026-09-20 00:18:46  [435/500] insects_abrupt sgd never_adapt seed=4: 0 adaptations, 0 WU, acc 0.1982 (2s)
2026-09-20 00:18:47  [436/500] insects_abrupt gnb always_rebuild seed=4: 8 adaptations, 7,100 WU, acc 0.5457 (2s)
2026-09-20 00:18:49  [437/500] insects_abrupt gnb mechanism_selector seed=4: 7 adaptations, 8,100 WU, acc 0.5355 (2s)
2026-09-20 00:18:51  [438/500] insects_abrupt gnb fixed_schedule seed=4: 2 adaptations, 880 WU, acc 0.4932 (2s)
2026-09-20 00:18:52  [439/500] insects_abrupt gnb always_nudge seed=4: 2 adaptations, 880 WU, acc 0.4932 (2s)
2026-09-20 00:18:54  [440/500] insects_abrupt gnb never_adapt seed=4: 2 adaptations, 0 WU, acc 0.4918 (2s)
2026-09-20 00:19:02  [441/500] insects_gradual xgb always_rebuild seed=4: 11 adaptations, 563,100 WU, acc 0.5645 (8s)
2026-09-20 00:19:07  [442/500] insects_gradual xgb mechanism_selector seed=4: 5 adaptations, 311,020 WU, acc 0.4365 (5s)
2026-09-20 00:19:11  [443/500] insects_gradual xgb fixed_schedule seed=4: 2 adaptations, 7,420 WU, acc 0.2676 (3s)
2026-09-20 00:19:14  [444/500] insects_gradual xgb always_nudge seed=4: 2 adaptations, 7,420 WU, acc 0.2676 (3s)
2026-09-20 00:19:17  [445/500] insects_gradual xgb never_adapt seed=4: 4 adaptations, 0 WU, acc 0.2783 (3s)
2026-09-20 00:19:21  [446/500] insects_gradual rf always_rebuild seed=4: 4 adaptations, 301,800 WU, acc 0.4048 (4s)
2026-09-20 00:19:26  [447/500] insects_gradual rf mechanism_selector seed=4: 7 adaptations, 336,900 WU, acc 0.4671 (5s)
2026-09-20 00:19:29  [448/500] insects_gradual rf fixed_schedule seed=4: 6 adaptations, 131,880 WU, acc 0.3937 (4s)
2026-09-20 00:19:32  [449/500] insects_gradual rf always_nudge seed=4: 4 adaptations, 15,425 WU, acc 0.2528 (3s)
2026-09-20 00:19:35  [450/500] insects_gradual rf never_adapt seed=4: 3 adaptations, 0 WU, acc 0.2513 (3s)
2026-09-20 00:19:38  [451/500] insects_gradual sgd always_rebuild seed=4: 5 adaptations, 2,999,000 WU, acc 0.2423 (3s)
2026-09-20 00:19:40  [452/500] insects_gradual sgd mechanism_selector seed=4: 3 adaptations, 195,800 WU, acc 0.2352 (2s)
2026-09-20 00:19:42  [453/500] insects_gradual sgd fixed_schedule seed=4: 6 adaptations, 227,485 WU, acc 0.2777 (2s)
2026-09-20 00:19:44  [454/500] insects_gradual sgd always_nudge seed=4: 6 adaptations, 3,518 WU, acc 0.2043 (2s)
2026-09-20 00:19:46  [455/500] insects_gradual sgd never_adapt seed=4: 2 adaptations, 0 WU, acc 0.2063 (2s)
2026-09-20 00:19:47  [456/500] insects_gradual gnb always_rebuild seed=4: 4 adaptations, 3,100 WU, acc 0.5312 (2s)
2026-09-20 00:19:49  [457/500] insects_gradual gnb mechanism_selector seed=4: 3 adaptations, 2,600 WU, acc 0.5379 (2s)
2026-09-20 00:19:50  [458/500] insects_gradual gnb fixed_schedule seed=4: 3 adaptations, 2,600 WU, acc 0.5495 (2s)
2026-09-20 00:19:52  [459/500] insects_gradual gnb always_nudge seed=4: 3 adaptations, 2,400 WU, acc 0.4311 (2s)
2026-09-20 00:19:53  [460/500] insects_gradual gnb never_adapt seed=4: 3 adaptations, 0 WU, acc 0.3416 (2s)
2026-09-20 00:20:06  [461/500] insects_incremental xgb always_rebuild seed=4: 7 adaptations, 424,300 WU, acc 0.5342 (12s)
2026-09-20 00:20:14  [462/500] insects_incremental xgb mechanism_selector seed=4: 3 adaptations, 82,980 WU, acc 0.4734 (8s)
2026-09-20 00:20:22  [463/500] insects_incremental xgb fixed_schedule seed=4: 3 adaptations, 106,880 WU, acc 0.4801 (8s)
2026-09-20 00:20:30  [464/500] insects_incremental xgb always_nudge seed=4: 4 adaptations, 11,280 WU, acc 0.4381 (7s)
2026-09-20 00:20:36  [465/500] insects_incremental xgb never_adapt seed=4: 3 adaptations, 0 WU, acc 0.2201 (6s)
2026-09-20 00:20:45  [466/500] insects_incremental rf always_rebuild seed=4: 9 adaptations, 762,500 WU, acc 0.6220 (8s)
2026-09-20 00:20:51  [467/500] insects_incremental rf mechanism_selector seed=4: 4 adaptations, 303,725 WU, acc 0.5707 (6s)
2026-09-20 00:20:56  [468/500] insects_incremental rf fixed_schedule seed=4: 4 adaptations, 111,525 WU, acc 0.4802 (5s)
2026-09-20 00:21:01  [469/500] insects_incremental rf always_nudge seed=4: 4 adaptations, 15,525 WU, acc 0.2471 (5s)
2026-09-20 00:21:06  [470/500] insects_incremental rf never_adapt seed=4: 2 adaptations, 0 WU, acc 0.2160 (5s)
2026-09-20 00:21:08  [471/500] insects_incremental sgd always_rebuild seed=4: 1 adaptations, 134,000 WU, acc 0.1959 (2s)
2026-09-20 00:21:10  [472/500] insects_incremental sgd mechanism_selector seed=4: 1 adaptations, 800 WU, acc 0.2417 (2s)
2026-09-20 00:21:12  [473/500] insects_incremental sgd fixed_schedule seed=4: 1 adaptations, 800 WU, acc 0.2417 (2s)
2026-09-20 00:21:14  [474/500] insects_incremental sgd always_nudge seed=4: 1 adaptations, 800 WU, acc 0.2417 (2s)
2026-09-20 00:21:16  [475/500] insects_incremental sgd never_adapt seed=4: 1 adaptations, 0 WU, acc 0.2667 (2s)
2026-09-20 00:21:18  [476/500] insects_incremental gnb always_rebuild seed=4: 3 adaptations, 3,000 WU, acc 0.5165 (2s)
2026-09-20 00:21:20  [477/500] insects_incremental gnb mechanism_selector seed=4: 3 adaptations, 5,400 WU, acc 0.5165 (2s)
2026-09-20 00:21:21  [478/500] insects_incremental gnb fixed_schedule seed=4: 3 adaptations, 2,600 WU, acc 0.4031 (2s)
2026-09-20 00:21:23  [479/500] insects_incremental gnb always_nudge seed=4: 3 adaptations, 2,400 WU, acc 0.3009 (2s)
2026-09-20 00:21:25  [480/500] insects_incremental gnb never_adapt seed=4: 4 adaptations, 0 WU, acc 0.2059 (2s)
2026-09-20 00:22:28  [481/500] covtype xgb always_rebuild seed=4: 334 adaptations, 6,753,900 WU, acc 0.7493 (62s)
2026-09-20 00:23:00  [482/500] covtype xgb mechanism_selector seed=4: 301 adaptations, 2,130,815 WU, acc 0.6314 (33s)
2026-09-20 00:23:40  [483/500] covtype xgb fixed_schedule seed=4: 256 adaptations, 2,228,585 WU, acc 0.7747 (40s)
2026-09-20 00:25:09  [484/500] covtype xgb always_nudge seed=4: 175 adaptations, 149,295 WU, acc 0.8131 (89s)
2026-09-20 00:25:21  [485/500] covtype xgb never_adapt seed=4: 194 adaptations, 0 WU, acc 0.8262 (12s)
2026-09-20 00:27:02  [486/500] covtype rf always_rebuild seed=4: 451 adaptations, 7,654,000 WU, acc 0.7450 (101s)
2026-09-20 00:27:50  [487/500] covtype rf mechanism_selector seed=4: 328 adaptations, 3,273,125 WU, acc 0.7236 (48s)
2026-09-20 00:28:34  [488/500] covtype rf fixed_schedule seed=4: 374 adaptations, 3,056,980 WU, acc 0.8492 (44s)
2026-09-20 00:29:01  [489/500] covtype rf always_nudge seed=4: 415 adaptations, 340,090 WU, acc 0.8245 (27s)
2026-09-20 00:29:21  [490/500] covtype rf never_adapt seed=4: 379 adaptations, 0 WU, acc 0.8247 (20s)
2026-09-20 00:29:53  [491/500] covtype sgd always_rebuild seed=4: 293 adaptations, 53,781,282 WU, acc 0.6404 (32s)
2026-09-20 00:30:02  [492/500] covtype sgd mechanism_selector seed=4: 73 adaptations, 7,918,323 WU, acc 0.4249 (8s)
2026-09-20 00:30:16  [493/500] covtype sgd fixed_schedule seed=4: 257 adaptations, 17,934,399 WU, acc 0.4542 (14s)
2026-09-20 00:30:22  [494/500] covtype sgd always_nudge seed=4: 309 adaptations, 51,261 WU, acc 0.7678 (6s)
2026-09-20 00:30:26  [495/500] covtype sgd never_adapt seed=4: 323 adaptations, 0 WU, acc 0.4886 (4s)
2026-09-20 00:30:31  [496/500] covtype gnb always_rebuild seed=4: 369 adaptations, 72,660 WU, acc 0.7177 (5s)
2026-09-20 00:30:36  [497/500] covtype gnb mechanism_selector seed=4: 287 adaptations, 43,219 WU, acc 0.7178 (4s)
2026-09-20 00:30:40  [498/500] covtype gnb fixed_schedule seed=4: 293 adaptations, 55,934 WU, acc 0.7519 (4s)
2026-09-20 00:30:45  [499/500] covtype gnb always_nudge seed=4: 394 adaptations, 64,465 WU, acc 0.6680 (5s)
2026-09-20 00:30:49  [500/500] covtype gnb never_adapt seed=4: 383 adaptations, 0 WU, acc 0.4561 (4s)
2026-09-20 00:30:49  done in 78.0 min: {'planned': 500, 'ran': 500, 'failed': 0, 'skipped': 0}
