2026-10-03 23:01:17  grid: 100 runs planned, 0 already complete, 100 to run
2026-10-03 23:01:20  [1/100] elec2 xgb mechanism_selector seed=0: 63 adaptations, 441,225 WU, acc 0.7356 (3s)
2026-10-03 23:01:26  [2/100] elec2 rf mechanism_selector seed=0: 61 adaptations, 1,249,575 WU, acc 0.7529 (6s)
2026-10-03 23:01:26  [3/100] elec2 sgd mechanism_selector seed=0: 53 adaptations, 408,866 WU, acc 0.6639 (0s)
2026-10-03 23:01:26  [4/100] elec2 gnb mechanism_selector seed=0: 60 adaptations, 17,578 WU, acc 0.7105 (0s)
2026-10-03 23:01:41  [5/100] insects_abrupt xgb mechanism_selector seed=0: 17 adaptations, 736,000 WU, acc 0.5923 (14s)
2026-10-03 23:01:48  [6/100] insects_abrupt rf mechanism_selector seed=0: 15 adaptations, 624,000 WU, acc 0.5691 (6s)
2026-10-03 23:01:48  [7/100] insects_abrupt sgd mechanism_selector seed=0: 13 adaptations, 443,000 WU, acc 0.2476 (1s)
2026-10-03 23:01:49  [8/100] insects_abrupt gnb mechanism_selector seed=0: 17 adaptations, 12,233 WU, acc 0.5936 (0s)
2026-10-03 23:01:54  [9/100] insects_gradual xgb mechanism_selector seed=0: 9 adaptations, 316,000 WU, acc 0.5388 (5s)
2026-10-03 23:01:58  [10/100] insects_gradual rf mechanism_selector seed=0: 10 adaptations, 416,000 WU, acc 0.5350 (3s)
2026-10-03 23:01:58  [11/100] insects_gradual sgd mechanism_selector seed=0: 9 adaptations, 211,916 WU, acc 0.2539 (0s)
2026-10-03 23:01:58  [12/100] insects_gradual gnb mechanism_selector seed=0: 7 adaptations, 3,328 WU, acc 0.5358 (0s)
2026-10-03 23:02:10  [13/100] insects_incremental xgb mechanism_selector seed=0: 7 adaptations, 312,000 WU, acc 0.5922 (10s)
2026-10-03 23:02:14  [14/100] insects_incremental rf mechanism_selector seed=0: 6 adaptations, 208,000 WU, acc 0.5792 (5s)
2026-10-03 23:02:15  [15/100] insects_incremental sgd mechanism_selector seed=0: 0 adaptations, 0 WU, acc 0.2356 (1s)
2026-10-03 23:02:15  [16/100] insects_incremental gnb mechanism_selector seed=0: 4 adaptations, 6,200 WU, acc 0.5171 (0s)
2026-10-03 23:02:30  [17/100] covtype xgb mechanism_selector seed=0: 147 adaptations, 1,637,885 WU, acc 0.7827 (14s)
2026-10-03 23:02:45  [18/100] covtype rf mechanism_selector seed=0: 145 adaptations, 2,820,325 WU, acc 0.8709 (15s)
2026-10-03 23:02:49  [19/100] covtype sgd mechanism_selector seed=0: 249 adaptations, 2,660,609 WU, acc 0.6910 (4s)
2026-10-03 23:02:51  [20/100] covtype gnb mechanism_selector seed=0: 191 adaptations, 21,566 WU, acc 0.7495 (2s)
2026-10-03 23:02:54  [21/100] elec2 xgb mechanism_selector seed=1: 63 adaptations, 441,225 WU, acc 0.7356 (3s)
2026-10-03 23:02:59  [22/100] elec2 rf mechanism_selector seed=1: 57 adaptations, 1,401,910 WU, acc 0.7511 (6s)
2026-10-03 23:03:00  [23/100] elec2 sgd mechanism_selector seed=1: 58 adaptations, 390,171 WU, acc 0.6063 (0s)
2026-10-03 23:03:00  [24/100] elec2 gnb mechanism_selector seed=1: 60 adaptations, 17,578 WU, acc 0.7105 (0s)
2026-10-03 23:03:14  [25/100] insects_abrupt xgb mechanism_selector seed=1: 17 adaptations, 736,000 WU, acc 0.5923 (13s)
2026-10-03 23:03:20  [26/100] insects_abrupt rf mechanism_selector seed=1: 14 adaptations, 624,000 WU, acc 0.5697 (6s)
2026-10-03 23:03:21  [27/100] insects_abrupt sgd mechanism_selector seed=1: 10 adaptations, 244,726 WU, acc 0.2436 (1s)
2026-10-03 23:03:21  [28/100] insects_abrupt gnb mechanism_selector seed=1: 17 adaptations, 12,233 WU, acc 0.5936 (0s)
2026-10-03 23:03:27  [29/100] insects_gradual xgb mechanism_selector seed=1: 9 adaptations, 316,000 WU, acc 0.5388 (5s)
2026-10-03 23:03:31  [30/100] insects_gradual rf mechanism_selector seed=1: 10 adaptations, 416,000 WU, acc 0.5373 (3s)
2026-10-03 23:03:31  [31/100] insects_gradual sgd mechanism_selector seed=1: 7 adaptations, 95,596 WU, acc 0.1929 (0s)
2026-10-03 23:03:31  [32/100] insects_gradual gnb mechanism_selector seed=1: 7 adaptations, 3,328 WU, acc 0.5358 (0s)
2026-10-03 23:03:42  [33/100] insects_incremental xgb mechanism_selector seed=1: 7 adaptations, 312,000 WU, acc 0.5922 (10s)
2026-10-03 23:03:46  [34/100] insects_incremental rf mechanism_selector seed=1: 5 adaptations, 208,000 WU, acc 0.5646 (4s)
2026-10-03 23:03:47  [35/100] insects_incremental sgd mechanism_selector seed=1: 0 adaptations, 0 WU, acc 0.1689 (1s)
2026-10-03 23:03:47  [36/100] insects_incremental gnb mechanism_selector seed=1: 4 adaptations, 6,200 WU, acc 0.5171 (0s)
2026-10-03 23:04:02  [37/100] covtype xgb mechanism_selector seed=1: 147 adaptations, 1,637,885 WU, acc 0.7827 (14s)
2026-10-03 23:04:18  [38/100] covtype rf mechanism_selector seed=1: 144 adaptations, 3,147,620 WU, acc 0.8727 (16s)
2026-10-03 23:04:23  [39/100] covtype sgd mechanism_selector seed=1: 242 adaptations, 5,164,797 WU, acc 0.6784 (5s)
2026-10-03 23:04:25  [40/100] covtype gnb mechanism_selector seed=1: 191 adaptations, 21,566 WU, acc 0.7495 (2s)
2026-10-03 23:04:28  [41/100] elec2 xgb mechanism_selector seed=2: 63 adaptations, 441,225 WU, acc 0.7356 (3s)
2026-10-03 23:04:33  [42/100] elec2 rf mechanism_selector seed=2: 54 adaptations, 1,159,795 WU, acc 0.7437 (5s)
2026-10-03 23:04:33  [43/100] elec2 sgd mechanism_selector seed=2: 53 adaptations, 716,355 WU, acc 0.6565 (0s)
2026-10-03 23:04:33  [44/100] elec2 gnb mechanism_selector seed=2: 60 adaptations, 17,578 WU, acc 0.7105 (0s)
2026-10-03 23:04:48  [45/100] insects_abrupt xgb mechanism_selector seed=2: 17 adaptations, 736,000 WU, acc 0.5923 (13s)
2026-10-03 23:04:54  [46/100] insects_abrupt rf mechanism_selector seed=2: 13 adaptations, 624,000 WU, acc 0.5682 (6s)
2026-10-03 23:04:54  [47/100] insects_abrupt sgd mechanism_selector seed=2: 13 adaptations, 701,800 WU, acc 0.2578 (1s)
2026-10-03 23:04:55  [48/100] insects_abrupt gnb mechanism_selector seed=2: 17 adaptations, 12,233 WU, acc 0.5936 (0s)
2026-10-03 23:05:01  [49/100] insects_gradual xgb mechanism_selector seed=2: 9 adaptations, 316,000 WU, acc 0.5388 (5s)
2026-10-03 23:05:04  [50/100] insects_gradual rf mechanism_selector seed=2: 10 adaptations, 416,000 WU, acc 0.5377 (3s)
2026-10-03 23:05:04  [51/100] insects_gradual sgd mechanism_selector seed=2: 6 adaptations, 216,200 WU, acc 0.2205 (0s)
2026-10-03 23:05:05  [52/100] insects_gradual gnb mechanism_selector seed=2: 7 adaptations, 3,328 WU, acc 0.5358 (0s)
2026-10-03 23:05:15  [53/100] insects_incremental xgb mechanism_selector seed=2: 7 adaptations, 312,000 WU, acc 0.5922 (9s)
2026-10-03 23:05:20  [54/100] insects_incremental rf mechanism_selector seed=2: 5 adaptations, 312,000 WU, acc 0.5646 (5s)
2026-10-03 23:05:20  [55/100] insects_incremental sgd mechanism_selector seed=2: 0 adaptations, 0 WU, acc 0.1616 (1s)
2026-10-03 23:05:20  [56/100] insects_incremental gnb mechanism_selector seed=2: 4 adaptations, 6,200 WU, acc 0.5171 (0s)
2026-10-03 23:05:35  [57/100] covtype xgb mechanism_selector seed=2: 147 adaptations, 1,637,885 WU, acc 0.7827 (14s)
2026-10-03 23:05:48  [58/100] covtype rf mechanism_selector seed=2: 150 adaptations, 2,363,725 WU, acc 0.8696 (13s)
2026-10-03 23:05:50  [59/100] covtype sgd mechanism_selector seed=2: 8 adaptations, 1,001,600 WU, acc 0.0205 (2s)
2026-10-03 23:05:52  [60/100] covtype gnb mechanism_selector seed=2: 191 adaptations, 21,566 WU, acc 0.7495 (1s)
2026-10-03 23:05:54  [61/100] elec2 xgb mechanism_selector seed=3: 63 adaptations, 441,225 WU, acc 0.7356 (2s)
2026-10-03 23:05:59  [62/100] elec2 rf mechanism_selector seed=3: 54 adaptations, 1,111,530 WU, acc 0.7447 (5s)
2026-10-03 23:05:59  [63/100] elec2 sgd mechanism_selector seed=3: 52 adaptations, 499,682 WU, acc 0.5936 (0s)
2026-10-03 23:06:00  [64/100] elec2 gnb mechanism_selector seed=3: 60 adaptations, 17,578 WU, acc 0.7105 (0s)
2026-10-03 23:06:14  [65/100] insects_abrupt xgb mechanism_selector seed=3: 17 adaptations, 736,000 WU, acc 0.5923 (13s)
2026-10-03 23:06:20  [66/100] insects_abrupt rf mechanism_selector seed=3: 15 adaptations, 624,000 WU, acc 0.5678 (6s)
2026-10-03 23:06:21  [67/100] insects_abrupt sgd mechanism_selector seed=3: 11 adaptations, 470,212 WU, acc 0.2319 (1s)
2026-10-03 23:06:21  [68/100] insects_abrupt gnb mechanism_selector seed=3: 17 adaptations, 12,233 WU, acc 0.5936 (0s)
2026-10-03 23:06:27  [69/100] insects_gradual xgb mechanism_selector seed=3: 9 adaptations, 316,000 WU, acc 0.5388 (5s)
2026-10-03 23:06:30  [70/100] insects_gradual rf mechanism_selector seed=3: 10 adaptations, 416,000 WU, acc 0.5386 (3s)
2026-10-03 23:06:31  [71/100] insects_gradual sgd mechanism_selector seed=3: 6 adaptations, 316,200 WU, acc 0.2613 (1s)
2026-10-03 23:06:31  [72/100] insects_gradual gnb mechanism_selector seed=3: 7 adaptations, 3,328 WU, acc 0.5358 (0s)
2026-10-03 23:06:41  [73/100] insects_incremental xgb mechanism_selector seed=3: 7 adaptations, 312,000 WU, acc 0.5922 (10s)
2026-10-03 23:06:46  [74/100] insects_incremental rf mechanism_selector seed=3: 8 adaptations, 312,000 WU, acc 0.5742 (5s)
2026-10-03 23:06:47  [75/100] insects_incremental sgd mechanism_selector seed=3: 1 adaptations, 0 WU, acc 0.1882 (1s)
2026-10-03 23:06:47  [76/100] insects_incremental gnb mechanism_selector seed=3: 4 adaptations, 6,200 WU, acc 0.5171 (0s)
2026-10-03 23:07:02  [77/100] covtype xgb mechanism_selector seed=3: 147 adaptations, 1,637,885 WU, acc 0.7827 (14s)
2026-10-03 23:07:15  [78/100] covtype rf mechanism_selector seed=3: 159 adaptations, 2,169,825 WU, acc 0.8471 (12s)
2026-10-03 23:07:21  [79/100] covtype sgd mechanism_selector seed=3: 222 adaptations, 7,568,324 WU, acc 0.7349 (6s)
2026-10-03 23:07:22  [80/100] covtype gnb mechanism_selector seed=3: 191 adaptations, 21,566 WU, acc 0.7495 (2s)
2026-10-03 23:07:25  [81/100] elec2 xgb mechanism_selector seed=4: 63 adaptations, 441,225 WU, acc 0.7356 (3s)
2026-10-03 23:07:33  [82/100] elec2 rf mechanism_selector seed=4: 58 adaptations, 1,578,200 WU, acc 0.7561 (8s)
2026-10-03 23:07:34  [83/100] elec2 sgd mechanism_selector seed=4: 55 adaptations, 421,696 WU, acc 0.6215 (0s)
2026-10-03 23:07:34  [84/100] elec2 gnb mechanism_selector seed=4: 60 adaptations, 17,578 WU, acc 0.7105 (0s)
2026-10-03 23:07:49  [85/100] insects_abrupt xgb mechanism_selector seed=4: 17 adaptations, 736,000 WU, acc 0.5923 (14s)
2026-10-03 23:07:54  [86/100] insects_abrupt rf mechanism_selector seed=4: 15 adaptations, 624,000 WU, acc 0.5685 (6s)
2026-10-03 23:07:55  [87/100] insects_abrupt sgd mechanism_selector seed=4: 11 adaptations, 276,180 WU, acc 0.2375 (1s)
2026-10-03 23:07:56  [88/100] insects_abrupt gnb mechanism_selector seed=4: 17 adaptations, 12,233 WU, acc 0.5936 (0s)
2026-10-03 23:08:01  [89/100] insects_gradual xgb mechanism_selector seed=4: 9 adaptations, 316,000 WU, acc 0.5388 (5s)
2026-10-03 23:08:05  [90/100] insects_gradual rf mechanism_selector seed=4: 9 adaptations, 416,000 WU, acc 0.5409 (4s)
2026-10-03 23:08:05  [91/100] insects_gradual sgd mechanism_selector seed=4: 6 adaptations, 84,600 WU, acc 0.2141 (0s)
2026-10-03 23:08:05  [92/100] insects_gradual gnb mechanism_selector seed=4: 7 adaptations, 3,328 WU, acc 0.5358 (0s)
2026-10-03 23:08:16  [93/100] insects_incremental xgb mechanism_selector seed=4: 7 adaptations, 312,000 WU, acc 0.5922 (10s)
2026-10-03 23:08:21  [94/100] insects_incremental rf mechanism_selector seed=4: 5 adaptations, 312,000 WU, acc 0.6029 (5s)
2026-10-03 23:08:21  [95/100] insects_incremental sgd mechanism_selector seed=4: 1 adaptations, 0 WU, acc 0.2667 (1s)
2026-10-03 23:08:22  [96/100] insects_incremental gnb mechanism_selector seed=4: 4 adaptations, 6,200 WU, acc 0.5171 (0s)
2026-10-03 23:08:37  [97/100] covtype xgb mechanism_selector seed=4: 147 adaptations, 1,637,885 WU, acc 0.7827 (15s)
2026-10-03 23:08:54  [98/100] covtype rf mechanism_selector seed=4: 143 adaptations, 3,019,220 WU, acc 0.8675 (16s)
2026-10-03 23:08:59  [99/100] covtype sgd mechanism_selector seed=4: 220 adaptations, 6,078,004 WU, acc 0.6862 (6s)
2026-10-03 23:09:01  [100/100] covtype gnb mechanism_selector seed=4: 191 adaptations, 21,566 WU, acc 0.7495 (2s)
2026-10-03 23:09:01  done in 7.7 min: {'planned': 100, 'ran': 100, 'failed': 0, 'skipped': 0}
