2026-10-03 19:38:26  grid: 100 runs planned, 0 already complete, 100 to run
2026-10-03 19:38:30  [1/100] elec2 xgb mechanism_selector seed=0: 38 adaptations, 1,150,415 WU, acc 0.7372 (4s)
2026-10-03 19:38:35  [2/100] elec2 rf mechanism_selector seed=0: 45 adaptations, 1,189,740 WU, acc 0.7461 (5s)
2026-10-03 19:38:36  [3/100] elec2 sgd mechanism_selector seed=0: 44 adaptations, 389,742 WU, acc 0.6169 (0s)
2026-10-03 19:38:36  [4/100] elec2 gnb mechanism_selector seed=0: 44 adaptations, 23,368 WU, acc 0.6556 (0s)
2026-10-03 19:38:51  [5/100] insects_abrupt xgb mechanism_selector seed=0: 17 adaptations, 595,900 WU, acc 0.6393 (14s)
2026-10-03 19:38:58  [6/100] insects_abrupt rf mechanism_selector seed=0: 17 adaptations, 938,175 WU, acc 0.6475 (8s)
2026-10-03 19:38:59  [7/100] insects_abrupt sgd mechanism_selector seed=0: 14 adaptations, 224,998 WU, acc 0.2377 (1s)
2026-10-03 19:38:59  [8/100] insects_abrupt gnb mechanism_selector seed=0: 12 adaptations, 5,400 WU, acc 0.5398 (0s)
2026-10-03 19:39:07  [9/100] insects_gradual xgb mechanism_selector seed=0: 10 adaptations, 375,645 WU, acc 0.6119 (7s)
2026-10-03 19:39:12  [10/100] insects_gradual rf mechanism_selector seed=0: 10 adaptations, 555,775 WU, acc 0.6296 (5s)
2026-10-03 19:39:12  [11/100] insects_gradual sgd mechanism_selector seed=0: 5 adaptations, 0 WU, acc 0.1876 (0s)
2026-10-03 19:39:12  [12/100] insects_gradual gnb mechanism_selector seed=0: 8 adaptations, 5,200 WU, acc 0.5727 (0s)
2026-10-03 19:39:22  [13/100] insects_incremental xgb mechanism_selector seed=0: 6 adaptations, 216,000 WU, acc 0.5853 (9s)
2026-10-03 19:39:28  [14/100] insects_incremental rf mechanism_selector seed=0: 7 adaptations, 416,000 WU, acc 0.5844 (6s)
2026-10-03 19:39:29  [15/100] insects_incremental sgd mechanism_selector seed=0: 0 adaptations, 0 WU, acc 0.2356 (1s)
2026-10-03 19:39:29  [16/100] insects_incremental gnb mechanism_selector seed=0: 7 adaptations, 5,755 WU, acc 0.5005 (0s)
2026-10-03 19:39:46  [17/100] covtype xgb mechanism_selector seed=0: 92 adaptations, 2,243,770 WU, acc 0.8348 (16s)
2026-10-03 19:40:00  [18/100] covtype rf mechanism_selector seed=0: 91 adaptations, 3,625,500 WU, acc 0.8725 (14s)
2026-10-03 19:40:12  [19/100] covtype sgd mechanism_selector seed=0: 114 adaptations, 17,096,866 WU, acc 0.7250 (11s)
2026-10-03 19:40:13  [20/100] covtype gnb mechanism_selector seed=0: 113 adaptations, 48,637 WU, acc 0.7379 (1s)
2026-10-03 19:40:17  [21/100] elec2 xgb mechanism_selector seed=1: 38 adaptations, 1,150,415 WU, acc 0.7372 (3s)
2026-10-03 19:40:24  [22/100] elec2 rf mechanism_selector seed=1: 43 adaptations, 1,993,440 WU, acc 0.7572 (7s)
2026-10-03 19:40:24  [23/100] elec2 sgd mechanism_selector seed=1: 41 adaptations, 546,923 WU, acc 0.6530 (0s)
2026-10-03 19:40:25  [24/100] elec2 gnb mechanism_selector seed=1: 44 adaptations, 23,368 WU, acc 0.6556 (0s)
2026-10-03 19:40:39  [25/100] insects_abrupt xgb mechanism_selector seed=1: 17 adaptations, 595,900 WU, acc 0.6393 (14s)
2026-10-03 19:40:49  [26/100] insects_abrupt rf mechanism_selector seed=1: 17 adaptations, 1,002,560 WU, acc 0.6640 (9s)
2026-10-03 19:40:50  [27/100] insects_abrupt sgd mechanism_selector seed=1: 14 adaptations, 1,340,600 WU, acc 0.2306 (1s)
2026-10-03 19:40:50  [28/100] insects_abrupt gnb mechanism_selector seed=1: 12 adaptations, 5,400 WU, acc 0.5398 (0s)
2026-10-03 19:40:58  [29/100] insects_gradual xgb mechanism_selector seed=1: 10 adaptations, 375,645 WU, acc 0.6119 (7s)
2026-10-03 19:41:02  [30/100] insects_gradual rf mechanism_selector seed=1: 10 adaptations, 555,775 WU, acc 0.6286 (4s)
2026-10-03 19:41:02  [31/100] insects_gradual sgd mechanism_selector seed=1: 7 adaptations, 130,086 WU, acc 0.1925 (0s)
2026-10-03 19:41:02  [32/100] insects_gradual gnb mechanism_selector seed=1: 8 adaptations, 5,200 WU, acc 0.5727 (0s)
2026-10-03 19:41:12  [33/100] insects_incremental xgb mechanism_selector seed=1: 6 adaptations, 216,000 WU, acc 0.5853 (9s)
2026-10-03 19:41:19  [34/100] insects_incremental rf mechanism_selector seed=1: 9 adaptations, 728,000 WU, acc 0.6329 (7s)
2026-10-03 19:41:19  [35/100] insects_incremental sgd mechanism_selector seed=1: 0 adaptations, 0 WU, acc 0.1689 (1s)
2026-10-03 19:41:20  [36/100] insects_incremental gnb mechanism_selector seed=1: 7 adaptations, 5,755 WU, acc 0.5005 (0s)
2026-10-03 19:41:37  [37/100] covtype xgb mechanism_selector seed=1: 92 adaptations, 2,243,770 WU, acc 0.8348 (16s)
2026-10-03 19:41:51  [38/100] covtype rf mechanism_selector seed=1: 82 adaptations, 3,415,845 WU, acc 0.8721 (14s)
2026-10-03 19:41:59  [39/100] covtype sgd mechanism_selector seed=1: 124 adaptations, 12,840,966 WU, acc 0.6229 (8s)
2026-10-03 19:42:00  [40/100] covtype gnb mechanism_selector seed=1: 113 adaptations, 48,637 WU, acc 0.7379 (1s)
2026-10-03 19:42:04  [41/100] elec2 xgb mechanism_selector seed=2: 38 adaptations, 1,150,415 WU, acc 0.7372 (3s)
2026-10-03 19:42:09  [42/100] elec2 rf mechanism_selector seed=2: 41 adaptations, 1,341,160 WU, acc 0.7367 (5s)
2026-10-03 19:42:10  [43/100] elec2 sgd mechanism_selector seed=2: 44 adaptations, 792,163 WU, acc 0.6761 (0s)
2026-10-03 19:42:10  [44/100] elec2 gnb mechanism_selector seed=2: 44 adaptations, 23,368 WU, acc 0.6556 (0s)
2026-10-03 19:42:24  [45/100] insects_abrupt xgb mechanism_selector seed=2: 17 adaptations, 595,900 WU, acc 0.6393 (13s)
2026-10-03 19:42:33  [46/100] insects_abrupt rf mechanism_selector seed=2: 18 adaptations, 1,105,725 WU, acc 0.6696 (8s)
2026-10-03 19:42:34  [47/100] insects_abrupt sgd mechanism_selector seed=2: 11 adaptations, 182,968 WU, acc 0.2266 (1s)
2026-10-03 19:42:34  [48/100] insects_abrupt gnb mechanism_selector seed=2: 12 adaptations, 5,400 WU, acc 0.5398 (0s)
2026-10-03 19:42:41  [49/100] insects_gradual xgb mechanism_selector seed=2: 10 adaptations, 375,645 WU, acc 0.6119 (7s)
2026-10-03 19:42:45  [50/100] insects_gradual rf mechanism_selector seed=2: 10 adaptations, 555,775 WU, acc 0.6275 (4s)
2026-10-03 19:42:45  [51/100] insects_gradual sgd mechanism_selector seed=2: 7 adaptations, 65,420 WU, acc 0.2086 (0s)
2026-10-03 19:42:45  [52/100] insects_gradual gnb mechanism_selector seed=2: 8 adaptations, 5,200 WU, acc 0.5727 (0s)
2026-10-03 19:42:56  [53/100] insects_incremental xgb mechanism_selector seed=2: 6 adaptations, 216,000 WU, acc 0.5853 (9s)
2026-10-03 19:43:01  [54/100] insects_incremental rf mechanism_selector seed=2: 6 adaptations, 312,000 WU, acc 0.5652 (5s)
2026-10-03 19:43:01  [55/100] insects_incremental sgd mechanism_selector seed=2: 0 adaptations, 0 WU, acc 0.1616 (1s)
2026-10-03 19:43:01  [56/100] insects_incremental gnb mechanism_selector seed=2: 7 adaptations, 5,755 WU, acc 0.5005 (0s)
2026-10-03 19:43:19  [57/100] covtype xgb mechanism_selector seed=2: 92 adaptations, 2,243,770 WU, acc 0.8348 (16s)
2026-10-03 19:43:36  [58/100] covtype rf mechanism_selector seed=2: 77 adaptations, 4,186,585 WU, acc 0.8850 (17s)
2026-10-03 19:43:42  [59/100] covtype sgd mechanism_selector seed=2: 123 adaptations, 8,187,209 WU, acc 0.6039 (6s)
2026-10-03 19:43:43  [60/100] covtype gnb mechanism_selector seed=2: 113 adaptations, 48,637 WU, acc 0.7379 (1s)
2026-10-03 19:43:47  [61/100] elec2 xgb mechanism_selector seed=3: 38 adaptations, 1,150,415 WU, acc 0.7372 (4s)
2026-10-03 19:43:54  [62/100] elec2 rf mechanism_selector seed=3: 33 adaptations, 1,510,760 WU, acc 0.7590 (7s)
2026-10-03 19:43:54  [63/100] elec2 sgd mechanism_selector seed=3: 40 adaptations, 380,529 WU, acc 0.6620 (0s)
2026-10-03 19:43:55  [64/100] elec2 gnb mechanism_selector seed=3: 44 adaptations, 23,368 WU, acc 0.6556 (0s)
2026-10-03 19:44:13  [65/100] insects_abrupt xgb mechanism_selector seed=3: 17 adaptations, 595,900 WU, acc 0.6393 (17s)
2026-10-03 19:44:22  [66/100] insects_abrupt rf mechanism_selector seed=3: 17 adaptations, 936,000 WU, acc 0.6606 (9s)
2026-10-03 19:44:23  [67/100] insects_abrupt sgd mechanism_selector seed=3: 12 adaptations, 218,000 WU, acc 0.2460 (1s)
2026-10-03 19:44:23  [68/100] insects_abrupt gnb mechanism_selector seed=3: 12 adaptations, 5,400 WU, acc 0.5398 (0s)
2026-10-03 19:44:31  [69/100] insects_gradual xgb mechanism_selector seed=3: 10 adaptations, 375,645 WU, acc 0.6119 (7s)
2026-10-03 19:44:35  [70/100] insects_gradual rf mechanism_selector seed=3: 10 adaptations, 555,775 WU, acc 0.6297 (4s)
2026-10-03 19:44:36  [71/100] insects_gradual sgd mechanism_selector seed=3: 6 adaptations, 800 WU, acc 0.1628 (0s)
2026-10-03 19:44:36  [72/100] insects_gradual gnb mechanism_selector seed=3: 8 adaptations, 5,200 WU, acc 0.5727 (0s)
2026-10-03 19:44:47  [73/100] insects_incremental xgb mechanism_selector seed=3: 6 adaptations, 216,000 WU, acc 0.5853 (10s)
2026-10-03 19:44:52  [74/100] insects_incremental rf mechanism_selector seed=3: 7 adaptations, 520,000 WU, acc 0.6318 (6s)
2026-10-03 19:44:53  [75/100] insects_incremental sgd mechanism_selector seed=3: 1 adaptations, 0 WU, acc 0.1882 (1s)
2026-10-03 19:44:53  [76/100] insects_incremental gnb mechanism_selector seed=3: 7 adaptations, 5,755 WU, acc 0.5005 (0s)
2026-10-03 19:45:11  [77/100] covtype xgb mechanism_selector seed=3: 92 adaptations, 2,243,770 WU, acc 0.8348 (17s)
2026-10-03 19:45:27  [78/100] covtype rf mechanism_selector seed=3: 77 adaptations, 3,839,665 WU, acc 0.8786 (16s)
2026-10-03 19:45:36  [79/100] covtype sgd mechanism_selector seed=3: 116 adaptations, 10,891,548 WU, acc 0.5509 (9s)
2026-10-03 19:45:38  [80/100] covtype gnb mechanism_selector seed=3: 113 adaptations, 48,637 WU, acc 0.7379 (1s)
2026-10-03 19:45:42  [81/100] elec2 xgb mechanism_selector seed=4: 38 adaptations, 1,150,415 WU, acc 0.7372 (3s)
2026-10-03 19:45:47  [82/100] elec2 rf mechanism_selector seed=4: 38 adaptations, 1,308,720 WU, acc 0.7398 (6s)
2026-10-03 19:45:47  [83/100] elec2 sgd mechanism_selector seed=4: 39 adaptations, 403,137 WU, acc 0.6488 (0s)
2026-10-03 19:45:48  [84/100] elec2 gnb mechanism_selector seed=4: 44 adaptations, 23,368 WU, acc 0.6556 (0s)
2026-10-03 19:46:03  [85/100] insects_abrupt xgb mechanism_selector seed=4: 17 adaptations, 595,900 WU, acc 0.6393 (14s)
2026-10-03 19:46:11  [86/100] insects_abrupt rf mechanism_selector seed=4: 18 adaptations, 1,049,150 WU, acc 0.6586 (9s)
2026-10-03 19:46:12  [87/100] insects_abrupt sgd mechanism_selector seed=4: 13 adaptations, 212,000 WU, acc 0.2791 (1s)
2026-10-03 19:46:12  [88/100] insects_abrupt gnb mechanism_selector seed=4: 12 adaptations, 5,400 WU, acc 0.5398 (0s)
2026-10-03 19:46:20  [89/100] insects_gradual xgb mechanism_selector seed=4: 10 adaptations, 375,645 WU, acc 0.6119 (7s)
2026-10-03 19:46:24  [90/100] insects_gradual rf mechanism_selector seed=4: 10 adaptations, 555,775 WU, acc 0.6316 (4s)
2026-10-03 19:46:24  [91/100] insects_gradual sgd mechanism_selector seed=4: 6 adaptations, 126,600 WU, acc 0.2398 (0s)
2026-10-03 19:46:25  [92/100] insects_gradual gnb mechanism_selector seed=4: 8 adaptations, 5,200 WU, acc 0.5727 (0s)
2026-10-03 19:46:36  [93/100] insects_incremental xgb mechanism_selector seed=4: 6 adaptations, 216,000 WU, acc 0.5853 (10s)
2026-10-03 19:46:41  [94/100] insects_incremental rf mechanism_selector seed=4: 5 adaptations, 388,540 WU, acc 0.6010 (5s)
2026-10-03 19:46:42  [95/100] insects_incremental sgd mechanism_selector seed=4: 1 adaptations, 0 WU, acc 0.2667 (1s)
2026-10-03 19:46:42  [96/100] insects_incremental gnb mechanism_selector seed=4: 7 adaptations, 5,755 WU, acc 0.5005 (0s)
2026-10-03 19:46:59  [97/100] covtype xgb mechanism_selector seed=4: 92 adaptations, 2,243,770 WU, acc 0.8348 (16s)
2026-10-03 19:47:14  [98/100] covtype rf mechanism_selector seed=4: 76 adaptations, 3,541,620 WU, acc 0.8717 (15s)
2026-10-03 19:47:25  [99/100] covtype sgd mechanism_selector seed=4: 109 adaptations, 17,850,442 WU, acc 0.6908 (12s)
2026-10-03 19:47:27  [100/100] covtype gnb mechanism_selector seed=4: 113 adaptations, 48,637 WU, acc 0.7379 (1s)
2026-10-03 19:47:27  done in 9.0 min: {'planned': 100, 'ran': 100, 'failed': 0, 'skipped': 0}
