2026-09-17 21:48:08  grid: 150 runs planned, 0 already complete, 150 to run
2026-09-17 21:48:25  [1/150] elec2 rf always_rebuild seed=0: 59 adaptations, 3,468,000 WU, acc 0.7388 (17s)
2026-09-17 21:48:36  [2/150] elec2 rf mechanism_selector seed=0: 52 adaptations, 1,737,105 WU, acc 0.6971 (11s)
2026-09-17 21:48:44  [3/150] elec2 rf fixed_schedule seed=0: 71 adaptations, 1,282,310 WU, acc 0.7385 (8s)
2026-09-17 21:48:45  [4/150] elec2 sgd always_rebuild seed=0: 61 adaptations, 2,279,084 WU, acc 0.6619 (1s)
2026-09-17 21:48:45  [5/150] elec2 sgd mechanism_selector seed=0: 52 adaptations, 759,753 WU, acc 0.6240 (0s)
2026-09-17 21:48:46  [6/150] elec2 sgd fixed_schedule seed=0: 55 adaptations, 580,910 WU, acc 0.6265 (0s)
2026-09-17 21:48:54  [7/150] insects_abrupt rf always_rebuild seed=0: 10 adaptations, 986,400 WU, acc 0.5697 (7s)
2026-09-17 21:49:01  [8/150] insects_abrupt rf mechanism_selector seed=0: 10 adaptations, 740,800 WU, acc 0.4886 (7s)
2026-09-17 21:49:05  [9/150] insects_abrupt rf fixed_schedule seed=0: 9 adaptations, 236,800 WU, acc 0.3998 (4s)
2026-09-17 21:49:06  [10/150] insects_abrupt sgd always_rebuild seed=0: 10 adaptations, 1,915,448 WU, acc 0.2156 (1s)
2026-09-17 21:49:07  [11/150] insects_abrupt sgd mechanism_selector seed=0: 11 adaptations, 161,355 WU, acc 0.1960 (1s)
2026-09-17 21:49:08  [12/150] insects_abrupt sgd fixed_schedule seed=0: 9 adaptations, 2,117,800 WU, acc 0.2231 (1s)
2026-09-17 21:49:12  [13/150] insects_gradual rf always_rebuild seed=0: 7 adaptations, 544,000 WU, acc 0.4913 (4s)
2026-09-17 21:49:16  [14/150] insects_gradual rf mechanism_selector seed=0: 7 adaptations, 454,460 WU, acc 0.4793 (4s)
2026-09-17 21:49:18  [15/150] insects_gradual rf fixed_schedule seed=0: 6 adaptations, 212,350 WU, acc 0.2833 (2s)
2026-09-17 21:49:19  [16/150] insects_gradual sgd always_rebuild seed=0: 6 adaptations, 3,454,000 WU, acc 0.2124 (1s)
2026-09-17 21:49:20  [17/150] insects_gradual sgd mechanism_selector seed=0: 6 adaptations, 800 WU, acc 0.1822 (0s)
2026-09-17 21:49:20  [18/150] insects_gradual sgd fixed_schedule seed=0: 7 adaptations, 1,095,677 WU, acc 0.2631 (1s)
2026-09-17 21:49:28  [19/150] insects_incremental rf always_rebuild seed=0: 7 adaptations, 700,000 WU, acc 0.6232 (6s)
2026-09-17 21:49:35  [20/150] insects_incremental rf mechanism_selector seed=0: 7 adaptations, 728,000 WU, acc 0.6232 (7s)
2026-09-17 21:49:38  [21/150] insects_incremental rf fixed_schedule seed=0: 4 adaptations, 112,000 WU, acc 0.4054 (4s)
2026-09-17 21:49:39  [22/150] insects_incremental sgd always_rebuild seed=0: 0 adaptations, 0 WU, acc 0.2356 (1s)
2026-09-17 21:49:40  [23/150] insects_incremental sgd mechanism_selector seed=0: 0 adaptations, 0 WU, acc 0.2356 (1s)
2026-09-17 21:49:40  [24/150] insects_incremental sgd fixed_schedule seed=0: 0 adaptations, 0 WU, acc 0.2356 (1s)
2026-09-17 21:50:07  [25/150] covtype rf always_rebuild seed=0: 95 adaptations, 6,795,200 WU, acc 0.8983 (26s)
2026-09-17 21:50:37  [26/150] covtype rf mechanism_selector seed=0: 125 adaptations, 6,116,960 WU, acc 0.8663 (30s)
2026-09-17 21:50:58  [27/150] covtype rf fixed_schedule seed=0: 162 adaptations, 1,909,910 WU, acc 0.8685 (20s)
2026-09-17 21:51:34  [28/150] covtype sgd always_rebuild seed=0: 264 adaptations, 64,090,208 WU, acc 0.6562 (36s)
2026-09-17 21:51:53  [29/150] covtype sgd mechanism_selector seed=0: 251 adaptations, 31,659,946 WU, acc 0.7356 (20s)
2026-09-17 21:52:09  [30/150] covtype sgd fixed_schedule seed=0: 251 adaptations, 25,354,427 WU, acc 0.7446 (16s)
2026-09-17 21:52:24  [31/150] elec2 rf always_rebuild seed=1: 60 adaptations, 3,500,000 WU, acc 0.7485 (14s)
2026-09-17 21:52:36  [32/150] elec2 rf mechanism_selector seed=1: 69 adaptations, 2,283,545 WU, acc 0.7144 (13s)
2026-09-17 21:52:44  [33/150] elec2 rf fixed_schedule seed=1: 64 adaptations, 1,254,785 WU, acc 0.7304 (7s)
2026-09-17 21:52:44  [34/150] elec2 sgd always_rebuild seed=1: 54 adaptations, 2,014,852 WU, acc 0.6535 (1s)
2026-09-17 21:52:45  [35/150] elec2 sgd mechanism_selector seed=1: 70 adaptations, 1,089,705 WU, acc 0.6092 (0s)
2026-09-17 21:52:45  [36/150] elec2 sgd fixed_schedule seed=1: 63 adaptations, 788,525 WU, acc 0.6346 (0s)
2026-09-17 21:52:54  [37/150] insects_abrupt rf always_rebuild seed=1: 10 adaptations, 919,200 WU, acc 0.5357 (7s)
2026-09-17 21:52:58  [38/150] insects_abrupt rf mechanism_selector seed=1: 9 adaptations, 224,000 WU, acc 0.5087 (4s)
2026-09-17 21:53:02  [39/150] insects_abrupt rf fixed_schedule seed=1: 10 adaptations, 240,800 WU, acc 0.3983 (4s)
2026-09-17 21:53:03  [40/150] insects_abrupt sgd always_rebuild seed=1: 8 adaptations, 2,706,000 WU, acc 0.1531 (1s)
2026-09-17 21:53:04  [41/150] insects_abrupt sgd mechanism_selector seed=1: 11 adaptations, 106,800 WU, acc 0.1837 (1s)
2026-09-17 21:53:05  [42/150] insects_abrupt sgd fixed_schedule seed=1: 9 adaptations, 355,800 WU, acc 0.1910 (1s)
2026-09-17 21:53:09  [43/150] insects_gradual rf always_rebuild seed=1: 7 adaptations, 544,000 WU, acc 0.4914 (4s)
2026-09-17 21:53:13  [44/150] insects_gradual rf mechanism_selector seed=1: 7 adaptations, 454,460 WU, acc 0.4792 (4s)
2026-09-17 21:53:15  [45/150] insects_gradual rf fixed_schedule seed=1: 6 adaptations, 212,350 WU, acc 0.2824 (2s)
2026-09-17 21:53:16  [46/150] insects_gradual sgd always_rebuild seed=1: 5 adaptations, 2,783,000 WU, acc 0.1809 (1s)
2026-09-17 21:53:17  [47/150] insects_gradual sgd mechanism_selector seed=1: 6 adaptations, 98,932 WU, acc 0.1794 (0s)
2026-09-17 21:53:17  [48/150] insects_gradual sgd fixed_schedule seed=1: 5 adaptations, 1,003,116 WU, acc 0.1860 (1s)
2026-09-17 21:53:25  [49/150] insects_incremental rf always_rebuild seed=1: 7 adaptations, 700,000 WU, acc 0.6301 (7s)
2026-09-17 21:53:31  [50/150] insects_incremental rf mechanism_selector seed=1: 6 adaptations, 524,000 WU, acc 0.6248 (6s)
2026-09-17 21:53:35  [51/150] insects_incremental rf fixed_schedule seed=1: 4 adaptations, 112,000 WU, acc 0.4048 (4s)
2026-09-17 21:53:35  [52/150] insects_incremental sgd always_rebuild seed=1: 0 adaptations, 0 WU, acc 0.1689 (1s)
2026-09-17 21:53:36  [53/150] insects_incremental sgd mechanism_selector seed=1: 0 adaptations, 0 WU, acc 0.1689 (1s)
2026-09-17 21:53:36  [54/150] insects_incremental sgd fixed_schedule seed=1: 0 adaptations, 0 WU, acc 0.1689 (1s)
2026-09-17 21:54:00  [55/150] covtype rf always_rebuild seed=1: 85 adaptations, 6,555,200 WU, acc 0.9033 (23s)
2026-09-17 21:54:25  [56/150] covtype rf mechanism_selector seed=1: 98 adaptations, 6,207,980 WU, acc 0.8994 (25s)
2026-09-17 21:54:43  [57/150] covtype rf fixed_schedule seed=1: 133 adaptations, 1,991,685 WU, acc 0.8873 (18s)
2026-09-17 21:55:10  [58/150] covtype sgd always_rebuild seed=1: 202 adaptations, 48,485,200 WU, acc 0.4159 (27s)
2026-09-17 21:55:12  [59/150] covtype sgd mechanism_selector seed=1: 11 adaptations, 1,070,547 WU, acc 0.0196 (2s)
2026-09-17 21:55:27  [60/150] covtype sgd fixed_schedule seed=1: 256 adaptations, 24,183,620 WU, acc 0.7359 (16s)
2026-09-17 21:55:43  [61/150] elec2 rf always_rebuild seed=2: 67 adaptations, 3,618,400 WU, acc 0.7324 (15s)
2026-09-17 21:55:52  [62/150] elec2 rf mechanism_selector seed=2: 64 adaptations, 1,845,435 WU, acc 0.7156 (10s)
2026-09-17 21:56:00  [63/150] elec2 rf fixed_schedule seed=2: 70 adaptations, 1,211,490 WU, acc 0.7435 (8s)
2026-09-17 21:56:01  [64/150] elec2 sgd always_rebuild seed=2: 63 adaptations, 2,283,120 WU, acc 0.6393 (1s)
2026-09-17 21:56:01  [65/150] elec2 sgd mechanism_selector seed=2: 60 adaptations, 933,325 WU, acc 0.6087 (0s)
2026-09-17 21:56:01  [66/150] elec2 sgd fixed_schedule seed=2: 60 adaptations, 658,294 WU, acc 0.6346 (0s)
2026-09-17 21:56:10  [67/150] insects_abrupt rf always_rebuild seed=2: 10 adaptations, 986,400 WU, acc 0.5773 (7s)
2026-09-17 21:56:14  [68/150] insects_abrupt rf mechanism_selector seed=2: 8 adaptations, 331,200 WU, acc 0.5215 (5s)
2026-09-17 21:56:18  [69/150] insects_abrupt rf fixed_schedule seed=2: 10 adaptations, 240,640 WU, acc 0.4053 (4s)
2026-09-17 21:56:20  [70/150] insects_abrupt sgd always_rebuild seed=2: 9 adaptations, 4,502,000 WU, acc 0.2658 (1s)
2026-09-17 21:56:20  [71/150] insects_abrupt sgd mechanism_selector seed=2: 10 adaptations, 250,400 WU, acc 0.1832 (1s)
2026-09-17 21:56:21  [72/150] insects_abrupt sgd fixed_schedule seed=2: 8 adaptations, 195,800 WU, acc 0.1949 (1s)
2026-09-17 21:56:25  [73/150] insects_gradual rf always_rebuild seed=2: 7 adaptations, 553,600 WU, acc 0.4875 (4s)
2026-09-17 21:56:28  [74/150] insects_gradual rf mechanism_selector seed=2: 7 adaptations, 354,460 WU, acc 0.4175 (3s)
2026-09-17 21:56:31  [75/150] insects_gradual rf fixed_schedule seed=2: 6 adaptations, 212,350 WU, acc 0.2803 (2s)
2026-09-17 21:56:32  [76/150] insects_gradual sgd always_rebuild seed=2: 7 adaptations, 3,493,000 WU, acc 0.2130 (1s)
2026-09-17 21:56:32  [77/150] insects_gradual sgd mechanism_selector seed=2: 6 adaptations, 805,363 WU, acc 0.2174 (1s)
2026-09-17 21:56:33  [78/150] insects_gradual sgd fixed_schedule seed=2: 6 adaptations, 1,097,396 WU, acc 0.2933 (1s)
2026-09-17 21:56:41  [79/150] insects_incremental rf always_rebuild seed=2: 7 adaptations, 700,000 WU, acc 0.6336 (6s)
2026-09-17 21:56:46  [80/150] insects_incremental rf mechanism_selector seed=2: 6 adaptations, 520,000 WU, acc 0.6103 (6s)
2026-09-17 21:56:50  [81/150] insects_incremental rf fixed_schedule seed=2: 4 adaptations, 112,000 WU, acc 0.4060 (4s)
2026-09-17 21:56:51  [82/150] insects_incremental sgd always_rebuild seed=2: 0 adaptations, 0 WU, acc 0.1616 (1s)
2026-09-17 21:56:51  [83/150] insects_incremental sgd mechanism_selector seed=2: 0 adaptations, 0 WU, acc 0.1616 (1s)
2026-09-17 21:56:52  [84/150] insects_incremental sgd fixed_schedule seed=2: 0 adaptations, 0 WU, acc 0.1616 (1s)
2026-09-17 21:57:17  [85/150] covtype rf always_rebuild seed=2: 92 adaptations, 7,038,400 WU, acc 0.9063 (25s)
2026-09-17 21:57:39  [86/150] covtype rf mechanism_selector seed=2: 109 adaptations, 4,994,310 WU, acc 0.8755 (22s)
2026-09-17 21:57:55  [87/150] covtype rf fixed_schedule seed=2: 133 adaptations, 1,731,035 WU, acc 0.8799 (16s)
2026-09-17 21:58:33  [88/150] covtype sgd always_rebuild seed=2: 283 adaptations, 66,138,016 WU, acc 0.6028 (38s)
2026-09-17 21:58:55  [89/150] covtype sgd mechanism_selector seed=2: 295 adaptations, 35,117,130 WU, acc 0.5851 (22s)
2026-09-17 21:59:11  [90/150] covtype sgd fixed_schedule seed=2: 264 adaptations, 25,251,225 WU, acc 0.7583 (16s)
2026-09-17 21:59:26  [91/150] elec2 rf always_rebuild seed=3: 69 adaptations, 3,675,200 WU, acc 0.7295 (15s)
2026-09-17 21:59:38  [92/150] elec2 rf mechanism_selector seed=3: 64 adaptations, 2,589,635 WU, acc 0.7307 (12s)
2026-09-17 21:59:46  [93/150] elec2 rf fixed_schedule seed=3: 69 adaptations, 1,353,675 WU, acc 0.7525 (8s)
2026-09-17 21:59:46  [94/150] elec2 sgd always_rebuild seed=3: 46 adaptations, 1,741,600 WU, acc 0.6281 (0s)
2026-09-17 21:59:47  [95/150] elec2 sgd mechanism_selector seed=3: 61 adaptations, 1,071,076 WU, acc 0.6380 (0s)
2026-09-17 21:59:47  [96/150] elec2 sgd fixed_schedule seed=3: 53 adaptations, 597,551 WU, acc 0.6145 (0s)
2026-09-17 21:59:56  [97/150] insects_abrupt rf always_rebuild seed=3: 10 adaptations, 986,400 WU, acc 0.5764 (8s)
2026-09-17 22:00:00  [98/150] insects_abrupt rf mechanism_selector seed=3: 9 adaptations, 224,800 WU, acc 0.5066 (4s)
2026-09-17 22:00:05  [99/150] insects_abrupt rf fixed_schedule seed=3: 9 adaptations, 236,800 WU, acc 0.3984 (4s)
2026-09-17 22:00:06  [100/150] insects_abrupt sgd always_rebuild seed=3: 10 adaptations, 2,807,392 WU, acc 0.1896 (1s)
2026-09-17 22:00:06  [101/150] insects_abrupt sgd mechanism_selector seed=3: 10 adaptations, 97,400 WU, acc 0.1986 (1s)
2026-09-17 22:00:07  [102/150] insects_abrupt sgd fixed_schedule seed=3: 10 adaptations, 330,209 WU, acc 0.2187 (1s)
2026-09-17 22:00:13  [103/150] insects_gradual rf always_rebuild seed=3: 7 adaptations, 547,200 WU, acc 0.4897 (5s)
2026-09-17 22:00:16  [104/150] insects_gradual rf mechanism_selector seed=3: 7 adaptations, 454,460 WU, acc 0.4766 (4s)
2026-09-17 22:00:19  [105/150] insects_gradual rf fixed_schedule seed=3: 6 adaptations, 212,350 WU, acc 0.2739 (2s)
2026-09-17 22:00:20  [106/150] insects_gradual sgd always_rebuild seed=3: 4 adaptations, 2,118,000 WU, acc 0.1777 (1s)
2026-09-17 22:00:20  [107/150] insects_gradual sgd mechanism_selector seed=3: 6 adaptations, 100,600 WU, acc 0.1931 (0s)
2026-09-17 22:00:21  [108/150] insects_gradual sgd fixed_schedule seed=3: 4 adaptations, 1,002,316 WU, acc 0.1672 (1s)
2026-09-17 22:00:27  [109/150] insects_incremental rf always_rebuild seed=3: 5 adaptations, 500,000 WU, acc 0.5981 (6s)
2026-09-17 22:00:33  [110/150] insects_incremental rf mechanism_selector seed=3: 5 adaptations, 520,000 WU, acc 0.5981 (6s)
2026-09-17 22:00:38  [111/150] insects_incremental rf fixed_schedule seed=3: 4 adaptations, 112,000 WU, acc 0.4087 (4s)
2026-09-17 22:00:38  [112/150] insects_incremental sgd always_rebuild seed=3: 1 adaptations, 81,000 WU, acc 0.1894 (1s)
2026-09-17 22:00:39  [113/150] insects_incremental sgd mechanism_selector seed=3: 1 adaptations, 800 WU, acc 0.2162 (1s)
2026-09-17 22:00:40  [114/150] insects_incremental sgd fixed_schedule seed=3: 1 adaptations, 800 WU, acc 0.2162 (1s)
2026-09-17 22:01:09  [115/150] covtype rf always_rebuild seed=3: 94 adaptations, 6,604,000 WU, acc 0.8988 (28s)
2026-09-17 22:01:39  [116/150] covtype rf mechanism_selector seed=3: 161 adaptations, 4,304,210 WU, acc 0.8450 (30s)
2026-09-17 22:01:57  [117/150] covtype rf fixed_schedule seed=3: 138 adaptations, 1,846,435 WU, acc 0.8791 (18s)
2026-09-17 22:02:39  [118/150] covtype sgd always_rebuild seed=3: 317 adaptations, 74,855,000 WU, acc 0.7143 (42s)
2026-09-17 22:02:52  [119/150] covtype sgd mechanism_selector seed=3: 152 adaptations, 18,606,434 WU, acc 0.4283 (12s)
2026-09-17 22:03:07  [120/150] covtype sgd fixed_schedule seed=3: 244 adaptations, 22,827,945 WU, acc 0.7159 (15s)
2026-09-17 22:03:20  [121/150] elec2 rf always_rebuild seed=4: 60 adaptations, 3,399,600 WU, acc 0.7316 (13s)
2026-09-17 22:03:32  [122/150] elec2 rf mechanism_selector seed=4: 63 adaptations, 2,105,795 WU, acc 0.7367 (11s)
2026-09-17 22:03:39  [123/150] elec2 rf fixed_schedule seed=4: 64 adaptations, 1,299,995 WU, acc 0.7412 (7s)
2026-09-17 22:03:40  [124/150] elec2 sgd always_rebuild seed=4: 49 adaptations, 1,772,416 WU, acc 0.6432 (0s)
2026-09-17 22:03:40  [125/150] elec2 sgd mechanism_selector seed=4: 43 adaptations, 971,140 WU, acc 0.6748 (0s)
2026-09-17 22:03:40  [126/150] elec2 sgd fixed_schedule seed=4: 61 adaptations, 796,824 WU, acc 0.6344 (0s)
2026-09-17 22:03:49  [127/150] insects_abrupt rf always_rebuild seed=4: 10 adaptations, 983,200 WU, acc 0.5671 (7s)
2026-09-17 22:03:53  [128/150] insects_abrupt rf mechanism_selector seed=4: 9 adaptations, 228,000 WU, acc 0.5087 (4s)
2026-09-17 22:03:57  [129/150] insects_abrupt rf fixed_schedule seed=4: 10 adaptations, 240,640 WU, acc 0.4112 (4s)
2026-09-17 22:03:59  [130/150] insects_abrupt sgd always_rebuild seed=4: 9 adaptations, 3,573,320 WU, acc 0.1856 (1s)
2026-09-17 22:03:59  [131/150] insects_abrupt sgd mechanism_selector seed=4: 7 adaptations, 2,400 WU, acc 0.2231 (1s)
2026-09-17 22:04:00  [132/150] insects_abrupt sgd fixed_schedule seed=4: 10 adaptations, 359,600 WU, acc 0.1562 (1s)
2026-09-17 22:04:05  [133/150] insects_gradual rf always_rebuild seed=4: 7 adaptations, 550,400 WU, acc 0.4909 (4s)
2026-09-17 22:04:08  [134/150] insects_gradual rf mechanism_selector seed=4: 7 adaptations, 260,605 WU, acc 0.3989 (3s)
2026-09-17 22:04:10  [135/150] insects_gradual rf fixed_schedule seed=4: 6 adaptations, 212,220 WU, acc 0.2792 (3s)
2026-09-17 22:04:11  [136/150] insects_gradual sgd always_rebuild seed=4: 6 adaptations, 3,963,000 WU, acc 0.1781 (1s)
2026-09-17 22:04:12  [137/150] insects_gradual sgd mechanism_selector seed=4: 6 adaptations, 222,800 WU, acc 0.1353 (0s)
2026-09-17 22:04:13  [138/150] insects_gradual sgd fixed_schedule seed=4: 7 adaptations, 1,121,963 WU, acc 0.2231 (1s)
2026-09-17 22:04:21  [139/150] insects_incremental rf always_rebuild seed=4: 7 adaptations, 700,000 WU, acc 0.6311 (7s)
2026-09-17 22:04:27  [140/150] insects_incremental rf mechanism_selector seed=4: 7 adaptations, 728,000 WU, acc 0.6311 (7s)
2026-09-17 22:04:31  [141/150] insects_incremental rf fixed_schedule seed=4: 4 adaptations, 112,000 WU, acc 0.4062 (4s)
2026-09-17 22:04:32  [142/150] insects_incremental sgd always_rebuild seed=4: 1 adaptations, 131,000 WU, acc 0.2412 (1s)
2026-09-17 22:04:32  [143/150] insects_incremental sgd mechanism_selector seed=4: 1 adaptations, 131,800 WU, acc 0.2412 (1s)
2026-09-17 22:04:33  [144/150] insects_incremental sgd fixed_schedule seed=4: 1 adaptations, 800 WU, acc 0.2303 (1s)
2026-09-17 22:04:58  [145/150] covtype rf always_rebuild seed=4: 88 adaptations, 6,740,800 WU, acc 0.8968 (25s)
2026-09-17 22:05:21  [146/150] covtype rf mechanism_selector seed=4: 111 adaptations, 5,338,880 WU, acc 0.8895 (23s)
2026-09-17 22:05:38  [147/150] covtype rf fixed_schedule seed=4: 138 adaptations, 1,839,185 WU, acc 0.8789 (17s)
2026-09-17 22:06:05  [148/150] covtype sgd always_rebuild seed=4: 178 adaptations, 49,696,928 WU, acc 0.5370 (27s)
2026-09-17 22:06:23  [149/150] covtype sgd mechanism_selector seed=4: 217 adaptations, 28,051,172 WU, acc 0.5496 (18s)
2026-09-17 22:06:39  [150/150] covtype sgd fixed_schedule seed=4: 253 adaptations, 26,164,706 WU, acc 0.7641 (16s)
2026-09-17 22:06:39  done in 18.5 min: {'planned': 150, 'ran': 150, 'failed': 0, 'skipped': 0}
2026-09-17 22:06:43  grid: 30 runs planned, 0 already complete, 30 to run
2026-09-17 22:06:54  [1/30] elec2 xgb always_rebuild seed=0: 74 adaptations, 3,742,400 WU, acc 0.7420 (10s)
2026-09-17 22:07:01  [2/30] elec2 xgb mechanism_selector seed=0: 71 adaptations, 2,051,495 WU, acc 0.7126 (7s)
2026-09-17 22:07:05  [3/30] elec2 xgb fixed_schedule seed=0: 52 adaptations, 1,032,595 WU, acc 0.7360 (4s)
2026-09-17 22:07:05  [4/30] elec2 gnb always_rebuild seed=0: 77 adaptations, 36,948 WU, acc 0.6811 (0s)
2026-09-17 22:07:06  [5/30] elec2 gnb mechanism_selector seed=0: 66 adaptations, 36,049 WU, acc 0.6727 (0s)
2026-09-17 22:07:06  [6/30] elec2 gnb fixed_schedule seed=0: 81 adaptations, 33,970 WU, acc 0.6893 (0s)
2026-09-17 22:07:20  [7/30] insects_abrupt xgb always_rebuild seed=0: 9 adaptations, 900,000 WU, acc 0.5604 (13s)
2026-09-17 22:07:29  [8/30] insects_abrupt xgb mechanism_selector seed=0: 11 adaptations, 476,575 WU, acc 0.4565 (9s)
2026-09-17 22:07:39  [9/30] insects_abrupt xgb fixed_schedule seed=0: 11 adaptations, 325,405 WU, acc 0.4943 (10s)
2026-09-17 22:07:39  [10/30] insects_abrupt gnb always_rebuild seed=0: 10 adaptations, 9,384 WU, acc 0.5726 (0s)
2026-09-17 22:07:40  [11/30] insects_abrupt gnb mechanism_selector seed=0: 11 adaptations, 2,728 WU, acc 0.4052 (0s)
2026-09-17 22:07:40  [12/30] insects_abrupt gnb fixed_schedule seed=0: 11 adaptations, 9,086 WU, acc 0.4175 (0s)
2026-09-17 22:07:47  [13/30] insects_gradual xgb always_rebuild seed=0: 7 adaptations, 588,800 WU, acc 0.5131 (7s)
2026-09-17 22:07:53  [14/30] insects_gradual xgb mechanism_selector seed=0: 5 adaptations, 405,855 WU, acc 0.3899 (6s)
2026-09-17 22:07:57  [15/30] insects_gradual xgb fixed_schedule seed=0: 7 adaptations, 216,350 WU, acc 0.4339 (4s)
2026-09-17 22:07:57  [16/30] insects_gradual gnb always_rebuild seed=0: 7 adaptations, 5,640 WU, acc 0.5756 (0s)
2026-09-17 22:07:58  [17/30] insects_gradual gnb mechanism_selector seed=0: 7 adaptations, 6,724 WU, acc 0.5656 (0s)
2026-09-17 22:07:58  [18/30] insects_gradual gnb fixed_schedule seed=0: 7 adaptations, 4,886 WU, acc 0.5222 (0s)
2026-09-17 22:08:19  [19/30] insects_incremental xgb always_rebuild seed=0: 5 adaptations, 500,000 WU, acc 0.6009 (21s)
2026-09-17 22:08:31  [20/30] insects_incremental xgb mechanism_selector seed=0: 4 adaptations, 316,000 WU, acc 0.5773 (12s)
2026-09-17 22:08:39  [21/30] insects_incremental xgb fixed_schedule seed=0: 5 adaptations, 116,000 WU, acc 0.5753 (7s)
2026-09-17 22:08:39  [22/30] insects_incremental gnb always_rebuild seed=0: 5 adaptations, 5,000 WU, acc 0.5485 (0s)
2026-09-17 22:08:39  [23/30] insects_incremental gnb mechanism_selector seed=0: 5 adaptations, 7,000 WU, acc 0.5420 (0s)
2026-09-17 22:08:39  [24/30] insects_incremental gnb fixed_schedule seed=0: 5 adaptations, 4,200 WU, acc 0.5276 (0s)
2026-09-17 22:09:07  [25/30] covtype xgb always_rebuild seed=0: 92 adaptations, 6,721,600 WU, acc 0.9015 (27s)
2026-09-17 22:09:34  [26/30] covtype xgb mechanism_selector seed=0: 89 adaptations, 4,595,395 WU, acc 0.8892 (27s)
2026-09-17 22:09:39  [27/30] covtype xgb fixed_schedule seed=0: 8 adaptations, 139,410 WU, acc 0.0345 (5s)
2026-09-17 22:09:41  [28/30] covtype gnb always_rebuild seed=0: 238 adaptations, 69,548 WU, acc 0.7776 (2s)
2026-09-17 22:09:43  [29/30] covtype gnb mechanism_selector seed=0: 241 adaptations, 66,495 WU, acc 0.7830 (2s)
2026-09-17 22:09:45  [30/30] covtype gnb fixed_schedule seed=0: 236 adaptations, 57,927 WU, acc 0.7781 (2s)
2026-09-17 22:09:45  done in 3.0 min: {'planned': 30, 'ran': 30, 'failed': 0, 'skipped': 0}
