2026-10-03 19:29:54  grid: 100 runs planned, 0 already complete, 100 to run
2026-10-03 19:29:59  [1/100] elec2 xgb mechanism_selector seed=0: 57 adaptations, 1,135,560 WU, acc 0.7502 (4s)
2026-10-03 19:30:05  [2/100] elec2 rf mechanism_selector seed=0: 56 adaptations, 1,384,365 WU, acc 0.7439 (6s)
2026-10-03 19:30:06  [3/100] elec2 sgd mechanism_selector seed=0: 58 adaptations, 261,842 WU, acc 0.6127 (0s)
2026-10-03 19:30:06  [4/100] elec2 gnb mechanism_selector seed=0: 67 adaptations, 25,973 WU, acc 0.6445 (0s)
2026-10-03 19:30:22  [5/100] insects_abrupt xgb mechanism_selector seed=0: 18 adaptations, 743,965 WU, acc 0.6409 (15s)
2026-10-03 19:30:30  [6/100] insects_abrupt rf mechanism_selector seed=0: 18 adaptations, 969,280 WU, acc 0.6588 (8s)
2026-10-03 19:30:31  [7/100] insects_abrupt sgd mechanism_selector seed=0: 13 adaptations, 443,000 WU, acc 0.2476 (1s)
2026-10-03 19:30:31  [8/100] insects_abrupt gnb mechanism_selector seed=0: 14 adaptations, 11,233 WU, acc 0.5509 (0s)
2026-10-03 19:30:37  [9/100] insects_gradual xgb mechanism_selector seed=0: 8 adaptations, 320,000 WU, acc 0.5334 (6s)
2026-10-03 19:30:41  [10/100] insects_gradual rf mechanism_selector seed=0: 10 adaptations, 416,000 WU, acc 0.5350 (4s)
2026-10-03 19:30:42  [11/100] insects_gradual sgd mechanism_selector seed=0: 9 adaptations, 211,916 WU, acc 0.2539 (1s)
2026-10-03 19:30:42  [12/100] insects_gradual gnb mechanism_selector seed=0: 7 adaptations, 6,128 WU, acc 0.5401 (0s)
2026-10-03 19:30:52  [13/100] insects_incremental xgb mechanism_selector seed=0: 5 adaptations, 267,900 WU, acc 0.5642 (9s)
2026-10-03 19:30:57  [14/100] insects_incremental rf mechanism_selector seed=0: 5 adaptations, 312,000 WU, acc 0.5831 (5s)
2026-10-03 19:30:58  [15/100] insects_incremental sgd mechanism_selector seed=0: 0 adaptations, 0 WU, acc 0.2356 (1s)
2026-10-03 19:30:58  [16/100] insects_incremental gnb mechanism_selector seed=0: 4 adaptations, 6,200 WU, acc 0.5171 (0s)
2026-10-03 19:31:15  [17/100] covtype xgb mechanism_selector seed=0: 149 adaptations, 1,874,350 WU, acc 0.8069 (16s)
2026-10-03 19:31:32  [18/100] covtype rf mechanism_selector seed=0: 131 adaptations, 3,304,540 WU, acc 0.8786 (17s)
2026-10-03 19:31:38  [19/100] covtype sgd mechanism_selector seed=0: 257 adaptations, 6,536,468 WU, acc 0.6875 (6s)
2026-10-03 19:31:40  [20/100] covtype gnb mechanism_selector seed=0: 198 adaptations, 41,013 WU, acc 0.7552 (2s)
2026-10-03 19:31:44  [21/100] elec2 xgb mechanism_selector seed=1: 57 adaptations, 1,135,560 WU, acc 0.7502 (4s)
2026-10-03 19:31:50  [22/100] elec2 rf mechanism_selector seed=1: 55 adaptations, 1,271,125 WU, acc 0.7601 (5s)
2026-10-03 19:31:50  [23/100] elec2 sgd mechanism_selector seed=1: 51 adaptations, 652,074 WU, acc 0.6223 (0s)
2026-10-03 19:31:50  [24/100] elec2 gnb mechanism_selector seed=1: 67 adaptations, 25,973 WU, acc 0.6445 (0s)
2026-10-03 19:32:06  [25/100] insects_abrupt xgb mechanism_selector seed=1: 18 adaptations, 743,965 WU, acc 0.6409 (14s)
2026-10-03 19:32:14  [26/100] insects_abrupt rf mechanism_selector seed=1: 19 adaptations, 969,280 WU, acc 0.6572 (8s)
2026-10-03 19:32:14  [27/100] insects_abrupt sgd mechanism_selector seed=1: 10 adaptations, 244,726 WU, acc 0.2436 (1s)
2026-10-03 19:32:15  [28/100] insects_abrupt gnb mechanism_selector seed=1: 14 adaptations, 11,233 WU, acc 0.5509 (0s)
2026-10-03 19:32:21  [29/100] insects_gradual xgb mechanism_selector seed=1: 8 adaptations, 320,000 WU, acc 0.5334 (5s)
2026-10-03 19:32:25  [30/100] insects_gradual rf mechanism_selector seed=1: 11 adaptations, 546,620 WU, acc 0.5463 (4s)
2026-10-03 19:32:25  [31/100] insects_gradual sgd mechanism_selector seed=1: 7 adaptations, 214,404 WU, acc 0.2707 (0s)
2026-10-03 19:32:25  [32/100] insects_gradual gnb mechanism_selector seed=1: 7 adaptations, 6,128 WU, acc 0.5401 (0s)
2026-10-03 19:32:36  [33/100] insects_incremental xgb mechanism_selector seed=1: 5 adaptations, 267,900 WU, acc 0.5642 (9s)
2026-10-03 19:32:43  [34/100] insects_incremental rf mechanism_selector seed=1: 8 adaptations, 728,000 WU, acc 0.6305 (7s)
2026-10-03 19:32:43  [35/100] insects_incremental sgd mechanism_selector seed=1: 0 adaptations, 0 WU, acc 0.1689 (1s)
2026-10-03 19:32:44  [36/100] insects_incremental gnb mechanism_selector seed=1: 4 adaptations, 6,200 WU, acc 0.5171 (0s)
2026-10-03 19:33:00  [37/100] covtype xgb mechanism_selector seed=1: 149 adaptations, 1,874,350 WU, acc 0.8069 (16s)
2026-10-03 19:33:17  [38/100] covtype rf mechanism_selector seed=1: 136 adaptations, 3,522,725 WU, acc 0.8553 (17s)
2026-10-03 19:33:24  [39/100] covtype sgd mechanism_selector seed=1: 232 adaptations, 6,983,746 WU, acc 0.6864 (6s)
2026-10-03 19:33:26  [40/100] covtype gnb mechanism_selector seed=1: 198 adaptations, 41,013 WU, acc 0.7552 (2s)
2026-10-03 19:33:30  [41/100] elec2 xgb mechanism_selector seed=2: 57 adaptations, 1,135,560 WU, acc 0.7502 (4s)
2026-10-03 19:33:36  [42/100] elec2 rf mechanism_selector seed=2: 56 adaptations, 1,434,350 WU, acc 0.7379 (6s)
2026-10-03 19:33:37  [43/100] elec2 sgd mechanism_selector seed=2: 52 adaptations, 641,835 WU, acc 0.6693 (0s)
2026-10-03 19:33:37  [44/100] elec2 gnb mechanism_selector seed=2: 67 adaptations, 25,973 WU, acc 0.6445 (0s)
2026-10-03 19:33:52  [45/100] insects_abrupt xgb mechanism_selector seed=2: 18 adaptations, 743,965 WU, acc 0.6409 (14s)
2026-10-03 19:33:58  [46/100] insects_abrupt rf mechanism_selector seed=2: 13 adaptations, 624,000 WU, acc 0.5682 (6s)
2026-10-03 19:33:59  [47/100] insects_abrupt sgd mechanism_selector seed=2: 13 adaptations, 701,800 WU, acc 0.2578 (1s)
2026-10-03 19:33:59  [48/100] insects_abrupt gnb mechanism_selector seed=2: 14 adaptations, 11,233 WU, acc 0.5509 (0s)
2026-10-03 19:34:05  [49/100] insects_gradual xgb mechanism_selector seed=2: 8 adaptations, 320,000 WU, acc 0.5334 (5s)
2026-10-03 19:34:08  [50/100] insects_gradual rf mechanism_selector seed=2: 10 adaptations, 416,000 WU, acc 0.5377 (3s)
2026-10-03 19:34:09  [51/100] insects_gradual sgd mechanism_selector seed=2: 6 adaptations, 216,200 WU, acc 0.2205 (0s)
2026-10-03 19:34:09  [52/100] insects_gradual gnb mechanism_selector seed=2: 7 adaptations, 6,128 WU, acc 0.5401 (0s)
2026-10-03 19:34:19  [53/100] insects_incremental xgb mechanism_selector seed=2: 5 adaptations, 267,900 WU, acc 0.5642 (9s)
2026-10-03 19:34:24  [54/100] insects_incremental rf mechanism_selector seed=2: 5 adaptations, 316,000 WU, acc 0.5716 (5s)
2026-10-03 19:34:25  [55/100] insects_incremental sgd mechanism_selector seed=2: 0 adaptations, 0 WU, acc 0.1616 (1s)
2026-10-03 19:34:25  [56/100] insects_incremental gnb mechanism_selector seed=2: 4 adaptations, 6,200 WU, acc 0.5171 (0s)
2026-10-03 19:34:42  [57/100] covtype xgb mechanism_selector seed=2: 149 adaptations, 1,874,350 WU, acc 0.8069 (16s)
2026-10-03 19:34:57  [58/100] covtype rf mechanism_selector seed=2: 148 adaptations, 2,394,680 WU, acc 0.8677 (14s)
2026-10-03 19:35:02  [59/100] covtype sgd mechanism_selector seed=2: 213 adaptations, 5,823,017 WU, acc 0.7023 (6s)
2026-10-03 19:35:04  [60/100] covtype gnb mechanism_selector seed=2: 198 adaptations, 41,013 WU, acc 0.7552 (2s)
2026-10-03 19:35:09  [61/100] elec2 xgb mechanism_selector seed=3: 57 adaptations, 1,135,560 WU, acc 0.7502 (4s)
2026-10-03 19:35:14  [62/100] elec2 rf mechanism_selector seed=3: 56 adaptations, 1,202,055 WU, acc 0.7465 (5s)
2026-10-03 19:35:14  [63/100] elec2 sgd mechanism_selector seed=3: 54 adaptations, 558,182 WU, acc 0.6741 (0s)
2026-10-03 19:35:15  [64/100] elec2 gnb mechanism_selector seed=3: 67 adaptations, 25,973 WU, acc 0.6445 (0s)
2026-10-03 19:35:30  [65/100] insects_abrupt xgb mechanism_selector seed=3: 18 adaptations, 743,965 WU, acc 0.6409 (14s)
2026-10-03 19:35:37  [66/100] insects_abrupt rf mechanism_selector seed=3: 18 adaptations, 938,170 WU, acc 0.6279 (8s)
2026-10-03 19:35:38  [67/100] insects_abrupt sgd mechanism_selector seed=3: 11 adaptations, 470,212 WU, acc 0.2319 (1s)
2026-10-03 19:35:39  [68/100] insects_abrupt gnb mechanism_selector seed=3: 14 adaptations, 11,233 WU, acc 0.5509 (0s)
2026-10-03 19:35:44  [69/100] insects_gradual xgb mechanism_selector seed=3: 8 adaptations, 320,000 WU, acc 0.5334 (5s)
2026-10-03 19:35:49  [70/100] insects_gradual rf mechanism_selector seed=3: 11 adaptations, 546,620 WU, acc 0.5491 (4s)
2026-10-03 19:35:49  [71/100] insects_gradual sgd mechanism_selector seed=3: 6 adaptations, 316,200 WU, acc 0.2613 (1s)
2026-10-03 19:35:49  [72/100] insects_gradual gnb mechanism_selector seed=3: 7 adaptations, 6,128 WU, acc 0.5401 (0s)
2026-10-03 19:36:00  [73/100] insects_incremental xgb mechanism_selector seed=3: 5 adaptations, 267,900 WU, acc 0.5642 (10s)
2026-10-03 19:36:06  [74/100] insects_incremental rf mechanism_selector seed=3: 7 adaptations, 624,000 WU, acc 0.6325 (6s)
2026-10-03 19:36:07  [75/100] insects_incremental sgd mechanism_selector seed=3: 1 adaptations, 0 WU, acc 0.1882 (1s)
2026-10-03 19:36:07  [76/100] insects_incremental gnb mechanism_selector seed=3: 4 adaptations, 6,200 WU, acc 0.5171 (0s)
2026-10-03 19:36:24  [77/100] covtype xgb mechanism_selector seed=3: 149 adaptations, 1,874,350 WU, acc 0.8069 (16s)
2026-10-03 19:36:38  [78/100] covtype rf mechanism_selector seed=3: 137 adaptations, 2,878,565 WU, acc 0.8768 (14s)
2026-10-03 19:36:43  [79/100] covtype sgd mechanism_selector seed=3: 225 adaptations, 6,943,699 WU, acc 0.7041 (6s)
2026-10-03 19:36:45  [80/100] covtype gnb mechanism_selector seed=3: 198 adaptations, 41,013 WU, acc 0.7552 (2s)
2026-10-03 19:36:49  [81/100] elec2 xgb mechanism_selector seed=4: 57 adaptations, 1,135,560 WU, acc 0.7502 (4s)
2026-10-03 19:36:54  [82/100] elec2 rf mechanism_selector seed=4: 49 adaptations, 1,070,770 WU, acc 0.7442 (5s)
2026-10-03 19:36:55  [83/100] elec2 sgd mechanism_selector seed=4: 49 adaptations, 743,763 WU, acc 0.6656 (0s)
2026-10-03 19:36:55  [84/100] elec2 gnb mechanism_selector seed=4: 67 adaptations, 25,973 WU, acc 0.6445 (0s)
2026-10-03 19:37:10  [85/100] insects_abrupt xgb mechanism_selector seed=4: 18 adaptations, 743,965 WU, acc 0.6409 (14s)
2026-10-03 19:37:17  [86/100] insects_abrupt rf mechanism_selector seed=4: 17 adaptations, 836,000 WU, acc 0.6080 (7s)
2026-10-03 19:37:18  [87/100] insects_abrupt sgd mechanism_selector seed=4: 13 adaptations, 381,208 WU, acc 0.2489 (1s)
2026-10-03 19:37:18  [88/100] insects_abrupt gnb mechanism_selector seed=4: 14 adaptations, 11,233 WU, acc 0.5509 (0s)
2026-10-03 19:37:24  [89/100] insects_gradual xgb mechanism_selector seed=4: 8 adaptations, 320,000 WU, acc 0.5334 (5s)
2026-10-03 19:37:27  [90/100] insects_gradual rf mechanism_selector seed=4: 9 adaptations, 416,000 WU, acc 0.5409 (3s)
2026-10-03 19:37:28  [91/100] insects_gradual sgd mechanism_selector seed=4: 6 adaptations, 84,600 WU, acc 0.2141 (0s)
2026-10-03 19:37:28  [92/100] insects_gradual gnb mechanism_selector seed=4: 7 adaptations, 6,128 WU, acc 0.5401 (0s)
2026-10-03 19:37:38  [93/100] insects_incremental xgb mechanism_selector seed=4: 5 adaptations, 267,900 WU, acc 0.5642 (9s)
2026-10-03 19:37:44  [94/100] insects_incremental rf mechanism_selector seed=4: 6 adaptations, 520,000 WU, acc 0.6076 (6s)
2026-10-03 19:37:45  [95/100] insects_incremental sgd mechanism_selector seed=4: 1 adaptations, 800 WU, acc 0.2412 (1s)
2026-10-03 19:37:45  [96/100] insects_incremental gnb mechanism_selector seed=4: 4 adaptations, 6,200 WU, acc 0.5171 (0s)
2026-10-03 19:38:01  [97/100] covtype xgb mechanism_selector seed=4: 149 adaptations, 1,874,350 WU, acc 0.8069 (16s)
2026-10-03 19:38:17  [98/100] covtype rf mechanism_selector seed=4: 160 adaptations, 2,718,480 WU, acc 0.8560 (16s)
2026-10-03 19:38:21  [99/100] covtype sgd mechanism_selector seed=4: 263 adaptations, 2,018,666 WU, acc 0.6271 (4s)
2026-10-03 19:38:23  [100/100] covtype gnb mechanism_selector seed=4: 198 adaptations, 41,013 WU, acc 0.7552 (2s)
2026-10-03 19:38:23  done in 8.5 min: {'planned': 100, 'ran': 100, 'failed': 0, 'skipped': 0}
