2026-10-03 23:09:04  grid: 100 runs planned, 0 already complete, 100 to run
2026-10-03 23:09:07  [1/100] elec2 xgb mechanism_selector seed=0: 39 adaptations, 796,115 WU, acc 0.7253 (3s)
2026-10-03 23:09:12  [2/100] elec2 rf mechanism_selector seed=0: 43 adaptations, 1,127,345 WU, acc 0.7470 (5s)
2026-10-03 23:09:12  [3/100] elec2 sgd mechanism_selector seed=0: 37 adaptations, 307,793 WU, acc 0.6395 (0s)
2026-10-03 23:09:13  [4/100] elec2 gnb mechanism_selector seed=0: 45 adaptations, 19,036 WU, acc 0.6502 (0s)
2026-10-03 23:09:27  [5/100] insects_abrupt xgb mechanism_selector seed=0: 17 adaptations, 595,900 WU, acc 0.6393 (13s)
2026-10-03 23:09:34  [6/100] insects_abrupt rf mechanism_selector seed=0: 17 adaptations, 992,575 WU, acc 0.6473 (8s)
2026-10-03 23:09:35  [7/100] insects_abrupt sgd mechanism_selector seed=0: 14 adaptations, 224,998 WU, acc 0.2377 (1s)
2026-10-03 23:09:35  [8/100] insects_abrupt gnb mechanism_selector seed=0: 12 adaptations, 5,400 WU, acc 0.5398 (0s)
2026-10-03 23:09:42  [9/100] insects_gradual xgb mechanism_selector seed=0: 10 adaptations, 375,645 WU, acc 0.6119 (6s)
2026-10-03 23:09:47  [10/100] insects_gradual rf mechanism_selector seed=0: 10 adaptations, 555,775 WU, acc 0.6296 (4s)
2026-10-03 23:09:47  [11/100] insects_gradual sgd mechanism_selector seed=0: 5 adaptations, 0 WU, acc 0.1876 (0s)
2026-10-03 23:09:47  [12/100] insects_gradual gnb mechanism_selector seed=0: 8 adaptations, 5,200 WU, acc 0.5727 (0s)
2026-10-03 23:09:57  [13/100] insects_incremental xgb mechanism_selector seed=0: 6 adaptations, 216,000 WU, acc 0.5853 (9s)
2026-10-03 23:10:02  [14/100] insects_incremental rf mechanism_selector seed=0: 7 adaptations, 416,000 WU, acc 0.5844 (5s)
2026-10-03 23:10:03  [15/100] insects_incremental sgd mechanism_selector seed=0: 0 adaptations, 0 WU, acc 0.2356 (1s)
2026-10-03 23:10:03  [16/100] insects_incremental gnb mechanism_selector seed=0: 6 adaptations, 4,155 WU, acc 0.4691 (0s)
2026-10-03 23:10:17  [17/100] covtype xgb mechanism_selector seed=0: 103 adaptations, 1,731,740 WU, acc 0.8216 (13s)
2026-10-03 23:10:32  [18/100] covtype rf mechanism_selector seed=0: 91 adaptations, 3,521,500 WU, acc 0.8723 (15s)
2026-10-03 23:10:42  [19/100] covtype sgd mechanism_selector seed=0: 112 adaptations, 15,303,461 WU, acc 0.7541 (10s)
2026-10-03 23:10:43  [20/100] covtype gnb mechanism_selector seed=0: 115 adaptations, 44,341 WU, acc 0.6644 (1s)
2026-10-03 23:10:46  [21/100] elec2 xgb mechanism_selector seed=1: 39 adaptations, 796,115 WU, acc 0.7253 (3s)
2026-10-03 23:10:53  [22/100] elec2 rf mechanism_selector seed=1: 43 adaptations, 1,993,440 WU, acc 0.7572 (7s)
2026-10-03 23:10:53  [23/100] elec2 sgd mechanism_selector seed=1: 38 adaptations, 226,852 WU, acc 0.5971 (0s)
2026-10-03 23:10:53  [24/100] elec2 gnb mechanism_selector seed=1: 45 adaptations, 19,036 WU, acc 0.6502 (0s)
2026-10-03 23:11:07  [25/100] insects_abrupt xgb mechanism_selector seed=1: 17 adaptations, 595,900 WU, acc 0.6393 (13s)
2026-10-03 23:11:15  [26/100] insects_abrupt rf mechanism_selector seed=1: 18 adaptations, 981,755 WU, acc 0.6650 (8s)
2026-10-03 23:11:16  [27/100] insects_abrupt sgd mechanism_selector seed=1: 14 adaptations, 1,340,600 WU, acc 0.2306 (1s)
2026-10-03 23:11:16  [28/100] insects_abrupt gnb mechanism_selector seed=1: 12 adaptations, 5,400 WU, acc 0.5398 (0s)
2026-10-03 23:11:23  [29/100] insects_gradual xgb mechanism_selector seed=1: 10 adaptations, 375,645 WU, acc 0.6119 (7s)
2026-10-03 23:11:27  [30/100] insects_gradual rf mechanism_selector seed=1: 10 adaptations, 555,775 WU, acc 0.6286 (4s)
2026-10-03 23:11:28  [31/100] insects_gradual sgd mechanism_selector seed=1: 7 adaptations, 130,086 WU, acc 0.1925 (0s)
2026-10-03 23:11:28  [32/100] insects_gradual gnb mechanism_selector seed=1: 8 adaptations, 5,200 WU, acc 0.5727 (0s)
2026-10-03 23:11:38  [33/100] insects_incremental xgb mechanism_selector seed=1: 6 adaptations, 216,000 WU, acc 0.5853 (9s)
2026-10-03 23:11:44  [34/100] insects_incremental rf mechanism_selector seed=1: 8 adaptations, 520,000 WU, acc 0.6161 (6s)
2026-10-03 23:11:44  [35/100] insects_incremental sgd mechanism_selector seed=1: 0 adaptations, 0 WU, acc 0.1689 (1s)
2026-10-03 23:11:44  [36/100] insects_incremental gnb mechanism_selector seed=1: 6 adaptations, 4,155 WU, acc 0.4691 (0s)
2026-10-03 23:11:59  [37/100] covtype xgb mechanism_selector seed=1: 103 adaptations, 1,731,740 WU, acc 0.8216 (14s)
2026-10-03 23:12:12  [38/100] covtype rf mechanism_selector seed=1: 84 adaptations, 3,399,200 WU, acc 0.8708 (13s)
2026-10-03 23:12:20  [39/100] covtype sgd mechanism_selector seed=1: 119 adaptations, 13,286,701 WU, acc 0.7411 (8s)
2026-10-03 23:12:21  [40/100] covtype gnb mechanism_selector seed=1: 115 adaptations, 44,341 WU, acc 0.6644 (1s)
2026-10-03 23:12:24  [41/100] elec2 xgb mechanism_selector seed=2: 39 adaptations, 796,115 WU, acc 0.7253 (2s)
2026-10-03 23:12:28  [42/100] elec2 rf mechanism_selector seed=2: 41 adaptations, 1,341,160 WU, acc 0.7367 (5s)
2026-10-03 23:12:29  [43/100] elec2 sgd mechanism_selector seed=2: 48 adaptations, 403,113 WU, acc 0.6774 (0s)
2026-10-03 23:12:29  [44/100] elec2 gnb mechanism_selector seed=2: 45 adaptations, 19,036 WU, acc 0.6502 (0s)
2026-10-03 23:12:42  [45/100] insects_abrupt xgb mechanism_selector seed=2: 17 adaptations, 595,900 WU, acc 0.6393 (12s)
2026-10-03 23:12:50  [46/100] insects_abrupt rf mechanism_selector seed=2: 18 adaptations, 1,105,725 WU, acc 0.6696 (8s)
2026-10-03 23:12:51  [47/100] insects_abrupt sgd mechanism_selector seed=2: 11 adaptations, 182,431 WU, acc 0.2146 (1s)
2026-10-03 23:12:51  [48/100] insects_abrupt gnb mechanism_selector seed=2: 12 adaptations, 5,400 WU, acc 0.5398 (0s)
2026-10-03 23:12:58  [49/100] insects_gradual xgb mechanism_selector seed=2: 10 adaptations, 375,645 WU, acc 0.6119 (7s)
2026-10-03 23:13:03  [50/100] insects_gradual rf mechanism_selector seed=2: 10 adaptations, 555,775 WU, acc 0.6275 (4s)
2026-10-03 23:13:03  [51/100] insects_gradual sgd mechanism_selector seed=2: 7 adaptations, 65,420 WU, acc 0.2086 (0s)
2026-10-03 23:13:03  [52/100] insects_gradual gnb mechanism_selector seed=2: 8 adaptations, 5,200 WU, acc 0.5727 (0s)
2026-10-03 23:13:13  [53/100] insects_incremental xgb mechanism_selector seed=2: 6 adaptations, 216,000 WU, acc 0.5853 (8s)
2026-10-03 23:13:17  [54/100] insects_incremental rf mechanism_selector seed=2: 6 adaptations, 312,000 WU, acc 0.5652 (5s)
2026-10-03 23:13:18  [55/100] insects_incremental sgd mechanism_selector seed=2: 0 adaptations, 0 WU, acc 0.1616 (1s)
2026-10-03 23:13:18  [56/100] insects_incremental gnb mechanism_selector seed=2: 6 adaptations, 4,155 WU, acc 0.4691 (0s)
2026-10-03 23:13:31  [57/100] covtype xgb mechanism_selector seed=2: 103 adaptations, 1,731,740 WU, acc 0.8216 (13s)
2026-10-03 23:13:45  [58/100] covtype rf mechanism_selector seed=2: 81 adaptations, 3,633,300 WU, acc 0.8788 (14s)
2026-10-03 23:13:47  [59/100] covtype sgd mechanism_selector seed=2: 131 adaptations, 513,669 WU, acc 0.4484 (2s)
2026-10-03 23:13:48  [60/100] covtype gnb mechanism_selector seed=2: 115 adaptations, 44,341 WU, acc 0.6644 (1s)
2026-10-03 23:13:51  [61/100] elec2 xgb mechanism_selector seed=3: 39 adaptations, 796,115 WU, acc 0.7253 (2s)
2026-10-03 23:13:56  [62/100] elec2 rf mechanism_selector seed=3: 35 adaptations, 1,454,185 WU, acc 0.7575 (5s)
2026-10-03 23:13:56  [63/100] elec2 sgd mechanism_selector seed=3: 43 adaptations, 392,076 WU, acc 0.6297 (0s)
2026-10-03 23:13:57  [64/100] elec2 gnb mechanism_selector seed=3: 45 adaptations, 19,036 WU, acc 0.6502 (0s)
2026-10-03 23:14:10  [65/100] insects_abrupt xgb mechanism_selector seed=3: 17 adaptations, 595,900 WU, acc 0.6393 (12s)
2026-10-03 23:14:17  [66/100] insects_abrupt rf mechanism_selector seed=3: 17 adaptations, 936,000 WU, acc 0.6606 (7s)
2026-10-03 23:14:18  [67/100] insects_abrupt sgd mechanism_selector seed=3: 12 adaptations, 218,000 WU, acc 0.2460 (1s)
2026-10-03 23:14:18  [68/100] insects_abrupt gnb mechanism_selector seed=3: 12 adaptations, 5,400 WU, acc 0.5398 (0s)
2026-10-03 23:14:24  [69/100] insects_gradual xgb mechanism_selector seed=3: 10 adaptations, 375,645 WU, acc 0.6119 (6s)
2026-10-03 23:14:28  [70/100] insects_gradual rf mechanism_selector seed=3: 10 adaptations, 499,200 WU, acc 0.6241 (4s)
2026-10-03 23:14:28  [71/100] insects_gradual sgd mechanism_selector seed=3: 6 adaptations, 800 WU, acc 0.1628 (0s)
2026-10-03 23:14:29  [72/100] insects_gradual gnb mechanism_selector seed=3: 8 adaptations, 5,200 WU, acc 0.5727 (0s)
2026-10-03 23:14:38  [73/100] insects_incremental xgb mechanism_selector seed=3: 6 adaptations, 216,000 WU, acc 0.5853 (8s)
2026-10-03 23:14:42  [74/100] insects_incremental rf mechanism_selector seed=3: 6 adaptations, 312,000 WU, acc 0.5811 (4s)
2026-10-03 23:14:43  [75/100] insects_incremental sgd mechanism_selector seed=3: 1 adaptations, 0 WU, acc 0.1882 (1s)
2026-10-03 23:14:43  [76/100] insects_incremental gnb mechanism_selector seed=3: 6 adaptations, 4,155 WU, acc 0.4691 (0s)
2026-10-03 23:14:57  [77/100] covtype xgb mechanism_selector seed=3: 103 adaptations, 1,731,740 WU, acc 0.8216 (13s)
2026-10-03 23:15:11  [78/100] covtype rf mechanism_selector seed=3: 77 adaptations, 3,839,665 WU, acc 0.8786 (14s)
2026-10-03 23:15:18  [79/100] covtype sgd mechanism_selector seed=3: 116 adaptations, 10,891,548 WU, acc 0.5509 (7s)
2026-10-03 23:15:19  [80/100] covtype gnb mechanism_selector seed=3: 115 adaptations, 44,341 WU, acc 0.6644 (1s)
2026-10-03 23:15:22  [81/100] elec2 xgb mechanism_selector seed=4: 39 adaptations, 796,115 WU, acc 0.7253 (2s)
2026-10-03 23:15:26  [82/100] elec2 rf mechanism_selector seed=4: 38 adaptations, 1,308,720 WU, acc 0.7398 (5s)
2026-10-03 23:15:26  [83/100] elec2 sgd mechanism_selector seed=4: 44 adaptations, 390,463 WU, acc 0.6269 (0s)
2026-10-03 23:15:27  [84/100] elec2 gnb mechanism_selector seed=4: 45 adaptations, 19,036 WU, acc 0.6502 (0s)
2026-10-03 23:15:40  [85/100] insects_abrupt xgb mechanism_selector seed=4: 17 adaptations, 595,900 WU, acc 0.6393 (12s)
2026-10-03 23:15:48  [86/100] insects_abrupt rf mechanism_selector seed=4: 18 adaptations, 1,049,150 WU, acc 0.6586 (8s)
2026-10-03 23:15:48  [87/100] insects_abrupt sgd mechanism_selector seed=4: 13 adaptations, 212,000 WU, acc 0.2791 (1s)
2026-10-03 23:15:49  [88/100] insects_abrupt gnb mechanism_selector seed=4: 12 adaptations, 5,400 WU, acc 0.5398 (0s)
2026-10-03 23:15:56  [89/100] insects_gradual xgb mechanism_selector seed=4: 10 adaptations, 375,645 WU, acc 0.6119 (7s)
2026-10-03 23:16:00  [90/100] insects_gradual rf mechanism_selector seed=4: 10 adaptations, 555,775 WU, acc 0.6316 (4s)
2026-10-03 23:16:00  [91/100] insects_gradual sgd mechanism_selector seed=4: 6 adaptations, 126,600 WU, acc 0.2398 (0s)
2026-10-03 23:16:00  [92/100] insects_gradual gnb mechanism_selector seed=4: 8 adaptations, 5,200 WU, acc 0.5727 (0s)
2026-10-03 23:16:10  [93/100] insects_incremental xgb mechanism_selector seed=4: 6 adaptations, 216,000 WU, acc 0.5853 (9s)
2026-10-03 23:16:15  [94/100] insects_incremental rf mechanism_selector seed=4: 7 adaptations, 312,000 WU, acc 0.5624 (5s)
2026-10-03 23:16:15  [95/100] insects_incremental sgd mechanism_selector seed=4: 1 adaptations, 0 WU, acc 0.2667 (1s)
2026-10-03 23:16:15  [96/100] insects_incremental gnb mechanism_selector seed=4: 6 adaptations, 4,155 WU, acc 0.4691 (0s)
2026-10-03 23:16:30  [97/100] covtype xgb mechanism_selector seed=4: 103 adaptations, 1,731,740 WU, acc 0.8216 (14s)
2026-10-03 23:16:45  [98/100] covtype rf mechanism_selector seed=4: 74 adaptations, 3,641,620 WU, acc 0.8690 (15s)
2026-10-03 23:16:50  [99/100] covtype sgd mechanism_selector seed=4: 116 adaptations, 6,753,423 WU, acc 0.7175 (6s)
2026-10-03 23:16:52  [100/100] covtype gnb mechanism_selector seed=4: 115 adaptations, 44,341 WU, acc 0.6644 (1s)
2026-10-03 23:16:52  done in 7.8 min: {'planned': 100, 'ran': 100, 'failed': 0, 'skipped': 0}
